06-03 20:24:10.703 20891 20926 W RcsClientLib: 	at evj.run(PG:52)
06-03 20:24:10.703 20891 20926 W RcsClientLib: 	at java.lang.Thread.run(Thread.java:919)
06-03 20:24:10.703 20891 20926 I RcsClientLib: Disconnecting TransportControlService
06-03 20:24:10.704 20891 20926 W RcsClientLib: Unexpected error when trying to unbind com.google.android.ims.rcsservice.transportcontrol.ITransportControl: Service not registered: sku@738b21f
06-03 20:24:10.705 20891 20926 W RcsClientLib: java.lang.IllegalArgumentException: Service not registered: sku@738b21f
06-03 20:24:10.705 20891 20926 W RcsClientLib: 	at android.app.LoadedApk.forgetServiceDispatcher(LoadedApk.java:1751)
06-03 20:24:10.705 20891 20926 W RcsClientLib: 	at android.app.ContextImpl.unbindService(ContextImpl.java:1777)
06-03 20:24:10.705 20891 20926 W RcsClientLib: 	at android.content.ContextWrapper.unbindService(ContextWrapper.java:741)
06-03 20:24:10.705 20891 20926 W RcsClientLib: 	at sks.g(PG:1)
06-03 20:24:10.705 20891 20926 W RcsClientLib: 	at sks.disconnect(PG:2)
06-03 20:24:10.705 20891 20926 W RcsClientLib: 	at jmy.p(PG:10)
06-03 20:24:10.705 20891 20926 W RcsClientLib: 	at com.google.android.apps.messaging.rcsmigration.RcsStateProvider.lambda$onMigrationComplete$0$com-google-android-apps-messaging-rcsmigration-RcsStateProvider(PG:5)
06-03 20:24:10.705 20891 20926 W RcsClientLib: 	at dsr.run(PG:64)
06-03 20:24:10.705 20891 20926 W RcsClientLib: 	at tmh.run(PG:2)
06-03 20:24:10.705 20891 20926 W RcsClientLib: 	at java.util.concurrent.Executors$RunnableAdapter.call(Executors.java:462)
06-03 20:24:10.705 20891 20926 W RcsClientLib: 	at vkk.a(PG:1)
06-03 20:24:10.705 20891 20926 W RcsClientLib: 	at vjr.run(PG:4)
06-03 20:24:10.705 20891 20926 W RcsClientLib: 	at vkl.run(PG:1)
06-03 20:24:10.705 20891 20926 W RcsClientLib: 	at qfo.run(PG:5)
06-03 20:24:10.705 20891 20926 W RcsClientLib: 	at java.util.concurrent.ThreadPoolExecutor.runWorker(ThreadPoolExecutor.java:1167)
06-03 20:24:10.705 20891 20926 W RcsClientLib: 	at java.util.concurrent.ThreadPoolExecutor$Worker.run(ThreadPoolExecutor.java:641)
06-03 20:24:10.705 20891 20926 W RcsClientLib: 	at phm.run(PG:27)
06-03 20:24:10.705 20891 20926 W RcsClientLib: 	at evj.run(PG:52)
06-03 20:24:10.705 20891 20926 W RcsClientLib: 	at java.lang.Thread.run(Thread.java:919)
06-03 20:24:10.706 20891 20926 W BugleRcs: disconnecting from all Rcs Services
06-03 20:24:10.709 20891 20926 I BugleRcsEngine: [1574] RcsStateProvider.lambda$onMigrationComplete$0$com-google-android-apps-messaging-rcsmigration-RcsStateProvider: JibeService stopped: false
06-03 20:24:10.709 20891 20926 I RcsClientLib: Connecting ChatSessionService
06-03 20:24:10.715 20891 20926 I RcsClientLib: shouldUseCarrierServicesJibeService: true, CarrierServices rcs service found: true
06-03 20:24:10.723 20891 20926 I RcsClientLib: Connecting EventService
06-03 20:24:10.733 20891 20926 I RcsClientLib: shouldUseCarrierServicesJibeService: true, CarrierServices rcs service found: true
06-03 20:24:10.736 20891 20891 I RcsClientLib: com.google.android.rcs.client.chatsession.ChatSessionService connected
06-03 20:24:10.736 20891 20891 I BugleRcs: com.google.android.rcs.client.chatsession.ChatSessionService RCS service connected
06-03 20:24:10.739 20891 20926 I RcsClientLib: Connecting ContactsService
06-03 20:24:10.752 20891 20891 I RcsClientLib: com.google.android.rcs.client.events.EventService connected
06-03 20:24:10.754 20891 20891 I BugleRcs: com.google.android.rcs.client.events.EventService RCS service connected
06-03 20:24:10.756 20891 20926 I RcsClientLib: shouldUseCarrierServicesJibeService: true, CarrierServices rcs service found: true
06-03 20:24:10.760 20891 20926 I RcsClientLib: Connecting FileTransferService
06-03 20:24:10.771 20891 20926 I RcsClientLib: shouldUseCarrierServicesJibeService: true, CarrierServices rcs service found: true
06-03 20:24:10.771 20891 20891 I RcsClientLib: com.google.android.rcs.client.contacts.ContactsService connected
06-03 20:24:10.775 20891 20891 I BugleRcs: com.google.android.rcs.client.contacts.ContactsService RCS service connected
06-03 20:24:10.779 20891 20926 I RcsClientLib: Connecting LocationSharingService
06-03 20:24:10.786 20891 20926 I RcsClientLib: shouldUseCarrierServicesJibeService: true, CarrierServices rcs service found: true
06-03 20:24:10.787 20891 20891 I RcsClientLib: com.google.android.rcs.client.filetransfer.FileTransferService connected
06-03 20:24:10.787 20891 20891 I BugleRcs: com.google.android.rcs.client.filetransfer.FileTransferService RCS service connected
06-03 20:24:10.793 20891 20926 I RcsClientLib: Connecting ImsConnectionTrackerService
06-03 20:24:10.801 20891 20926 I RcsClientLib: shouldUseCarrierServicesJibeService: true, CarrierServices rcs service found: true
06-03 20:24:10.801 20891 20891 I RcsClientLib: com.google.android.rcs.client.locationsharing.LocationSharingService connected
06-03 20:24:10.802 20891 20891 I BugleRcs: com.google.android.rcs.client.locationsharing.LocationSharingService RCS service connected
06-03 20:24:10.804 20891 20926 I RcsClientLib: Connecting RcsProfileService
06-03 20:24:10.809 20891 20926 I RcsClientLib: shouldUseCarrierServicesJibeService: true, CarrierServices rcs service found: true
06-03 20:24:10.814 20891 20891 I RcsClientLib: com.google.android.rcs.client.ims.ImsConnectionTrackerService connected
06-03 20:24:10.815 20891 20891 I BugleRcs: com.google.android.rcs.client.ims.ImsConnectionTrackerService RCS service connected
06-03 20:24:10.815 20891 20926 I RcsClientLib: Connecting BusinessInfoService
06-03 20:24:10.821 20891 20926 I RcsClientLib: shouldUseCarrierServicesJibeService: true, CarrierServices rcs service found: true
06-03 20:24:10.825 20891 20926 I RcsClientLib: Connecting RcsMessagingService
06-03 20:24:10.832 20891 20926 I RcsClientLib: shouldUseCarrierServicesJibeService: true, CarrierServices rcs service found: true
06-03 20:24:10.835 20891 20926 I RcsClientLib: Connecting TransportControlService
06-03 20:24:10.843 20891 20926 I RcsClientLib: shouldUseCarrierServicesJibeService: true, CarrierServices rcs service found: true
06-03 20:24:10.848 20891 20926 I BugleRcs: connecting to 10 Rcs Services
06-03 20:24:10.868 20891 20926 I RcsProvisioning: Failed to read config: no config found /data/user/0/com.google.android.apps.messaging/files/rcsconfig: open failed: ENOENT (No such file or directory)
06-03 20:24:10.873 20891 20926 W Bugle   : SubscriptionMetadataUtils get: invalid subId = -1
06-03 20:24:10.884  1198  1538 D TelephonyProvider: query: url = content://telephony/siminfo; match = 7
06-03 20:24:10.893 20891 20891 I BugleRcs: subscribing to global rcs listener
06-03 20:24:10.897 20847 20861 I CarrierServices: [1561] EventHubProxy.subscribe: Adding event listener com.google.android.ims.rcsservice.events.IEventObserver$Stub$Proxy@1c89fab for category 3 with key 29925291 for hub UI
06-03 20:24:10.901 20847 20861 I CarrierServices: [1561] EventHubProxy.subscribe: Adding event listener com.google.android.ims.rcsservice.events.IEventObserver$Stub$Proxy@c544608 for category 5 with key 206849544 for hub UI
06-03 20:24:10.904 20847 20861 I CarrierServices: [1561] EventHubProxy.subscribe: Adding event listener com.google.android.ims.rcsservice.events.IEventObserver$Stub$Proxy@f6871a1 for category 2 with key 258503073 for hub UI
06-03 20:24:10.936 20891 20926 W Bugle   : SubscriptionUtilsAsOfQ: subscriberId is empty. Does TelephonyManager have necessary permissions?
06-03 20:24:10.968   969  1073 E WifiVendorHal: getWifiLinkLayerStats_1_3_Internal(l.927) failed {.code = ERROR_NOT_SUPPORTED, .description = }
06-03 20:24:11.016 20891 20891 I RcsClientLib: com.google.android.rcs.client.profile.RcsProfileService connected
06-03 20:24:11.017 20891 20891 I BugleRcs: com.google.android.rcs.client.profile.RcsProfileService RCS service connected
06-03 20:24:11.066 20891 20891 I RcsClientLib: com.google.android.rcs.client.businessinfo.BusinessInfoService connected
06-03 20:24:11.066 20891 20891 I BugleRcs: com.google.android.rcs.client.businessinfo.BusinessInfoService RCS service connected
06-03 20:24:11.082 20891 20926 W Bugle   : SubscriptionMetadataUtils get: invalid subId = -1
06-03 20:24:11.087  1198  1538 D TelephonyProvider: query: url = content://telephony/siminfo; match = 7
06-03 20:24:11.113 20891 20891 I RcsClientLib: com.google.android.rcs.client.messaging.RcsMessagingService connected
06-03 20:24:11.113 20891 20891 I BugleRcs: com.google.android.rcs.client.messaging.RcsMessagingService RCS service connected
06-03 20:24:11.115 20891 20926 W Bugle   : SubscriptionUtilsAsOfQ: subscriberId is empty. Does TelephonyManager have necessary permissions?
06-03 20:24:11.131 20891 20926 I BugleRcsEngine: [1574] ozr.u: Deleted transfers file: false
06-03 20:24:11.138 20891 20926 I RcsProvisioning: Failed to read config: no config found /data/user/0/com.google.android.apps.messaging/files/rcsconfig: open failed: ENOENT (No such file or directory)
06-03 20:24:11.141 20891 20926 W Bugle   : SubscriptionMetadataUtils get: invalid subId = -1
06-03 20:24:11.147  1198  1538 D TelephonyProvider: query: url = content://telephony/siminfo; match = 7
06-03 20:24:11.166 20891 20891 I RcsClientLib: com.google.android.rcs.client.transportcontrol.TransportControlService connected
06-03 20:24:11.168 20891 20891 I BugleRcs: com.google.android.rcs.client.transportcontrol.TransportControlService RCS service connected
06-03 20:24:11.176 20891 20926 W Bugle   : SubscriptionUtilsAsOfQ: subscriberId is empty. Does TelephonyManager have necessary permissions?
06-03 20:24:11.320 20891 20926 D StrictMode: StrictMode policy violation: android.os.strictmode.UnbufferedIoViolation
06-03 20:24:11.320 20891 20926 D StrictMode: 	at android.os.StrictMode$AndroidBlockGuardPolicy.onUnbufferedIO(StrictMode.java:1545)
06-03 20:24:11.320 20891 20926 D StrictMode: 	at libcore.io.IoTracker.trackIo(IoTracker.java:35)
06-03 20:24:11.320 20891 20926 D StrictMode: 	at java.io.FileOutputStream.write(FileOutputStream.java:389)
06-03 20:24:11.320 20891 20926 D StrictMode: 	at java.io.ObjectOutputStream$BlockDataOutputStream.write(ObjectOutputStream.java:1934)
06-03 20:24:11.320 20891 20926 D StrictMode: 	at java.io.ObjectOutputStream.defaultWriteFields(ObjectOutputStream.java:1590)
06-03 20:24:11.320 20891 20926 D StrictMode: 	at java.io.ObjectOutputStream.writeSerialData(ObjectOutputStream.java:1565)
06-03 20:24:11.320 20891 20926 D StrictMode: 	at java.io.ObjectOutputStream.writeOrdinaryObject(ObjectOutputStream.java:1488)
06-03 20:24:11.320 20891 20926 D StrictMode: 	at java.io.ObjectOutputStream.writeObject0(ObjectOutputStream.java:1234)
06-03 20:24:11.320 20891 20926 D StrictMode: 	at java.io.ObjectOutputStream.writeObject(ObjectOutputStream.java:354)
06-03 20:24:11.320 20891 20926 D StrictMode: 	at java.util.HashMap.internalWriteEntries(HashMap.java:1789)
06-03 20:24:11.320 20891 20926 D StrictMode: 	at java.util.HashMap.writeObject(HashMap.java:1366)
06-03 20:24:11.320 20891 20926 D StrictMode: 	at java.lang.reflect.Method.invoke(Native Method)
06-03 20:24:11.320 20891 20926 D StrictMode: 	at java.io.ObjectStreamClass.invokeWriteObject(ObjectStreamClass.java:1036)
06-03 20:24:11.320 20891 20926 D StrictMode: 	at java.io.ObjectOutputStream.writeSerialData(ObjectOutputStream.java:1552)
06-03 20:24:11.320 20891 20926 D StrictMode: 	at java.io.ObjectOutputStream.writeOrdinaryObject(ObjectOutputStream.java:1488)
06-03 20:24:11.320 20891 20926 D StrictMode: 	at java.io.ObjectOutputStream.writeObject0(ObjectOutputStream.java:1234)
06-03 20:24:11.320 20891 20926 D StrictMode: 	at java.io.ObjectOutputStream.writeObject(ObjectOutputStream.java:354)
06-03 20:24:11.320 20891 20926 D StrictMode: 	at phm.run(PG:46)
06-03 20:24:11.320 20891 20926 D StrictMode: 	at pij.a(PG:17)
06-03 20:24:11.320 20891 20926 D StrictMode: 	at pil.f(PG:5)
06-03 20:24:11.320 20891 20926 D StrictMode: 	at ozr.u(PG:17)
06-03 20:24:11.320 20891 20926 D StrictMode: 	at com.google.android.apps.messaging.rcsmigration.RcsStateProvider.lambda$onMigrationComplete$0$com-google-android-apps-messaging-rcsmigration-RcsStateProvider(PG:10)
06-03 20:24:11.320 20891 20926 D StrictMode: 	at dsr.run(PG:64)
06-03 20:24:11.320 20891 20926 D StrictMode: 	at tmh.run(PG:2)
06-03 20:24:11.320 20891 20926 D StrictMode: 	at java.util.concurrent.Executors$RunnableAdapter.call(Executors.java:462)
06-03 20:24:11.320 20891 20926 D StrictMode: 	at vkk.a(PG:1)
06-03 20:24:11.320 20891 20926 D StrictMode: 	at vjr.run(PG:4)
06-03 20:24:11.320 20891 20926 D StrictMode: 	at vkl.run(PG:1)
06-03 20:24:11.320 20891 20926 D StrictMode: 	at qfo.run(PG:5)
06-03 20:24:11.320 20891 20926 D StrictMode: 	at java.util.concurrent.ThreadPoolExecutor.runWorker(ThreadPoolExecutor.java:1167)
06-03 20:24:11.320 20891 20926 D StrictMode: 	at java.util.concurrent.ThreadPoolExecutor$Worker.run(ThreadPoolExecutor.java:641)
06-03 20:24:11.320 20891 20926 D StrictMode: 	at phm.run(PG:27)
06-03 20:24:11.320 20891 20926 D StrictMode: 	at evj.run(PG:52)
06-03 20:24:11.320 20891 20926 D StrictMode: 	at java.lang.Thread.run(Thread.java:919)
06-03 20:24:11.324 20891 20926 D StrictMode: StrictMode policy violation: android.os.strictmode.UnbufferedIoViolation
06-03 20:24:11.324 20891 20926 D StrictMode: 	at android.os.StrictMode$AndroidBlockGuardPolicy.onUnbufferedIO(StrictMode.java:1545)
06-03 20:24:11.324 20891 20926 D StrictMode: 	at libcore.io.IoTracker.trackIo(IoTracker.java:35)
06-03 20:24:11.324 20891 20926 D StrictMode: 	at java.io.FileOutputStream.write(FileOutputStream.java:389)
06-03 20:24:11.324 20891 20926 D StrictMode: 	at java.io.ObjectOutputStream$BlockDataOutputStream.write(ObjectOutputStream.java:1934)
06-03 20:24:11.324 20891 20926 D StrictMode: 	at java.io.ObjectOutputStream.defaultWriteFields(ObjectOutputStream.java:1590)
06-03 20:24:11.324 20891 20926 D StrictMode: 	at java.io.ObjectOutputStream.writeSerialData(ObjectOutputStream.java:1565)
06-03 20:24:11.324 20891 20926 D StrictMode: 	at java.io.ObjectOutputStream.writeOrdinaryObject(ObjectOutputStream.java:1488)
06-03 20:24:11.324 20891 20926 D StrictMode: 	at java.io.ObjectOutputStream.writeObject0(ObjectOutputStream.java:1234)
06-03 20:24:11.324 20891 20926 D StrictMode: 	at java.io.ObjectOutputStream.writeObject(ObjectOutputStream.java:354)
06-03 20:24:11.324 20891 20926 D StrictMode: 	at java.util.HashMap.internalWriteEntries(HashMap.java:1789)
06-03 20:24:11.324 20891 20926 D StrictMode: 	at java.util.HashMap.writeObject(HashMap.java:1366)
06-03 20:24:11.324 20891 20926 D StrictMode: 	at java.lang.reflect.Method.invoke(Native Method)
06-03 20:24:11.324 20891 20926 D StrictMode: 	at java.io.ObjectStreamClass.invokeWriteObject(ObjectStreamClass.java:1036)
06-03 20:24:11.324 20891 20926 D StrictMode: 	at java.io.ObjectOutputStream.writeSerialData(ObjectOutputStream.java:1552)
06-03 20:24:11.324 20891 20926 D StrictMode: 	at java.io.ObjectOutputStream.writeOrdinaryObject(ObjectOutputStream.java:1488)
06-03 20:24:11.324 20891 20926 D StrictMode: 	at java.io.ObjectOutputStream.writeObject0(ObjectOutputStream.java:1234)
06-03 20:24:11.324 20891 20926 D StrictMode: 	at java.io.ObjectOutputStream.writeObject(ObjectOutputStream.java:354)
06-03 20:24:11.324 20891 20926 D StrictMode: 	at phm.run(PG:46)
06-03 20:24:11.324 20891 20926 D StrictMode: 	at pij.a(PG:17)
06-03 20:24:11.324 20891 20926 D StrictMode: 	at pil.f(PG:5)
06-03 20:24:11.324 20891 20926 D StrictMode: 	at ozr.u(PG:18)
06-03 20:24:11.324 20891 20926 D StrictMode: 	at com.google.android.apps.messaging.rcsmigration.RcsStateProvider.lambda$onMigrationComplete$0$com-google-android-apps-messaging-rcsmigration-RcsStateProvider(PG:10)
06-03 20:24:11.324 20891 20926 D StrictMode: 	at dsr.run(PG:64)
06-03 20:24:11.324 20891 20926 D StrictMode: 	at tmh.run(PG:2)
06-03 20:24:11.324 20891 20926 D StrictMode: 	at java.util.concurrent.Executors$RunnableAdapter.call(Executors.java:462)
06-03 20:24:11.324 20891 20926 D StrictMode: 	at vkk.a(PG:1)
06-03 20:24:11.324 20891 20926 D StrictMode: 	at vjr.run(PG:4)
06-03 20:24:11.324 20891 20926 D StrictMode: 	at vkl.run(PG:1)
06-03 20:24:11.324 20891 20926 D StrictMode: 	at qfo.run(PG:5)
06-03 20:24:11.324 20891 20926 D StrictMode: 	at java.util.concurrent.ThreadPoolExecutor.runWorker(ThreadPoolExecutor.java:1167)
06-03 20:24:11.324 20891 20926 D StrictMode: 	at java.util.concurrent.ThreadPoolExecutor$Worker.run(ThreadPoolExecutor.java:641)
06-03 20:24:11.324 20891 20926 D StrictMode: 	at phm.run(PG:27)
06-03 20:24:11.324 20891 20926 D StrictMode: 	at evj.run(PG:52)
06-03 20:24:11.324 20891 20926 D StrictMode: 	at java.lang.Thread.run(Thread.java:919)
06-03 20:24:11.352   322   878 E VT HIDL : [IVT] [VT THREAD] [VT_Bind] des = volte_imsvt1 Fail to connect . retry count: 405
06-03 20:24:11.353   322   878 D VT HIDL : [IVT] isIMCBrun : False
06-03 20:24:11.668 20891 20933 I BugleRcsEngine: [1581] ojs.l: Reinitialize CSLib Flags: com.google.android.ims.library
06-03 20:24:11.686 20891 20933 I BugleRcsEngine: [1581] oxf.d: RcsProvisioningManager: combineConfigurationWithAvailability, simId = redacted-pii:sim_id[chars:0], hasConfig = false
06-03 20:24:11.688 20891 20933 W BugleRcsEngine: [1581] oxf.e: RcsProvisioningManager: ProvisioningEngineAdapter not found for SIM redacted-pii:sim_id[chars:0]
06-03 20:24:11.689 20891 20933 I BugleRcsEngine: [1581] oxf.d: RcsProvisioningManager: combineConfigurationWithAvailability, simId = redacted-pii:sim_id[chars:0], hasConfig = false
06-03 20:24:11.691 20891 20933 W BugleRcsEngine: [1581] oxf.e: RcsProvisioningManager: ProvisioningEngineAdapter not found for SIM redacted-pii:sim_id[chars:0]
06-03 20:24:11.720 20891 20933 W BugleRcsEngine: [1581] oxf.e: RcsProvisioningManager: ProvisioningEngineAdapter not found for SIM redacted-pii:sim_id[chars:0]
06-03 20:24:11.729 20891 20928 W BugleRcsEngine: [1576] oxf.e: RcsProvisioningManager: ProvisioningEngineAdapter not found for SIM redacted-pii:sim_id[chars:0]
06-03 20:24:11.731 20891 20934 E TraceManager: Duplicate trace
06-03 20:24:11.731 20891 20934 E TraceManager: tjp: Starting new trace SharedStorageProvider#call when already associated with a trace. For more help, see http://go/tiktok-tracing#fixing-duplicate-trace-issues
06-03 20:24:11.731 20891 20934 E TraceManager: 	at tmb.g(PG:6)
06-03 20:24:11.731 20891 20934 E TraceManager: 	at tmb.c(PG:2)
06-03 20:24:11.731 20891 20934 E TraceManager: 	at tmb.b(PG:2)
06-03 20:24:11.731 20891 20934 E TraceManager: 	at tls.j(PG:1)
06-03 20:24:11.731 20891 20934 E TraceManager: 	at ide.call(PG:7)
06-03 20:24:11.731 20891 20934 E TraceManager: 	at android.content.ContentProvider.call(ContentProvider.java:2165)
06-03 20:24:11.731 20891 20934 E TraceManager: 	at ics.call(PG:2)
06-03 20:24:11.731 20891 20934 E TraceManager: 	at android.content.ContentProvider$Transport.call(ContentProvider.java:490)
06-03 20:24:11.731 20891 20934 E TraceManager: 	at android.content.ContentResolver.call(ContentResolver.java:2042)
06-03 20:24:11.731 20891 20934 E TraceManager: 	at android.content.ContentResolver.call(ContentResolver.java:2022)
06-03 20:24:11.731 20891 20934 E TraceManager: 	at piq.h(PG:9)
06-03 20:24:11.731 20891 20934 E TraceManager: 	at piq.k(PG:3)
06-03 20:24:11.731 20891 20934 E TraceManager: 	at pio.b(PG:1)
06-03 20:24:11.731 20891 20934 E TraceManager: 	at ixl.aD(PG:5)
06-03 20:24:11.731 20891 20934 E TraceManager: 	at ixl.F(PG:2)
06-03 20:24:11.731 20891 20934 E TraceManager: 	at iou.e(PG:1)
06-03 20:24:11.731 20891 20934 E TraceManager: 	at ijs.call(PG:28)
06-03 20:24:11.731 20891 20934 E TraceManager: 	at tim.a(PG:5)
06-03 20:24:11.731 20891 20934 E TraceManager: 	at tmi.a(PG:35)
06-03 20:24:11.731 20891 20934 E TraceManager: 	at vkj.a(PG:1)
06-03 20:24:11.731 20891 20934 E TraceManager: 	at vjr.run(PG:4)
06-03 20:24:11.731 20891 20934 E TraceManager: 	at vkl.run(PG:1)
06-03 20:24:11.731 20891 20934 E TraceManager: 	at qfo.run(PG:5)
06-03 20:24:11.731 20891 20934 E TraceManager: 	at java.util.concurrent.ThreadPoolExecutor.runWorker(ThreadPoolExecutor.java:1167)
06-03 20:24:11.731 20891 20934 E TraceManager: 	at java.util.concurrent.ThreadPoolExecutor$Worker.run(ThreadPoolExecutor.java:641)
06-03 20:24:11.731 20891 20934 E TraceManager: 	at poa.run(PG:149)
06-03 20:24:11.731 20891 20934 E TraceManager: 	at evj.run(PG:52)
06-03 20:24:11.731 20891 20934 E TraceManager: 	at java.lang.Thread.run(Thread.java:919)
06-03 20:24:11.731 20891 20934 E TraceManager: 	Suppressed: tmr: 
06-03 20:24:11.731 20891 20934 E TraceManager: 		at tk_trace.PhenotypeHelper#onBuglePhenotypeChanged(Unknown Source:0)
06-03 20:24:11.731 20891 20934 E TraceManager: 		at tk_trace.PhenotypeHelper#registerPhenotype(Unknown Source:0)
06-03 20:24:11.731 20891 20934 E TraceManager: 		at tk_trace.PhoneAsyncAppCreateStartupTask(Unknown Source:0)
06-03 20:24:11.731 20891 20934 E TraceManager: 		at tk_trace.StartupHandlerImpl#onApplicationCreatedInternal(Unknown Source:0)
06-03 20:24:11.731 20891 20934 E TraceManager: 		at tk_trace.StartupHandlerImpl#onApplicationCreated(Unknown Source:0)
06-03 20:24:11.731 20891 20934 E TraceManager: 		at tk_trace.Application.onCreate(Unknown Source:0)
06-03 20:24:11.731 20891 20934 E TraceManager: 		at tk_trace.Application creation(Unknown Source:0)
06-03 20:24:11.731 20891 20934 E TraceManager: 		at tk_trace.BuglePhoneApplicationBase#fetchDarkMode(Unknown Source:0)
06-03 20:24:11.736 20891 20928 W BugleRcsEngine: [1576] oxf.e: RcsProvisioningManager: ProvisioningEngineAdapter not found for SIM redacted-pii:sim_id[chars:0]
06-03 20:24:11.753 20891 20928 I BugleRcsEngine: [1576] kbu.run: RcsProvisioningManager: Notify RcsAvailabilityListener.onRcsAvailabilityUpdate kfk@a9391de on adding, SIM = redacted-pii:sim_id[chars:0], availability = 13
06-03 20:24:11.755 20891 20934 W BugleAction: Null config in BugleSharedPrefs
06-03 20:24:11.756 20891 20934 W BugleAction: Failed to get msisdn from Bugle
06-03 20:24:11.774 20847 20956 I CarrierServices: [1585] div.d: Received Provisioning Event: [Bugle information (100)]
06-03 20:24:11.778 20891 20939 E TraceManager: Duplicate trace
06-03 20:24:11.778 20891 20939 E TraceManager: tjp: Starting new trace SharedStorageProvider#call when already associated with a trace. For more help, see http://go/tiktok-tracing#fixing-duplicate-trace-issues
06-03 20:24:11.778 20891 20939 E TraceManager: 	at tmb.g(PG:6)
06-03 20:24:11.778 20891 20939 E TraceManager: 	at tmb.c(PG:2)
06-03 20:24:11.778 20891 20939 E TraceManager: 	at tmb.b(PG:2)
06-03 20:24:11.778 20891 20939 E TraceManager: 	at tls.j(PG:1)
06-03 20:24:11.778 20891 20939 E TraceManager: 	at ide.call(PG:7)
06-03 20:24:11.778 20891 20939 E TraceManager: 	at android.content.ContentProvider.call(ContentProvider.java:2165)
06-03 20:24:11.778 20891 20939 E TraceManager: 	at ics.call(PG:2)
06-03 20:24:11.778 20891 20939 E TraceManager: 	at android.content.ContentProvider$Transport.call(ContentProvider.java:490)
06-03 20:24:11.778 20891 20939 E TraceManager: 	at android.content.ContentResolver.call(ContentResolver.java:2042)
06-03 20:24:11.778 20891 20939 E TraceManager: 	at android.content.ContentResolver.call(ContentResolver.java:2022)
06-03 20:24:11.778 20891 20939 E TraceManager: 	at piq.h(PG:9)
06-03 20:24:11.778 20891 20939 E TraceManager: 	at piq.k(PG:3)
06-03 20:24:11.778 20891 20939 E TraceManager: 	at pio.b(PG:1)
06-03 20:24:11.778 20891 20939 E TraceManager: 	at ixl.aD(PG:5)
06-03 20:24:11.778 20891 20939 E TraceManager: 	at ixl.F(PG:2)
06-03 20:24:11.778 20891 20939 E TraceManager: 	at iou.e(PG:1)
06-03 20:24:11.778 20891 20939 E TraceManager: 	at ijs.call(PG:28)
06-03 20:24:11.778 20891 20939 E TraceManager: 	at tim.a(PG:5)
06-03 20:24:11.778 20891 20939 E TraceManager: 	at tmi.a(PG:35)
06-03 20:24:11.778 20891 20939 E TraceManager: 	at vkj.a(PG:1)
06-03 20:24:11.778 20891 20939 E TraceManager: 	at vjr.run(PG:4)
06-03 20:24:11.778 20891 20939 E TraceManager: 	at vkl.run(PG:1)
06-03 20:24:11.778 20891 20939 E TraceManager: 	at qfo.run(PG:5)
06-03 20:24:11.778 20891 20939 E TraceManager: 	at java.util.concurrent.ThreadPoolExecutor.runWorker(ThreadPoolExecutor.java:1167)
06-03 20:24:11.778 20891 20939 E TraceManager: 	at java.util.concurrent.ThreadPoolExecutor$Worker.run(ThreadPoolExecutor.java:641)
06-03 20:24:11.778 20891 20939 E TraceManager: 	at poa.run(PG:149)
06-03 20:24:11.778 20891 20939 E TraceManager: 	at evj.run(PG:52)
06-03 20:24:11.778 20891 20939 E TraceManager: 	at java.lang.Thread.run(Thread.java:919)
06-03 20:24:11.778 20891 20939 E TraceManager: 	Suppressed: tmr: 
06-03 20:24:11.778 20891 20939 E TraceManager: 		at tk_trace.ChatTransportController#onRcsAvailabilityUpdate(Unknown Source:0)
06-03 20:24:11.783 20891 20939 W BugleAction: Null config in BugleSharedPrefs
06-03 20:24:11.783 20847 20956 I CarrierServices: [1585] div.d: JibeService is running, passing event to provisioning engine.
06-03 20:24:11.784 20891 20939 W BugleAction: Failed to get msisdn from Bugle
06-03 20:24:11.796 20847 20956 I CarrierServices: [1585] csl.j: Handling Provisioning Event: [Bugle information (100)]
06-03 20:24:11.799 20847 20956 I CarrierServices: [1585] csv.b: RcsAvailabilityManager: Calculating Rcs Availability
06-03 20:24:11.812 20847 20956 I CarrierServices: [1585] cvf.y: Bugle is default SMS app: true
06-03 20:24:11.822 20847 20956 I CarrierServices: [1585] csv.b: Bugle has minimum required RCS permissions: true
06-03 20:24:11.825 20847 20860 I CarrierServices: [1560] cvf.f: RCS Configuration storage in Bugle is disabled by p/h flag, using ProvisioningEngineStateCacheUtil.getProvisioningConfigurationForGivenSimIfExist()
06-03 20:24:11.829 20891 20934 W BugleRcsEngine: [1582] RcsProfileService.g: Result is null when getting value for id:4
06-03 20:24:11.830 20891 20934 W Bugle   : SubscriptionMetadataUtils get: invalid subId = -2
06-03 20:24:11.835 20847 20956 I CarrierServices: [1585] cvf.x: Rcs is enabled from user settings: true
06-03 20:24:11.836 20847 20956 W CarrierServices: [1585] cwr.b: No config URL. RCS not configured for dual-registration.
06-03 20:24:11.839 20847 20956 I CarrierServices: [1585] dst.g: Checking if using CarrierServices.apk is possible. Enabled: true, isAtLeastM: true, runningInsideBugle: false
06-03 20:24:11.840 20847 20861 I CarrierServices: [1561] cvf.f: RCS Configuration storage in Bugle is disabled by p/h flag, using ProvisioningEngineStateCacheUtil.getProvisioningConfigurationForGivenSimIfExist()
06-03 20:24:11.842 20891 20939 W BugleRcsEngine: [1587] RcsProfileService.g: Result is null when getting value for id:4
06-03 20:24:11.843 20891 20939 W Bugle   : SubscriptionMetadataUtils get: invalid subId = -2
06-03 20:24:11.855 20847 20956 I CarrierServices: [1585] csv.b: Config state is not ACCEPTED, provisioning still in progress
06-03 20:24:11.856 20847 20956 I CarrierServices: [1585] csv.b: RcsAvailabilityManager: Rcs Availability still DISABLED_SIM_ABSENT (RCS is disabled due to SIM absent)
06-03 20:24:11.858 20891 20939 W Bugle   : SubscriptionMetadataUtils get: invalid subId = -2
06-03 20:24:11.858 20891 20934 W Bugle   : SubscriptionMetadataUtils get: invalid subId = -2
06-03 20:24:11.865 20891 20939 I BugleBackup: Registering preference change listener for "buglesub_-1".
06-03 20:24:11.867 20891 20934 W Bugle   : SubscriptionMetadataUtils get: invalid subId = -2
06-03 20:24:11.867 20891 20939 W Bugle   : SubscriptionMetadataUtils get: invalid subId = -2
06-03 20:24:11.878 20891 20939 W Bugle   : SubscriptionMetadataUtils get: invalid subId = -2
06-03 20:24:11.878 20891 20934 W Bugle   : SubscriptionMetadataUtils get: invalid subId = -2
06-03 20:24:11.878 20891 20934 W Bugle   : SubscriptionUtilsAsOfLMR1: getSelfRawNumber: subInfo is null for subscription{id:-1}
06-03 20:24:11.878 20891 20939 W Bugle   : SubscriptionUtilsAsOfLMR1: getSelfRawNumber: subInfo is null for subscription{id:-1}
06-03 20:24:11.880 20891 20939 W Bugle   : SubscriptionMetadataUtils get: invalid subId = -1
06-03 20:24:11.880 20891 20934 W Bugle   : SubscriptionMetadataUtils get: invalid subId = -1
06-03 20:24:11.881 20891 20934 W Bugle   : SubscriptionMetadataUtils get: invalid subId = -1
06-03 20:24:11.881 20891 20939 W Bugle   : SubscriptionMetadataUtils get: invalid subId = -1
06-03 20:24:11.887 20891 20939 W BugleAction: No default number, returning empty msisdn
06-03 20:24:11.887 20891 20934 W BugleAction: No default number, returning empty msisdn
06-03 20:24:11.896 20891 20933 I BugleTransport: isChatAvailable: true, enabledTransport: 1
06-03 20:24:11.896 20891 20926 I BugleTransport: isChatAvailable: true, enabledTransport: 1
06-03 20:24:12.024   335   373 I BufferQueueProducer: [org.mozilla.firefox/org.mozilla.firefox.App#1](this:0xa6db6000,id:174,api:1,p:7825,c:335) queueBuffer: fps=2.01 dur=1493.18 max=501.12 min=493.29
06-03 20:24:12.029   335   335 I BufferQueueProducer: [FramebufferSurface](this:0xa7668000,id:0,api:1,p:335,c:335) queueBuffer: fps=2.01 dur=1488.85 max=501.53 min=489.34
06-03 20:24:12.030   319   354 I hwcomposer: [HWCDisplay] [Display_0 (type:1)] fps:2.015468,dur:1488.49,max:501.71,min:488.84  
06-03 20:24:13.029   335  1349 I BufferQueueProducer: [org.mozilla.firefox/org.mozilla.firefox.App#1](this:0xa6db6000,id:174,api:1,p:7825,c:335) queueBuffer: fps=1.99 dur=1004.81 max=504.03 min=500.78
06-03 20:24:13.040   335   335 I BufferQueueProducer: [FramebufferSurface](this:0xa7668000,id:0,api:1,p:335,c:335) queueBuffer: fps=1.98 dur=1011.27 max=510.87 min=500.41
06-03 20:24:13.041   319   354 I hwcomposer: [HWCDisplay] [Display_0 (type:1)] fps:1.977901,dur:1011.17,max:510.94,min:500.23  
06-03 20:24:13.988   969  1073 E WifiVendorHal: getWifiLinkLayerStats_1_3_Internal(l.927) failed {.code = ERROR_NOT_SUPPORTED, .description = }
06-03 20:24:14.031   335  1349 I BufferQueueProducer: [org.mozilla.firefox/org.mozilla.firefox.App#1](this:0xa6db6000,id:174,api:1,p:7825,c:335) queueBuffer: fps=2.00 dur=1001.35 max=501.27 min=500.09
06-03 20:24:14.040   335   335 I BufferQueueProducer: [FramebufferSurface](this:0xa7668000,id:0,api:1,p:335,c:335) queueBuffer: fps=2.00 dur=1000.01 max=500.02 min=499.99
06-03 20:24:14.041   319   354 I hwcomposer: [HWCDisplay] [Display_0 (type:1)] fps:1.999972,dur:1000.01,max:500.18,min:499.83  
06-03 20:24:14.314   347   529 I MAL-Daemon:  (      mfi_task_bootstrap,  400) mfi_task_bootstrap(): an event EVENT_ATMNGR_URC(18) incoming from FD 23!!
06-03 20:24:14.315   347   559 I MAL-RDS :  (         rds_ru_urc_hdlr, 2287) [RDS-I][RDS][rds_ru_urc_hdlr] get URC data: +ECSQ: 31,38,1,-360,-22,1,1,2,32767
06-03 20:24:14.315   347   559 I MAL-RDS :  (          rds_ru_rpl_gen, 7843) [RDS-I][RU][rds_ru_rpl_gen][RDS] Current policy: fgimsolte_en<0>, fgwfc_en<0>, erdspolicy<3>,||Threshold i4wifirssih<-75>, i4wifirssil<-85>, i4wifirssih_ho<-78>, i4wifirssil_ho<-88>, i4wifisnrh<10>, i4wifisnrl<6>||Threshold i4ltersrph<-106>, i4ltersrpm<-111>, i4ltersrpl<-116>, i4ltersrqh<5>, i4ltersrqm<3>, i4ltersrql<1>||Threshold i4utranrscph<-104>, i4utranrscpl<-110>, i4gsmrssih<-94>, i4gsmrssil<-102>||current rds ru status: i4wifirssi<-34>, i4wifisnr<60>, i4ltersrp<-90>, i4ltersrq<40>, i4utranrscp<-90>, i4gsmrssi<-141>, u4active_ran<1>, flight_mode_activating<0>, ims_roamb<-1>, mms_roamb<-1>||current wifi backhaul : rtp_plr<0>, rtp_jitter<0>, ping_ind<0>||pcscf acc stat : volte<1>, wfc<1> || wifi acc_ctrl:<0>, || current MD stat : MD1 roam <0>, ||Call stat : IR92<0>, IR94<0>, SMS over IP<0>
06-03 20:24:14.353   322   878 E VT HIDL : [IVT] [VT THREAD] [VT_Bind] des = volte_imsvt1 Fail to connect . retry count: 406
06-03 20:24:14.353   322   878 D VT HIDL : [IVT] isIMCBrun : False
06-03 20:24:14.465  1110  1110 I DataSaverController: registerReceiver() : Runnable call registerReceiver()
06-03 20:24:14.467  1110  1110 I DataSaverController: registerReceiver() : queryIntentServices = 0
06-03 20:24:14.467  1110  1110 I DataSaverController: registerReceiver() :  postDelayed Runnable 30000
06-03 20:24:14.787 20847 20900 D PhenotypeContext: Application doesn't implement PhenotypeApplication interface, falling back to globally set context. See go/phenotype-flag#process-stable-init for more info.
06-03 20:24:14.983 20847 20847 V ClearcutMetricXmitter: Transmission is done.
06-03 20:24:14.985 20847 20847 V ClearcutMetricXmitter: Transmission is done.
06-03 20:24:15.530   335   373 I BufferQueueProducer: [org.mozilla.firefox/org.mozilla.firefox.App#1](this:0xa6db6000,id:174,api:1,p:7825,c:335) queueBuffer: fps=2.00 dur=1499.75 max=502.17 min=497.01
06-03 20:24:15.540   335   335 I BufferQueueProducer: [FramebufferSurface](this:0xa7668000,id:0,api:1,p:335,c:335) queueBuffer: fps=2.00 dur=1499.30 max=500.16 min=499.19
06-03 20:24:15.540   319   354 I hwcomposer: [HWCDisplay] [Display_0 (type:1)] fps:2.000765,dur:1499.43,max:500.33,min:499.29  
06-03 20:24:16.495 20891 20891 V ClearcutMetricXmitter: Transmission is done.
06-03 20:24:16.535   335   373 I BufferQueueProducer: [org.mozilla.firefox/org.mozilla.firefox.App#1](this:0xa6db6000,id:174,api:1,p:7825,c:335) queueBuffer: fps=1.99 dur=1004.92 max=503.11 min=501.81
06-03 20:24:16.541   335   335 I BufferQueueProducer: [FramebufferSurface](this:0xa7668000,id:0,api:1,p:335,c:335) queueBuffer: fps=2.00 dur=1001.64 max=500.94 min=500.71
06-03 20:24:16.542   319   354 I hwcomposer: [HWCDisplay] [Display_0 (type:1)] fps:1.996845,dur:1001.58,max:501.15,min:500.43  
06-03 20:24:16.708  1722  1722 I ADB_SERVICES: service_to_fd shell,v2,TERM=xterm-256color,raw:cat /proc/meminfo
06-03 20:24:16.760  1722 20973 I ADB_SERVICES: post waitpid (pid=20972) status=0000
06-03 20:24:16.760  1722  1722 I ADB_SERVICES: for fd 23, revents = 2011
06-03 20:24:16.761  1722  1722 I ADB_SERVICES: for fd 23, revents = 2011
06-03 20:24:16.766  1722  1722 I ADB_SERVICES: service_to_fd shell,v2,TERM=xterm-256color,raw:ps -A
06-03 20:24:16.950  1722 20975 I ADB_SERVICES: post waitpid (pid=20974) status=0000
06-03 20:24:16.950  1722  1722 I ADB_SERVICES: for fd 23, revents = 2010
06-03 20:24:16.951  1722  1722 I ADB_SERVICES: for fd 23, revents = 2011
06-03 20:24:17.007   969  1073 E WifiVendorHal: getWifiLinkLayerStats_1_3_Internal(l.927) failed {.code = ERROR_NOT_SUPPORTED, .description = }
06-03 20:24:17.353   322   878 E VT HIDL : [IVT] [VT THREAD] [VT_Bind] des = volte_imsvt1 Fail to connect . retry count: 407
06-03 20:24:17.354   322   878 D VT HIDL : [IVT] isIMCBrun : False
06-03 20:24:17.442   625   625 I thermal_repeater: [recvMdThermalInfo] ret=30, strLen=127,  2, 32767, -127, -1, 32767, 18
06-03 20:24:17.541   335   373 I BufferQueueProducer: [org.mozilla.firefox/org.mozilla.firefox.App#1](this:0xa6db6000,id:174,api:1,p:7825,c:335) queueBuffer: fps=1.99 dur=1005.95 max=506.07 min=499.88
06-03 20:24:17.546   335   335 I BufferQueueProducer: [FramebufferSurface](this:0xa7668000,id:0,api:1,p:335,c:335) queueBuffer: fps=1.99 dur=1005.04 max=504.75 min=500.29
06-03 20:24:17.547   319   354 I hwcomposer: [HWCDisplay] [Display_0 (type:1)] fps:1.989786,dur:1005.13,max:504.66,min:500.48  
06-03 20:24:17.960  1722  1722 I ADB_SERVICES: service_to_fd shell,v2,TERM=xterm-256color,raw:cat /proc/meminfo
06-03 20:24:18.016  1722 20977 I ADB_SERVICES: post waitpid (pid=20976) status=0000
06-03 20:24:18.016  1722  1722 I ADB_SERVICES: for fd 23, revents = 2011
06-03 20:24:18.016  1722  1722 I ADB_SERVICES: for fd 23, revents = 2011
06-03 20:24:18.022  1722  1722 I ADB_SERVICES: service_to_fd shell,v2,TERM=xterm-256color,raw:ps -A
06-03 20:24:18.211  1722 20979 I ADB_SERVICES: post waitpid (pid=20978) status=0000
06-03 20:24:18.212  1722  1722 I ADB_SERVICES: for fd 23, revents = 2011
06-03 20:24:18.212  1722  1722 I ADB_SERVICES: for fd 23, revents = 2011
06-03 20:24:18.541   335   373 I BufferQueueProducer: [org.mozilla.firefox/org.mozilla.firefox.App#1](this:0xa6db6000,id:174,api:1,p:7825,c:335) queueBuffer: fps=2.00 dur=1000.10 max=500.52 min=499.58
06-03 20:24:19.047   335   335 I BufferQueueProducer: [FramebufferSurface](this:0xa7668000,id:0,api:1,p:335,c:335) queueBuffer: fps=2.00 dur=1500.98 max=501.03 min=499.76
06-03 20:24:19.048   319   354 I hwcomposer: [HWCDisplay] [Display_0 (type:1)] fps:1.998946,dur:1500.79,max:500.90,min:499.87  
06-03 20:24:19.226  1722  1722 I ADB_SERVICES: service_to_fd shell,v2,TERM=xterm-256color,raw:cat /proc/meminfo
06-03 20:24:19.278  1722 20981 I ADB_SERVICES: post waitpid (pid=20980) status=0000
06-03 20:24:19.279  1722  1722 I ADB_SERVICES: for fd 23, revents = 2011
06-03 20:24:19.279  1722  1722 I ADB_SERVICES: for fd 23, revents = 2011
06-03 20:24:19.284  1722  1722 I ADB_SERVICES: service_to_fd shell,v2,TERM=xterm-256color,raw:ps -A
06-03 20:24:19.438   347   529 I MAL-Daemon:  (      mfi_task_bootstrap,  400) mfi_task_bootstrap(): an event EVENT_ATMNGR_URC(18) incoming from FD 23!!
06-03 20:24:19.438   347   559 I MAL-RDS :  (         rds_ru_urc_hdlr, 2287) [RDS-I][RDS][rds_ru_urc_hdlr] get URC data: +ECSQ: 33,40,1,-349,-17,1,1,2,32767
06-03 20:24:19.438   347   559 I MAL-RDS :  (          rds_ru_rpl_gen, 7843) [RDS-I][RU][rds_ru_rpl_gen][RDS] Current policy: fgimsolte_en<0>, fgwfc_en<0>, erdspolicy<3>,||Threshold i4wifirssih<-75>, i4wifirssil<-85>, i4wifirssih_ho<-78>, i4wifirssil_ho<-88>, i4wifisnrh<10>, i4wifisnrl<6>||Threshold i4ltersrph<-106>, i4ltersrpm<-111>, i4ltersrpl<-116>, i4ltersrqh<5>, i4ltersrqm<3>, i4ltersrql<1>||Threshold i4utranrscph<-104>, i4utranrscpl<-110>, i4gsmrssih<-94>, i4gsmrssil<-102>||current rds ru status: i4wifirssi<-34>, i4wifisnr<60>, i4ltersrp<-88>, i4ltersrq<40>, i4utranrscp<-88>, i4gsmrssi<-141>, u4active_ran<1>, flight_mode_activating<0>, ims_roamb<-1>, mms_roamb<-1>||current wifi backhaul : rtp_plr<0>, rtp_jitter<0>, ping_ind<0>||pcscf acc stat : volte<1>, wfc<1> || wifi acc_ctrl:<0>, || current MD stat : MD1 roam <0>, ||Call stat : IR92<0>, IR94<0>, SMS over IP<0>
06-03 20:24:19.456  1722 20983 I ADB_SERVICES: post waitpid (pid=20982) status=0000
06-03 20:24:19.456  1722  1722 I ADB_SERVICES: for fd 23, revents = 2011
06-03 20:24:19.456  1722  1722 I ADB_SERVICES: for fd 23, revents = 2011
06-03 20:24:19.541   335   373 I BufferQueueProducer: [org.mozilla.firefox/org.mozilla.firefox.App#1](this:0xa6db6000,id:174,api:1,p:7825,c:335) queueBuffer: fps=2.00 dur=1000.08 max=501.35 min=498.73
06-03 20:24:20.025   969  1073 E WifiVendorHal: getWifiLinkLayerStats_1_3_Internal(l.927) failed {.code = ERROR_NOT_SUPPORTED, .description = }
06-03 20:24:20.099  1110  1389 D VoWiFiTile: getImsManager() : phoneId: -1
06-03 20:24:20.124  1110  1389 D VoWiFiTile: handleUpdateState() state.value :false
06-03 20:24:20.354   322   878 E VT HIDL : [IVT] [VT THREAD] [VT_Bind] des = volte_imsvt1 Fail to connect . retry count: 408
06-03 20:24:20.354   322   878 D VT HIDL : [IVT] isIMCBrun : False
06-03 20:24:20.468  1722  1722 I ADB_SERVICES: service_to_fd shell,v2,TERM=xterm-256color,raw:cat /proc/meminfo
06-03 20:24:20.523  1722 20985 I ADB_SERVICES: post waitpid (pid=20984) status=0000
06-03 20:24:20.523  1722  1722 I ADB_SERVICES: for fd 23, revents = 2011
06-03 20:24:20.523  1722  1722 I ADB_SERVICES: for fd 23, revents = 2011
06-03 20:24:20.533  1722  1722 I ADB_SERVICES: service_to_fd shell,v2,TERM=xterm-256color,raw:ps -A
06-03 20:24:20.542   335   498 I BufferQueueProducer: [org.mozilla.firefox/org.mozilla.firefox.App#1](this:0xa6db6000,id:174,api:1,p:7825,c:335) queueBuffer: fps=2.00 dur=1001.33 max=501.46 min=499.87
06-03 20:24:20.549   335   335 I BufferQueueProducer: [FramebufferSurface](this:0xa7668000,id:0,api:1,p:335,c:335) queueBuffer: fps=2.00 dur=1501.38 max=502.93 min=499.00
06-03 20:24:20.549   319   354 I hwcomposer: [HWCDisplay] [Display_0 (type:1)] fps:1.998143,dur:1501.39,max:502.93,min:498.97  
06-03 20:24:20.723  1722 20987 I ADB_SERVICES: post waitpid (pid=20986) status=0000
06-03 20:24:20.724  1722  1722 I ADB_SERVICES: for fd 23, revents = 2010
06-03 20:24:20.724  1722  1722 I ADB_SERVICES: for fd 23, revents = 2011
06-03 20:24:21.481  1598 20988 E memtrack: Couldn't load memtrack module
06-03 20:24:21.482  1598 20988 W android.os.Debug: failed to get memory consumption info: -1
06-03 20:24:21.543   335   498 I BufferQueueProducer: [org.mozilla.firefox/org.mozilla.firefox.App#1](this:0xa6db6000,id:174,api:1,p:7825,c:335) queueBuffer: fps=2.00 dur=1000.72 max=502.10 min=498.62
06-03 20:24:21.557   335   335 I BufferQueueProducer: [FramebufferSurface](this:0xa7668000,id:0,api:1,p:335,c:335) queueBuffer: fps=1.98 dur=1008.53 max=511.19 min=497.34
06-03 20:24:21.558   319   354 I hwcomposer: [HWCDisplay] [Display_0 (type:1)] fps:1.983025,dur:1008.56,max:511.30,min:497.26  
06-03 20:24:21.739  1722  1722 I ADB_SERVICES: service_to_fd shell,v2,TERM=xterm-256color,raw:cat /proc/meminfo
06-03 20:24:21.803  1722 20990 I ADB_SERVICES: post waitpid (pid=20989) status=0000
06-03 20:24:21.804  1722  1722 I ADB_SERVICES: for fd 23, revents = 2011
06-03 20:24:21.804  1722  1722 I ADB_SERVICES: for fd 23, revents = 2011
06-03 20:24:21.811  1722  1722 I ADB_SERVICES: service_to_fd shell,v2,TERM=xterm-256color,raw:ps -A
06-03 20:24:21.983  1110  1122 I ndroid.systemu: Background concurrent copying GC freed 6777(482KB) AllocSpace objects, 0(0B) LOS objects, 49% free, 5458KB/10MB, paused 225us total 202.378ms
06-03 20:24:22.006  1722 20992 I ADB_SERVICES: post waitpid (pid=20991) status=0000
06-03 20:24:22.006  1722  1722 I ADB_SERVICES: for fd 23, revents = 2011
06-03 20:24:22.007  1722  1722 I ADB_SERVICES: for fd 23, revents = 2011
06-03 20:24:23.015  1722  1722 I ADB_SERVICES: service_to_fd shell,v2,TERM=xterm-256color,raw:cat /proc/meminfo
06-03 20:24:23.043   335  1349 I BufferQueueProducer: [org.mozilla.firefox/org.mozilla.firefox.App#1](this:0xa6db6000,id:174,api:1,p:7825,c:335) queueBuffer: fps=2.00 dur=1500.09 max=502.23 min=498.07
06-03 20:24:23.047   969  1073 E WifiVendorHal: getWifiLinkLayerStats_1_3_Internal(l.927) failed {.code = ERROR_NOT_SUPPORTED, .description = }
06-03 20:24:23.057   335   335 I BufferQueueProducer: [FramebufferSurface](this:0xa7668000,id:0,api:1,p:335,c:335) queueBuffer: fps=2.00 dur=1500.03 max=511.54 min=488.65
06-03 20:24:23.058   319   354 I hwcomposer: [HWCDisplay] [Display_0 (type:1)] fps:1.999936,dur:1500.05,max:511.63,min:488.61  
06-03 20:24:23.079  1722  1722 I ADB_SERVICES: service_to_fd shell,v2,TERM=xterm-256color,raw:input keyboard text http://192.168.0.188/myindex_robustMPC.html
06-03 20:24:23.176  1722 20994 I ADB_SERVICES: post waitpid (pid=20993) status=0000
06-03 20:24:23.177  1722  1722 I ADB_SERVICES: for fd 23, revents = 2010
06-03 20:24:23.177  1722  1722 I ADB_SERVICES: for fd 23, revents = 2011
06-03 20:24:23.183   969   993 W ProcessCpuTracker: Failed to stat(/proc/20993): android.system.ErrnoException: stat failed: ENOENT (No such file or directory)
06-03 20:24:23.183   969   993 W ProcessCpuTracker: Skipping unknown process pid 20993
06-03 20:24:23.186  1722  1722 I ADB_SERVICES: service_to_fd shell,v2,TERM=xterm-256color,raw:ps -A
06-03 20:24:23.354   322   878 E VT HIDL : [IVT] [VT THREAD] [VT_Bind] des = volte_imsvt1 Fail to connect . retry count: 409
06-03 20:24:23.355   322   878 D VT HIDL : [IVT] isIMCBrun : False
06-03 20:24:23.366  1722 20998 I ADB_SERVICES: post waitpid (pid=20997) status=0000
06-03 20:24:23.366  1722  1722 I ADB_SERVICES: for fd 26, revents = 2011
06-03 20:24:23.366  1722  1722 I ADB_SERVICES: for fd 26, revents = 2011
06-03 20:24:23.380  2024  2024 D BoundBrokerSvc: onUnbind: Intent { act=com.google.android.gms.asterism.service.START pkg=com.google.android.gms }
06-03 20:24:23.928 20995 20995 D AVStageFactory: createInstance(32bit): createVendorAVFactory success!
06-03 20:24:23.929 20995 20995 D AVStageUtils: createInstance(32bit): createVendorAVUtils success!
06-03 20:24:23.929 20995 20995 D AVStageFactory: createInstance(32bit): createVendorAVFactory success!
06-03 20:24:23.929 20995 20995 D AndroidRuntime: >>>>>> START com.android.internal.os.RuntimeInit uid 2000 <<<<<<
06-03 20:24:23.941 20995 20995 E libc    : Access denied finding property "persist.device_config.runtime_native_boot.enable_apex_image"
06-03 20:24:23.941 20995 20995 I AndroidRuntime: Using default boot image
06-03 20:24:23.937 20995 20995 W app_process: type=1400 audit(0.0:2417): avc: denied { read } for name="u:object_r:device_config_runtime_native_boot_prop:s0" dev="tmpfs" ino=6386 scontext=u:r:shell:s0 tcontext=u:object_r:device_config_runtime_native_boot_prop:s0 tclass=file permissive=0
06-03 20:24:23.942 20995 20995 E libc    : Access denied finding property "persist.device_config.runtime_native_boot.disable_lock_profiling"
06-03 20:24:23.942 20995 20995 I AndroidRuntime: Leaving lock profiling enabled
06-03 20:24:23.940 20995 20995 W app_process: type=1400 audit(0.0:2418): avc: denied { read } for name="u:object_r:device_config_runtime_native_boot_prop:s0" dev="tmpfs" ino=6386 scontext=u:r:shell:s0 tcontext=u:object_r:device_config_runtime_native_boot_prop:s0 tclass=file permissive=0
06-03 20:24:23.958 20995 20995 W app_process: Could not reserve sentinel fault page
06-03 20:24:24.047   335   373 I BufferQueueProducer: [org.mozilla.firefox/org.mozilla.firefox.App#1](this:0xa6db6000,id:174,api:1,p:7825,c:335) queueBuffer: fps=1.99 dur=1004.39 max=503.15 min=501.24
06-03 20:24:24.361 20995 20995 D ICU     : Time zone APEX file found: /apex/com.android.tzdata/etc/icu/icu_tzdata.dat
06-03 20:24:24.378  1722  1722 I ADB_SERVICES: service_to_fd shell,v2,TERM=xterm-256color,raw:cat /proc/meminfo
06-03 20:24:24.445  1722 21000 I ADB_SERVICES: post waitpid (pid=20999) status=0000
06-03 20:24:24.445  1722  1722 I ADB_SERVICES: for fd 26, revents = 2011
06-03 20:24:24.445  1722  1722 I ADB_SERVICES: for fd 26, revents = 2011
06-03 20:24:24.452  1722  1722 I ADB_SERVICES: service_to_fd shell,v2,TERM=xterm-256color,raw:ps -A
06-03 20:24:24.481 20995 20995 W app_process: JNI RegisterNativeMethods: attempt to register 0 native methods for android.media.AudioAttributes
06-03 20:24:24.511 20995 20995 D AndroidRuntime: Calling main entry com.android.commands.input.Input
06-03 20:24:24.533   969  1063 V SettingsProvider: name : status_inactivewakeup appId : 1000
06-03 20:24:24.534   969  1003 V SettingsProvider: name : screen_brightness appId : 1000
06-03 20:24:24.535   969  1003 V DisplayPowerController: Brightness [74] reason changing to: 'automatic', previous reason: 'automatic [ dim ]'.
06-03 20:24:24.536   969  1003 V SettingsProvider: name : screen_brightness appId : 1000
06-03 20:24:24.536   969  1107 D DisplayManagerService: Set backlight to 74
06-03 20:24:24.560   347   529 I MAL-Daemon:  (      mfi_task_bootstrap,  400) mfi_task_bootstrap(): an event EVENT_ATMNGR_URC(18) incoming from FD 23!!
06-03 20:24:24.561   347   559 I MAL-RDS :  (         rds_ru_urc_hdlr, 2287) [RDS-I][RDS][rds_ru_urc_hdlr] get URC data: +ECSQ: 33,41,1,-352,-16,1,1,2,32767
06-03 20:24:24.561   347   559 I MAL-RDS :  (          rds_ru_rpl_gen, 7843) [RDS-I][RU][rds_ru_rpl_gen][RDS] Current policy: fgimsolte_en<0>, fgwfc_en<0>, erdspolicy<3>,||Threshold i4wifirssih<-75>, i4wifirssil<-85>, i4wifirssih_ho<-78>, i4wifirssil_ho<-88>, i4wifisnrh<10>, i4wifisnrl<6>||Threshold i4ltersrph<-106>, i4ltersrpm<-111>, i4ltersrpl<-116>, i4ltersrqh<5>, i4ltersrqm<3>, i4ltersrql<1>||Threshold i4utranrscph<-104>, i4utranrscpl<-110>, i4gsmrssih<-94>, i4gsmrssil<-102>||current rds ru status: i4wifirssi<-34>, i4wifisnr<60>, i4ltersrp<-88>, i4ltersrq<40>, i4utranrscp<-88>, i4gsmrssi<-141>, u4active_ran<1>, flight_mode_activating<0>, ims_roamb<-1>, mms_roamb<-1>||current wifi backhaul : rtp_plr<0>, rtp_jitter<0>, ping_ind<0>||pcscf acc stat : volte<1>, wfc<1> || wifi acc_ctrl:<0>, || current MD stat : MD1 roam <0>, ||Call stat : IR92<0>, IR94<0>, SMS over IP<0>
06-03 20:24:24.572   969  1107 I ServiceManagement: getService: Trying again for android.hardware.light@2.0::ILight/default...
06-03 20:24:24.591   335   335 I BufferQueueProducer: [FramebufferSurface](this:0xa7668000,id:0,api:1,p:335,c:335) queueBuffer: fps=1.96 dur=1533.43 max=533.79 min=499.50
06-03 20:24:24.592   319   354 I hwcomposer: [HWCDisplay] [Display_0 (type:1)] fps:1.956083,dur:1533.68,max:533.98,min:499.54  
06-03 20:24:24.695  7825 20761 E Metrics : Unknown suggestion provider: mozilla.components.feature.syncedtabs.SyncedTabsStorageSuggestionProvider@4305e86
06-03 20:24:24.703  7825 20761 E Metrics : Unknown suggestion provider: mozilla.components.feature.awesomebar.provider.SearchEngineSuggestionProvider@7094347
06-03 20:24:24.705 21016 21016 E         : light_open lights keyboard failed: -2
06-03 20:24:24.706 21016 21016 E         : Light passthrough failed to load legacy HAL.
06-03 20:24:24.706 21016 21016 E         : light_open lights buttons failed: -2
06-03 20:24:24.706 21016 21016 E         : Light passthrough failed to load legacy HAL.
06-03 20:24:24.707 21016 21016 E         : light_open lights battery failed: -2
06-03 20:24:24.707 21016 21016 E         : Light passthrough failed to load legacy HAL.
06-03 20:24:24.708 21016 21016 E         : light_open lights notifications failed: -2
06-03 20:24:24.708 21016 21016 E         : Light passthrough failed to load legacy HAL.
06-03 20:24:24.712 21016 21016 E         : light_open lights attention failed: -2
06-03 20:24:24.712 21016 21016 E         : Light passthrough failed to load legacy HAL.
06-03 20:24:24.713 21016 21016 E         : light_open lights bluetooth failed: -22
06-03 20:24:24.713 21016 21016 E         : Light passthrough failed to load legacy HAL.
06-03 20:24:24.714 21016 21016 E         : light_open lights wifi failed: -22
06-03 20:24:24.714 21016 21016 E         : Light passthrough failed to load legacy HAL.
06-03 20:24:24.718  1359  1359 W InputConnectionWrapper: InputConnectionWrapper.recordDuration():1454 IPC IC_GET_SURROUNDING_TEXT took 170 ms
06-03 20:24:24.718  1722 21010 I ADB_SERVICES: post waitpid (pid=21009) status=0000
