06-03 20:24:27.761 20891 20939 E TraceManager: 	at ics.call(PG:2)
06-03 20:24:27.761 20891 20939 E TraceManager: 	at android.content.ContentProvider$Transport.call(ContentProvider.java:490)
06-03 20:24:27.761 20891 20939 E TraceManager: 	at android.content.ContentResolver.call(ContentResolver.java:2042)
06-03 20:24:27.761 20891 20939 E TraceManager: 	at android.content.ContentResolver.call(ContentResolver.java:2022)
06-03 20:24:27.761 20891 20939 E TraceManager: 	at piq.h(PG:9)
06-03 20:24:27.761 20891 20939 E TraceManager: 	at piq.k(PG:3)
06-03 20:24:27.761 20891 20939 E TraceManager: 	at pio.b(PG:1)
06-03 20:24:27.761 20891 20939 E TraceManager: 	at ixl.aD(PG:5)
06-03 20:24:27.761 20891 20939 E TraceManager: 	at ixl.F(PG:2)
06-03 20:24:27.761 20891 20939 E TraceManager: 	at iou.e(PG:1)
06-03 20:24:27.761 20891 20939 E TraceManager: 	at ijs.call(PG:28)
06-03 20:24:27.761 20891 20939 E TraceManager: 	at tim.a(PG:5)
06-03 20:24:27.761 20891 20939 E TraceManager: 	at tmi.a(PG:35)
06-03 20:24:27.761 20891 20939 E TraceManager: 	at vkj.a(PG:1)
06-03 20:24:27.761 20891 20939 E TraceManager: 	at vjr.run(PG:4)
06-03 20:24:27.761 20891 20939 E TraceManager: 	at vkl.run(PG:1)
06-03 20:24:27.761 20891 20939 E TraceManager: 	at qfo.run(PG:5)
06-03 20:24:27.761 20891 20939 E TraceManager: 	at java.util.concurrent.ThreadPoolExecutor.runWorker(ThreadPoolExecutor.java:1167)
06-03 20:24:27.761 20891 20939 E TraceManager: 	at java.util.concurrent.ThreadPoolExecutor$Worker.run(ThreadPoolExecutor.java:641)
06-03 20:24:27.761 20891 20939 E TraceManager: 	at poa.run(PG:149)
06-03 20:24:27.761 20891 20939 E TraceManager: 	at evj.run(PG:52)
06-03 20:24:27.761 20891 20939 E TraceManager: 	at java.lang.Thread.run(Thread.java:919)
06-03 20:24:27.761 20891 20939 E TraceManager: 	Suppressed: tmr: 
06-03 20:24:27.761 20891 20939 E TraceManager: 		at tk_trace.PhenotypeHelper#onBuglePhenotypeChanged(Unknown Source:0)
06-03 20:24:27.761 20891 20939 E TraceManager: 		at tk_trace.PhenotypeHelper#registerPhenotype(Unknown Source:0)
06-03 20:24:27.761 20891 20939 E TraceManager: 		at tk_trace.PhenotypeRestoreStartupTask(Unknown Source:0)
06-03 20:24:27.761 20891 20939 E TraceManager: 		at tk_trace.StartupHandlerImpl#onAppInteractiveInternal(Unknown Source:0)
06-03 20:24:27.761 20891 20939 E TraceManager: 		at tk_trace.StartupHandlerImpl App Interactive Delay Timer Fired(Unknown Source:0)
06-03 20:24:27.768 20891 20939 W BugleAction: Null config in BugleSharedPrefs
06-03 20:24:27.769 20891 20939 W BugleAction: Failed to get msisdn from Bugle
06-03 20:24:27.792  7825 20760 E Metrics : Unknown suggestion provider: mozilla.components.feature.syncedtabs.SyncedTabsStorageSuggestionProvider@4305e86
06-03 20:24:27.792  7825 20760 E Metrics : Unknown suggestion provider: mozilla.components.feature.awesomebar.provider.SearchEngineSuggestionProvider@7094347
06-03 20:24:27.820 20847 20956 I CarrierServices: [1585] div.d: Received Provisioning Event: [Bugle information (100)]
06-03 20:24:27.825  7825 20760 E Metrics : Unknown suggestion provider: mozilla.components.feature.awesomebar.provider.CombinedHistorySuggestionProvider@8bdb6c8
06-03 20:24:27.837 20847 20956 I CarrierServices: [1585] div.d: JibeService is running, passing event to provisioning engine.
06-03 20:24:27.837 20847 20967 I CarrierServices: [1588] cvf.f: RCS Configuration storage in Bugle is disabled by p/h flag, using ProvisioningEngineStateCacheUtil.getProvisioningConfigurationForGivenSimIfExist()
06-03 20:24:27.837 20847 20956 I CarrierServices: [1585] csl.j: Handling Provisioning Event: [Bugle information (100)]
06-03 20:24:27.841 20891 20939 W BugleRcsEngine: [1587] RcsProfileService.g: Result is null when getting value for id:4
06-03 20:24:27.842 20891 20939 W Bugle   : SubscriptionMetadataUtils get: invalid subId = -2
06-03 20:24:27.843 20847 20956 I CarrierServices: [1585] csv.b: RcsAvailabilityManager: Calculating Rcs Availability
06-03 20:24:27.863 20847 20956 I CarrierServices: [1585] cvf.y: Bugle is default SMS app: true
06-03 20:24:27.869 20891 20939 W Bugle   : SubscriptionMetadataUtils get: invalid subId = -2
06-03 20:24:27.870 20891 20939 W Bugle   : SubscriptionMetadataUtils get: invalid subId = -2
06-03 20:24:27.875  1359  1359 W InputContextProxy: InputContextProxy.applyClientDiffInternal():920 Ignore [FetchSuggestions] diff due to stale request: 395<396, inputStateId=383, lastInputStateId=382
06-03 20:24:27.886  1722 21036 I ADB_SERVICES: post waitpid (pid=21035) status=0000
06-03 20:24:27.888  1722  1722 I ADB_SERVICES: for fd 26, revents = 2010
06-03 20:24:27.888  1722  1722 I ADB_SERVICES: for fd 26, revents = 2011
06-03 20:24:27.892 20847 20956 I CarrierServices: [1585] csv.b: Bugle has minimum required RCS permissions: true
06-03 20:24:27.903 20891 20939 W Bugle   : SubscriptionMetadataUtils get: invalid subId = -2
06-03 20:24:27.903 20891 20939 W Bugle   : SubscriptionUtilsAsOfLMR1: getSelfRawNumber: subInfo is null for subscription{id:-1}
06-03 20:24:27.913 20891 20939 W Bugle   : SubscriptionMetadataUtils get: invalid subId = -1
06-03 20:24:27.923 20847 20956 I CarrierServices: [1585] cvf.x: Rcs is enabled from user settings: true
06-03 20:24:27.924 20847 20956 W CarrierServices: [1585] cwr.b: No config URL. RCS not configured for dual-registration.
06-03 20:24:27.927 20891 20939 W Bugle   : SubscriptionMetadataUtils get: invalid subId = -1
06-03 20:24:27.929  7825 20761 E Metrics : Unknown suggestion provider: mozilla.components.feature.syncedtabs.SyncedTabsStorageSuggestionProvider@4305e86
06-03 20:24:27.929  7825 20758 E Metrics : Unknown suggestion provider: mozilla.components.feature.awesomebar.provider.SearchEngineSuggestionProvider@7094347
06-03 20:24:27.948 20847 20956 I CarrierServices: [1585] dst.g: Checking if using CarrierServices.apk is possible. Enabled: true, isAtLeastM: true, runningInsideBugle: false
06-03 20:24:27.948  7825 20758 E Metrics : Unknown suggestion provider: mozilla.components.feature.awesomebar.provider.CombinedHistorySuggestionProvider@8bdb6c8
06-03 20:24:27.959 20891 20939 W BugleAction: No default number, returning empty msisdn
06-03 20:24:27.967 20891 20926 I BugleTransport: isChatAvailable: true, enabledTransport: 1
06-03 20:24:27.967 20847 20956 I CarrierServices: [1585] csv.b: Config state is not ACCEPTED, provisioning still in progress
06-03 20:24:27.968 20847 20956 I CarrierServices: [1585] csv.b: RcsAvailabilityManager: Rcs Availability still DISABLED_SIM_ABSENT (RCS is disabled due to SIM absent)
06-03 20:24:27.990  7825 20761 E Metrics : Unknown suggestion provider: mozilla.components.feature.syncedtabs.SyncedTabsStorageSuggestionProvider@4305e86
06-03 20:24:27.991  7825 20761 E Metrics : Unknown suggestion provider: mozilla.components.feature.awesomebar.provider.SearchEngineSuggestionProvider@7094347
06-03 20:24:28.013  7825 20761 E Metrics : Unknown suggestion provider: mozilla.components.feature.awesomebar.provider.CombinedHistorySuggestionProvider@8bdb6c8
06-03 20:24:28.042  7825 20760 E Metrics : Unknown suggestion provider: mozilla.components.feature.syncedtabs.SyncedTabsStorageSuggestionProvider@4305e86
06-03 20:24:28.042  7825 20760 E Metrics : Unknown suggestion provider: mozilla.components.feature.awesomebar.provider.SearchEngineSuggestionProvider@7094347
06-03 20:24:28.061  7825 20758 E Metrics : Unknown suggestion provider: mozilla.components.feature.awesomebar.provider.CombinedHistorySuggestionProvider@8bdb6c8
06-03 20:24:28.095  7825 20760 E Metrics : Unknown suggestion provider: mozilla.components.feature.syncedtabs.SyncedTabsStorageSuggestionProvider@4305e86
06-03 20:24:28.095  7825 20760 E Metrics : Unknown suggestion provider: mozilla.components.feature.awesomebar.provider.SearchEngineSuggestionProvider@7094347
06-03 20:24:28.105  7825 20761 E Metrics : Unknown suggestion provider: mozilla.components.feature.awesomebar.provider.CombinedHistorySuggestionProvider@8bdb6c8
06-03 20:24:28.126  1359  1359 E InputContextLock: InputContextLock.maybeTrackAcquireLockTime():64 Acquire InputContextLock takes 6 ms, mainThreadForSure=true.
06-03 20:24:28.156  7825 20759 E Metrics : Unknown suggestion provider: mozilla.components.feature.awesomebar.provider.SearchEngineSuggestionProvider@7094347
06-03 20:24:28.162  7825 20760 E Metrics : Unknown suggestion provider: mozilla.components.feature.syncedtabs.SyncedTabsStorageSuggestionProvider@4305e86
06-03 20:24:28.177  7825 20758 E Metrics : Unknown suggestion provider: mozilla.components.feature.awesomebar.provider.CombinedHistorySuggestionProvider@8bdb6c8
06-03 20:24:28.203  7825 20758 E Metrics : Unknown suggestion provider: mozilla.components.feature.syncedtabs.SyncedTabsStorageSuggestionProvider@4305e86
06-03 20:24:28.209   335  1349 I BufferQueueProducer: [org.mozilla.firefox/org.mozilla.firefox.App#1](this:0xa6db6000,id:174,api:1,p:7825,c:335) queueBuffer: fps=30.26 dur=1024.58 max=69.37 min=7.76
06-03 20:24:28.210  7825 20761 E Metrics : Unknown suggestion provider: mozilla.components.feature.awesomebar.provider.CombinedHistorySuggestionProvider@8bdb6c8
06-03 20:24:28.212  7825 20759 E Metrics : Unknown suggestion provider: mozilla.components.feature.awesomebar.provider.SearchEngineSuggestionProvider@7094347
06-03 20:24:28.225 20995 20995 D AndroidRuntime: Shutting down VM
06-03 20:24:28.272 20995 20995 D RefBase : RefBase: Explicit destruction, weak count = 0 (in 0xa64a70d8)
06-03 20:24:28.272 20995 20995 W RefBase : CallStack::getCurrentInternal not linked, returning null
06-03 20:24:28.272 20995 20995 W RefBase : CallStack::logStackInternal not linked
06-03 20:24:28.284  1722 20996 I ADB_SERVICES: post waitpid (pid=20995) status=0000
06-03 20:24:28.284  1722  1722 I ADB_SERVICES: for fd 27, revents = 2011
06-03 20:24:28.284  1722  1722 I ADB_SERVICES: for fd 27, revents = 2011
06-03 20:24:28.696   335   335 I BufferQueueProducer: [FramebufferSurface](this:0xa7668000,id:0,api:1,p:335,c:335) queueBuffer: fps=21.17 dur=1039.12 max=469.24 min=12.63
06-03 20:24:28.697   319   354 I hwcomposer: [HWCDisplay] [Display_0 (type:1)] fps:21.180244,dur:1038.70,max:469.34,min:12.43  
06-03 20:24:28.905  1722  1722 I ADB_SERVICES: service_to_fd shell,v2,TERM=xterm-256color,raw:cat /proc/meminfo
06-03 20:24:28.951  1722 21038 I ADB_SERVICES: post waitpid (pid=21037) status=0000
06-03 20:24:28.951  1722  1722 I ADB_SERVICES: for fd 23, revents = 2011
06-03 20:24:28.952  1722  1722 I ADB_SERVICES: for fd 23, revents = 2011
06-03 20:24:28.957  1722  1722 I ADB_SERVICES: service_to_fd shell,v2,TERM=xterm-256color,raw:ps -A
06-03 20:24:29.107   969  1073 E WifiVendorHal: getWifiLinkLayerStats_1_3_Internal(l.927) failed {.code = ERROR_NOT_SUPPORTED, .description = }
06-03 20:24:29.114  1722 21040 I ADB_SERVICES: post waitpid (pid=21039) status=0000
06-03 20:24:29.114  1722  1722 I ADB_SERVICES: for fd 23, revents = 2010
06-03 20:24:29.114  1722  1722 I ADB_SERVICES: for fd 23, revents = 2011
06-03 20:24:29.121  1110  1110 D NetworkController.WifiSignalController: Change in state from: this=141853634,connected=true,enabled=true,level=4,inetCondition=1,iconGroup=IconGroup(Wi-Fi Icons),activityIn=false,activityOut=false,rssi=-34,lastModified=06-03 20:23:46,ssid="LMKD",isTransient=false,statusLabel=null
06-03 20:24:29.121  1110  1110 D NetworkController.WifiSignalController:                   to: this=132237321,connected=true,enabled=true,level=4,inetCondition=1,iconGroup=IconGroup(Wi-Fi Icons),activityIn=true,activityOut=true,rssi=-34,lastModified=06-03 20:23:46,ssid="LMKD",isTransient=false,statusLabel=null
06-03 20:24:29.356   322   878 E VT HIDL : [IVT] [VT THREAD] [VT_Bind] des = volte_imsvt1 Fail to connect . retry count: 411
06-03 20:24:29.356   322   878 D VT HIDL : [IVT] isIMCBrun : False
06-03 20:24:29.443  2024 21041 E memtrack: Couldn't load memtrack module
06-03 20:24:29.443  2024 21041 W android.os.Debug: failed to get memory consumption info: -1
06-03 20:24:29.677   347   529 I MAL-Daemon:  (      mfi_task_bootstrap,  400) mfi_task_bootstrap(): an event EVENT_ATMNGR_URC(18) incoming from FD 23!!
06-03 20:24:29.677   347   559 I MAL-RDS :  (         rds_ru_urc_hdlr, 2287) [RDS-I][RDS][rds_ru_urc_hdlr] get URC data: +ECSQ: 35,39,1,-343,-19,1,1,2,32767
06-03 20:24:29.677   347   559 I MAL-RDS :  (          rds_ru_rpl_gen, 7843) [RDS-I][RU][rds_ru_rpl_gen][RDS] Current policy: fgimsolte_en<0>, fgwfc_en<0>, erdspolicy<3>,||Threshold i4wifirssih<-75>, i4wifirssil<-85>, i4wifirssih_ho<-78>, i4wifirssil_ho<-88>, i4wifisnrh<10>, i4wifisnrl<6>||Threshold i4ltersrph<-106>, i4ltersrpm<-111>, i4ltersrpl<-116>, i4ltersrqh<5>, i4ltersrqm<3>, i4ltersrql<1>||Threshold i4utranrscph<-104>, i4utranrscpl<-110>, i4gsmrssih<-94>, i4gsmrssil<-102>||current rds ru status: i4wifirssi<-34>, i4wifisnr<60>, i4ltersrp<-86>, i4ltersrq<40>, i4utranrscp<-86>, i4gsmrssi<-141>, u4active_ran<1>, flight_mode_activating<0>, ims_roamb<-1>, mms_roamb<-1>||current wifi backhaul : rtp_plr<0>, rtp_jitter<0>, ping_ind<0>||pcscf acc stat : volte<1>, wfc<1> || wifi acc_ctrl:<0>, || current MD stat : MD1 roam <0>, ||Call stat : IR92<0>, IR94<0>, SMS over IP<0>
06-03 20:24:29.693   335  1349 I BufferQueueProducer: [org.mozilla.firefox/org.mozilla.firefox.App#1](this:0xa6db6000,id:174,api:1,p:7825,c:335) queueBuffer: fps=2.70 dur=1483.74 max=501.71 min=12.49
06-03 20:24:29.707   335   335 I BufferQueueProducer: [FramebufferSurface](this:0xa7668000,id:0,api:1,p:335,c:335) queueBuffer: fps=1.98 dur=1011.36 max=511.82 min=499.54
06-03 20:24:29.708   319   354 I hwcomposer: [HWCDisplay] [Display_0 (type:1)] fps:1.977975,dur:1011.14,max:511.87,min:499.27  
06-03 20:24:30.127  1722  1722 I ADB_SERVICES: service_to_fd shell,v2,TERM=xterm-256color,raw:cat /proc/meminfo
06-03 20:24:30.200  1722 21043 I ADB_SERVICES: post waitpid (pid=21042) status=0000
06-03 20:24:30.200  1722  1722 I ADB_SERVICES: for fd 23, revents = 2011
06-03 20:24:30.201  1722  1722 I ADB_SERVICES: for fd 23, revents = 2011
06-03 20:24:30.211  1722  1722 I ADB_SERVICES: service_to_fd shell,v2,TERM=xterm-256color,raw:ps -A
06-03 20:24:30.397  1722 21045 I ADB_SERVICES: post waitpid (pid=21044) status=0000
06-03 20:24:30.397  1722  1722 I ADB_SERVICES: for fd 23, revents = 2010
06-03 20:24:30.397  1722  1722 I ADB_SERVICES: for fd 23, revents = 2011
06-03 20:24:30.472   969   990 D AES     : AEEIOCTL_GET/SET_SF_STATE IOCTL,cmd= 1074294797, lParam=0. 
06-03 20:24:30.472   969   990 D AES     : AEEIOCTL_RT_MON_Kick IOCTL,cmd= 2147774474, lParam=300. 
06-03 20:24:31.015   969  2934 W ActivityManager: Background start not allowed: service Intent { cmp=com.google.android.apps.messaging/.shared.datamodel.action.execution.ActionExecutorImpl$EmptyService } to com.google.android.apps.messaging/.shared.datamodel.action.execution.ActionExecutorImpl$EmptyService from pid=20891 uid=10180 pkg=com.google.android.apps.messaging startFg?=false
06-03 20:24:31.019 20891 20891 W BugleDataModel: ActionExecutorImpl: Action started execution, but we can't guarantee it will complete, the app may be killed. Action: class com.google.android.apps.messaging.shared.datamodel.action.FixupMessageStatusOnStartupAction-FixupMessageStatusOnStartupAction:1246062001
06-03 20:24:31.019 20891 20891 W BugleDataModel: java.lang.IllegalStateException: Not allowed to start service Intent { cmp=com.google.android.apps.messaging/.shared.datamodel.action.execution.ActionExecutorImpl$EmptyService }: app is in background uid UidRecord{f56d648 u0a180 LAST idle change:cached procs:1 seq(0,0,0)}
06-03 20:24:31.019 20891 20891 W BugleDataModel: 	at android.app.ContextImpl.startServiceCommon(ContextImpl.java:1617)
06-03 20:24:31.019 20891 20891 W BugleDataModel: 	at android.app.ContextImpl.startService(ContextImpl.java:1572)
06-03 20:24:31.019 20891 20891 W BugleDataModel: 	at android.content.ContextWrapper.startService(ContextWrapper.java:669)
06-03 20:24:31.019 20891 20891 W BugleDataModel: 	at com.google.android.apps.messaging.shared.datamodel.action.execution.ActionExecutorImpl.i(PG:1)
06-03 20:24:31.019 20891 20891 W BugleDataModel: 	at com.google.android.apps.messaging.shared.datamodel.action.execution.ActionExecutorImpl.a(PG:1)
06-03 20:24:31.019 20891 20891 W BugleDataModel: 	at gkl.j(PG:3)
06-03 20:24:31.019 20891 20891 W BugleDataModel: 	at gbt.run(PG:53)
06-03 20:24:31.019 20891 20891 W BugleDataModel: 	at tmh.run(PG:2)
06-03 20:24:31.019 20891 20891 W BugleDataModel: 	at android.os.Handler.handleCallback(Handler.java:883)
06-03 20:24:31.019 20891 20891 W BugleDataModel: 	at android.os.Handler.dispatchMessage(Handler.java:100)
06-03 20:24:31.019 20891 20891 W BugleDataModel: 	at android.os.Looper.loop(Looper.java:214)
06-03 20:24:31.019 20891 20891 W BugleDataModel: 	at android.app.ActivityThread.main(ActivityThread.java:7386)
06-03 20:24:31.019 20891 20891 W BugleDataModel: 	at java.lang.reflect.Method.invoke(Native Method)
06-03 20:24:31.019 20891 20891 W BugleDataModel: 	at com.android.internal.os.RuntimeInit$MethodAndArgsCaller.run(RuntimeInit.java:492)
06-03 20:24:31.019 20891 20891 W BugleDataModel: 	at com.android.internal.os.ZygoteInit.main(ZygoteInit.java:980)
06-03 20:24:31.024 20891 20891 W BugleDataModel: ActionExecutorImpl: Action started execution, but we can't guarantee it will complete, the app may be killed. Action: class com.google.android.apps.messaging.shared.datamodel.action.ProcessPendingMessagesAction-ProcessPendingMessagesAction:1246062002
06-03 20:24:31.024 20891 20891 W BugleDataModel: java.lang.IllegalStateException: Not allowed to start service Intent { cmp=com.google.android.apps.messaging/.shared.datamodel.action.execution.ActionExecutorImpl$EmptyService }: app is in background uid UidRecord{f56d648 u0a180 LAST idle change:cached procs:1 seq(0,0,0)}
06-03 20:24:31.024 20891 20891 W BugleDataModel: 	at android.app.ContextImpl.startServiceCommon(ContextImpl.java:1617)
06-03 20:24:31.024 20891 20891 W BugleDataModel: 	at android.app.ContextImpl.startService(ContextImpl.java:1572)
06-03 20:24:31.024 20891 20891 W BugleDataModel: 	at android.content.ContextWrapper.startService(ContextWrapper.java:669)
06-03 20:24:31.024 20891 20891 W BugleDataModel: 	at com.google.android.apps.messaging.shared.datamodel.action.execution.ActionExecutorImpl.i(PG:1)
06-03 20:24:31.024 20891 20891 W BugleDataModel: 	at com.google.android.apps.messaging.shared.datamodel.action.execution.ActionExecutorImpl.a(PG:1)
06-03 20:24:31.024 20891 20891 W BugleDataModel: 	at gkl.j(PG:3)
06-03 20:24:31.024 20891 20891 W BugleDataModel: 	at gbt.run(PG:53)
06-03 20:24:31.024 20891 20891 W BugleDataModel: 	at tmh.run(PG:2)
06-03 20:24:31.024 20891 20891 W BugleDataModel: 	at android.os.Handler.handleCallback(Handler.java:883)
06-03 20:24:31.024 20891 20891 W BugleDataModel: 	at android.os.Handler.dispatchMessage(Handler.java:100)
06-03 20:24:31.024 20891 20891 W BugleDataModel: 	at android.os.Looper.loop(Looper.java:214)
06-03 20:24:31.024 20891 20891 W BugleDataModel: 	at android.app.ActivityThread.main(ActivityThread.java:7386)
06-03 20:24:31.024 20891 20891 W BugleDataModel: 	at java.lang.reflect.Method.invoke(Native Method)
06-03 20:24:31.024 20891 20891 W BugleDataModel: 	at com.android.internal.os.RuntimeInit$MethodAndArgsCaller.run(RuntimeInit.java:492)
06-03 20:24:31.024 20891 20891 W BugleDataModel: 	at com.android.internal.os.ZygoteInit.main(ZygoteInit.java:980)
06-03 20:24:31.065 20891 20939 I BugleDataModel: FixupMessageStatusOnStartupAction: sendFailedCnt: 0, downloadFailedCnt: 0, partsProcessingFailedCnt: 0
06-03 20:24:31.147 20891 20939 I BugleDataModel: PendingMessagesProcessor: process from FixupMessageStatusOnStartupAction due to connectivity changed with delay 0 with queues:
06-03 20:24:31.148 20891 20939 I BugleDataModel: ProcessPendingMessagesTimers: cleared next retry time for channel sms_send 
06-03 20:24:31.148 20891 20939 I BugleDataModel: ProcessPendingMessagesTimers: cleared next retry time for channel mms_send 
06-03 20:24:31.148 20891 20939 I BugleDataModel: ProcessPendingMessagesTimers: cleared next retry time for channel mms_download 
06-03 20:24:31.148 20891 20939 I BugleDataModel: ProcessPendingMessagesTimers: cleared next retry time for channel rcs_send 
06-03 20:24:31.149 20891 20939 I BugleDataModel: ProcessPendingMessagesTimers: cleared next retry time for channel rcs_ft_upload 
06-03 20:24:31.149 20891 20939 I BugleDataModel: ProcessPendingMessagesTimers: cleared next retry time for channel rcs_ft_download 
06-03 20:24:31.149 20891 20939 I BugleDataModel: ProcessPendingMessagesTimers: cleared next retry time for channel cloud_sync_send 
06-03 20:24:31.149 20891 20939 I BugleDataModel: ProcessPendingMessagesTimers: cleared next retry time for channel cloud_sync_attachment_download 
06-03 20:24:31.192   335  1349 I BufferQueueProducer: [org.mozilla.firefox/org.mozilla.firefox.App#1](this:0xa6db6000,id:174,api:1,p:7825,c:335) queueBuffer: fps=2.00 dur=1499.36 max=501.21 min=498.51
06-03 20:24:31.198   335   335 I BufferQueueProducer: [FramebufferSurface](this:0xa7668000,id:0,api:1,p:335,c:335) queueBuffer: fps=2.01 dur=1490.14 max=501.84 min=488.38
06-03 20:24:31.199   319   354 I hwcomposer: [HWCDisplay] [Display_0 (type:1)] fps:2.012650,dur:1490.57,max:502.28,min:488.43  
06-03 20:24:31.201 20891 20939 I BugleDataModel: PendingMessagesProcessor: process from ProcessPendingMessagesAction due to scheduled processing with delay 0 with queues:
06-03 20:24:31.264 20891 20891 W BugleDataModel: ActionExecutorImpl: Action started execution, but we can't guarantee it will complete, the app may be killed. Action: class com.google.android.apps.messaging.shared.datamodel.action.GenericWorkerQueueAction-GenericWorkerQueueAction:1246062005
06-03 20:24:31.264 20891 20891 W BugleDataModel: java.lang.IllegalStateException: Not allowed to start service Intent { cmp=com.google.android.apps.messaging/.shared.datamodel.action.execution.ActionExecutorImpl$EmptyService }: app is in background uid UidRecord{f56d648 u0a180 LAST idle change:cached procs:1 seq(0,0,0)}
06-03 20:24:31.264 20891 20891 W BugleDataModel: 	at android.app.ContextImpl.startServiceCommon(ContextImpl.java:1617)
06-03 20:24:31.264 20891 20891 W BugleDataModel: 	at android.app.ContextImpl.startService(ContextImpl.java:1572)
06-03 20:24:31.264 20891 20891 W BugleDataModel: 	at android.content.ContextWrapper.startService(ContextWrapper.java:669)
06-03 20:24:31.264 20891 20891 W BugleDataModel: 	at com.google.android.apps.messaging.shared.datamodel.action.execution.ActionExecutorImpl.i(PG:1)
06-03 20:24:31.264 20891 20891 W BugleDataModel: 	at com.google.android.apps.messaging.shared.datamodel.action.execution.ActionExecutorImpl.a(PG:1)
06-03 20:24:31.264 20891 20891 W BugleDataModel: 	at gkl.j(PG:3)
06-03 20:24:31.264 20891 20891 W BugleDataModel: 	at gbt.run(PG:53)
06-03 20:24:31.264 20891 20891 W BugleDataModel: 	at tmh.run(PG:2)
06-03 20:24:31.264 20891 20891 W BugleDataModel: 	at android.os.Handler.handleCallback(Handler.java:883)
06-03 20:24:31.264 20891 20891 W BugleDataModel: 	at android.os.Handler.dispatchMessage(Handler.java:100)
06-03 20:24:31.264 20891 20891 W BugleDataModel: 	at android.os.Looper.loop(Looper.java:214)
06-03 20:24:31.264 20891 20891 W BugleDataModel: 	at android.app.ActivityThread.main(ActivityThread.java:7386)
06-03 20:24:31.264 20891 20891 W BugleDataModel: 	at java.lang.reflect.Method.invoke(Native Method)
06-03 20:24:31.264 20891 20891 W BugleDataModel: 	at com.android.internal.os.RuntimeInit$MethodAndArgsCaller.run(RuntimeInit.java:492)
06-03 20:24:31.264 20891 20891 W BugleDataModel: 	at com.android.internal.os.ZygoteInit.main(ZygoteInit.java:980)
06-03 20:24:31.291 20891 20934 I BugleJobs: GenericWorkerQueueAction: Bailing early, no work found, no failed work found
06-03 20:24:31.410  1722  1722 I ADB_SERVICES: service_to_fd shell,v2,TERM=xterm-256color,raw:cat /proc/meminfo
06-03 20:24:31.460  1722 21047 I ADB_SERVICES: post waitpid (pid=21046) status=0000
06-03 20:24:31.461  1722  1722 I ADB_SERVICES: for fd 23, revents = 2011
06-03 20:24:31.461  1722  1722 I ADB_SERVICES: for fd 23, revents = 2011
06-03 20:24:31.471  1722  1722 I ADB_SERVICES: service_to_fd shell,v2,TERM=xterm-256color,raw:ps -A
06-03 20:24:31.640  1722 21049 I ADB_SERVICES: post waitpid (pid=21048) status=0000
06-03 20:24:31.640  1722  1722 I ADB_SERVICES: for fd 23, revents = 2010
06-03 20:24:31.641  1722  1722 I ADB_SERVICES: for fd 23, revents = 2011
06-03 20:24:31.642   347   535 I MAL-DATAMNGR:  (           dm_read_event,  114) [DMGR-INF] read_netlink: nlmsg_type = 28
06-03 20:24:32.020  1722  1722 I ADB_SERVICES: service_to_fd shell,v2,TERM=xterm-256color,raw:input keyevent KEYCODE_ENTER
06-03 20:24:32.125   969  1073 E WifiVendorHal: getWifiLinkLayerStats_1_3_Internal(l.927) failed {.code = ERROR_NOT_SUPPORTED, .description = }
06-03 20:24:32.194   335  1349 I BufferQueueProducer: [org.mozilla.firefox/org.mozilla.firefox.App#1](this:0xa6db6000,id:174,api:1,p:7825,c:335) queueBuffer: fps=2.00 dur=1002.22 max=503.58 min=498.64
06-03 20:24:32.207   335   335 I BufferQueueProducer: [FramebufferSurface](this:0xa7668000,id:0,api:1,p:335,c:335) queueBuffer: fps=1.98 dur=1009.34 max=511.24 min=498.11
06-03 20:24:32.208   319   354 I hwcomposer: [HWCDisplay] [Display_0 (type:1)] fps:1.982083,dur:1009.04,max:511.38,min:497.66  
06-03 20:24:32.356   322   878 E VT HIDL : [IVT] [VT THREAD] [VT_Bind] des = volte_imsvt1 Fail to connect . retry count: 412
06-03 20:24:32.357   322   878 D VT HIDL : [IVT] isIMCBrun : False
06-03 20:24:32.651  1722  1722 I ADB_SERVICES: service_to_fd shell,v2,TERM=xterm-256color,raw:cat /proc/meminfo
06-03 20:24:32.675 21050 21050 D AVStageFactory: createInstance(32bit): createVendorAVFactory success!
06-03 20:24:32.676 21050 21050 D AVStageUtils: createInstance(32bit): createVendorAVUtils success!
06-03 20:24:32.676 21050 21050 D AVStageFactory: createInstance(32bit): createVendorAVFactory success!
06-03 20:24:32.676 21050 21050 D AndroidRuntime: >>>>>> START com.android.internal.os.RuntimeInit uid 2000 <<<<<<
06-03 20:24:32.683 21050 21050 W app_process: type=1400 audit(0.0:2420): avc: denied { read } for name="u:object_r:device_config_runtime_native_boot_prop:s0" dev="tmpfs" ino=6386 scontext=u:r:shell:s0 tcontext=u:object_r:device_config_runtime_native_boot_prop:s0 tclass=file permissive=0
06-03 20:24:32.688 21050 21050 E libc    : Access denied finding property "persist.device_config.runtime_native_boot.enable_apex_image"
06-03 20:24:32.688 21050 21050 I AndroidRuntime: Using default boot image
06-03 20:24:32.688 21050 21050 E libc    : Access denied finding property "persist.device_config.runtime_native_boot.disable_lock_profiling"
06-03 20:24:32.689 21050 21050 I AndroidRuntime: Leaving lock profiling enabled
06-03 20:24:32.689 21050 21050 E libc    : Access denied finding property "persist.device_config.runtime_native_boot.enable_generational_cc"
06-03 20:24:32.687 21050 21050 W app_process: type=1400 audit(0.0:2421): avc: denied { read } for name="u:object_r:device_config_runtime_native_boot_prop:s0" dev="tmpfs" ino=6386 scontext=u:r:shell:s0 tcontext=u:object_r:device_config_runtime_native_boot_prop:s0 tclass=file permissive=0
06-03 20:24:32.704 21050 21050 W app_process: Could not reserve sentinel fault page
06-03 20:24:32.735  1722 21053 I ADB_SERVICES: post waitpid (pid=21052) status=0000
06-03 20:24:32.736  1722  1722 I ADB_SERVICES: for fd 27, revents = 2011
06-03 20:24:32.736  1722  1722 I ADB_SERVICES: for fd 27, revents = 2011
06-03 20:24:32.746  1722  1722 I ADB_SERVICES: service_to_fd shell,v2,TERM=xterm-256color,raw:ps -A
06-03 20:24:32.933  1722 21055 I ADB_SERVICES: post waitpid (pid=21054) status=0000
06-03 20:24:32.934  1722  1722 I ADB_SERVICES: for fd 27, revents = 2011
06-03 20:24:32.934  1722  1722 I ADB_SERVICES: for fd 27, revents = 2011
06-03 20:24:32.990 21050 21050 D ICU     : Time zone APEX file found: /apex/com.android.tzdata/etc/icu/icu_tzdata.dat
06-03 20:24:33.069 21050 21050 W app_process: JNI RegisterNativeMethods: attempt to register 0 native methods for android.media.AudioAttributes
06-03 20:24:33.085 21050 21050 D AndroidRuntime: Calling main entry com.android.commands.input.Input
06-03 20:24:31.023   969  2934 I chatty  : uid=1000(system) Binder:969_17 identical 1 line
06-03 20:24:31.262   969  2934 W ActivityManager: Background start not allowed: service Intent { cmp=com.google.android.apps.messaging/.shared.datamodel.action.execution.ActionExecutorImpl$EmptyService } to com.google.android.apps.messaging/.shared.datamodel.action.execution.ActionExecutorImpl$EmptyService from pid=20891 uid=10180 pkg=com.google.android.apps.messaging startFg?=false
06-03 20:24:33.096   969  1063 V SettingsProvider: name : status_inactivewakeup appId : 1000
06-03 20:24:33.103   969   984 D LocationManagerService: GnssStatusListener from uid 10158 is now foreground
06-03 20:24:33.103   969   984 D LocationManagerService: GnssStatusListener from uid 10158 is now foreground
06-03 20:24:33.109   610   917 I netd    : firewallSetUidRule(2, 10139, 2) <0.09ms>
06-03 20:24:33.113  1359  1359 I GoogleInputMethodService: GoogleInputMethodService.onFinishInputView():2252 
06-03 20:24:33.116  7825  7825 I NavController: Ignoring popBackStack to destination org.mozilla.firefox:id/browserFragment as it was not found on the current back stack
06-03 20:24:33.131  7825  8002 D Surface : Surface::disconnect(this=0x6800a000,api=1)
06-03 20:24:33.132   335   498 I BufferQueueProducer: [org.mozilla.firefox/org.mozilla.firefox.App#1](this:0xa6db6000,id:174,api:1,p:7825,c:335) disconnect(P): api 1
06-03 20:24:33.133  7825  8002 D Surface : Surface::disconnect(this=0x6800a000,api=1)
06-03 20:24:33.134   335   498 I BufferQueueProducer: [org.mozilla.firefox/org.mozilla.firefox.App#1](this:0xa6db6000,id:174,api:1,p:-1,c:335) disconnect(P): api 1
06-03 20:24:33.134   335   498 E BufferQueueProducer: [org.mozilla.firefox/org.mozilla.firefox.App#1](this:0xa6db6000,id:174,api:1,p:-1,c:335) disconnect: not connected (req=1)
06-03 20:24:33.134  7825  8002 W libEGL  : EGLNativeWindowType 0x5e72ec08 disconnect failed
06-03 20:24:33.135  7825  7825 D View    : [Warning] assignParent to null: this = DecorView@261d9b8[App]
06-03 20:24:33.135  1359  1359 I KeyboardWrapper: KeyboardWrapper.consumeEvent():273 Skip consuming an event as current keyboard is deactivated (state=0, keyboard existence=true)
06-03 20:24:33.136  1359  1359 I VoiceInputManagerWrapper: VoiceInputManagerWrapper.shutdown():77 shutdown()
06-03 20:24:33.136   335   498 I BufferQueueProducer: [NavigationBar0#0](this:0xa6e2c000,id:9,api:1,p:1110,c:335) queueBuffer: fps=0.12 dur=59365.00 max=59226.85 min=10.82
06-03 20:24:33.145  1359  1359 I AndroidIME: AbstractIme.onDeactivate():214 LatinIme.onDeactivate()
06-03 20:24:33.152  1359  1359 V PhoneWindow: DecorView setVisiblity: visibility = 8, Parent = android.view.ViewRootImpl@daad4a7, this = DecorView@11f015b[InputMethod]
06-03 20:24:33.156   335   335 I BufferQueue: [org.mozilla.firefox/org.mozilla.firefox.App#1](this:0xa6db6000,id:174,api:1,p:-1,c:-1) ~BufferQueueCore
06-03 20:24:33.165   969  1063 W WindowManager: Failed looking up window callers=com.android.server.wm.InputManagerCallback.interceptKeyBeforeDispatching:182 com.android.server.input.InputManagerService.interceptKeyBeforeDispatching:1839 <bottom of call stack> 
06-03 20:24:33.170  1359  1359 I GoogleInputMethodService: GoogleInputMethodService.onStartInput():1903 onStartInput(EditorInfo{inputType=0x11(Uri) imeOptions=0x17000002 privateImeOptions=null actionName=GO actionLabel=null actionId=0 initialSelStart=43 initialSelEnd=43 initialCapsMode=0x0 hintText=non-empty label=null packageName=org.mozilla.firefox fieldId=2131362609 fieldName=null extras=Bundle[mParcelledData.dataSize=568]}, true)
06-03 20:24:33.176  7825  7930 I SessionStorage/AutoSave: Save: New tab selected
06-03 20:24:33.179  7825  7825 W InputEventReceiver: Attempted to finish an input event but the input event receiver has already been disposed.
06-03 20:24:33.182  1359  1359 I GoogleInputMethodService: GoogleInputMethodService.updateDeviceLockedStatus():2100 checkRepeatedly = true, unlocked = true
06-03 20:24:33.183  1359  1359 W SessionManager: SessionManager.beginSession():53 Try to begin an already begun session [INPUT_SESSION], end it first
06-03 20:24:33.220   319   354 I hwcomposer: [HWCDisplay] [Display_0 (type:1)] fps:6.911909,dur:1012.74,max:500.13,min:13.07  
06-03 20:24:33.224  1359  1359 I GoogleInputMethodService: GoogleInputMethodService.onFinishInput():3204 
06-03 20:24:33.226  1359  1359 I GoogleInputMethodService: GoogleInputMethodService.updateDeviceLockedStatus():2100 checkRepeatedly = false, unlocked = true
06-03 20:24:33.227  1359  1359 I GoogleInputMethodService: GoogleInputMethodService.onStartInput():1903 onStartInput(EditorInfo{inputType=0x0(NULL) imeOptions=0x0 privateImeOptions=null actionName=UNSPECIFIED actionLabel=null actionId=0 initialSelStart=-1 initialSelEnd=-1 initialCapsMode=0x0 hintText=null label=null packageName=org.mozilla.firefox fieldId=2131363070 fieldName=null extras=null}, false)
06-03 20:24:33.229  1359  1359 I GoogleInputMethodService: GoogleInputMethodService.updateDeviceLockedStatus():2100 checkRepeatedly = true, unlocked = true
06-03 20:24:33.236  1359  8532 D Surface : Surface::disconnect(this=0x80491800,api=1)
06-03 20:24:33.237   335   373 I BufferQueueProducer: [InputMethod#0](this:0xa584b000,id:175,api:1,p:1359,c:335) disconnect(P): api 1
06-03 20:24:33.241  1359  8532 D Surface : Surface::disconnect(this=0x80491800,api=1)
06-03 20:24:33.243   335   373 I BufferQueueProducer: [InputMethod#0](this:0xa584b000,id:175,api:1,p:-1,c:335) disconnect(P): api 1
06-03 20:24:33.244   335   373 E BufferQueueProducer: [InputMethod#0](this:0xa584b000,id:175,api:1,p:-1,c:335) disconnect: not connected (req=1)
06-03 20:24:33.244  1359  8532 W libEGL  : EGLNativeWindowType 0x91eec948 disconnect failed
06-03 20:24:33.274  1359  1359 I GoogleInputMethodService: GoogleInputMethodService.onFinishInput():3204 
06-03 20:24:33.277  1359  1359 I GoogleInputMethodService: GoogleInputMethodService.updateDeviceLockedStatus():2100 checkRepeatedly = false, unlocked = true
06-03 20:24:33.277  1359  1359 I GoogleInputMethodService: GoogleInputMethodService.onStartInput():1903 onStartInput(EditorInfo{inputType=0x0(NULL) imeOptions=0x0 privateImeOptions=null actionName=UNSPECIFIED actionLabel=null actionId=0 initialSelStart=-1 initialSelEnd=-1 initialCapsMode=0x0 hintText=null label=null packageName=org.mozilla.firefox fieldId=-1 fieldName=null extras=null}, false)
06-03 20:24:33.279  1359  1359 I GoogleInputMethodService: GoogleInputMethodService.updateDeviceLockedStatus():2100 checkRepeatedly = true, unlocked = true
06-03 20:24:33.308   335   335 I BufferQueueProducer: [FramebufferSurface](this:0xa7668000,id:0,api:1,p:335,c:335) queueBuffer: fps=2.72 dur=1101.02 max=500.20 min=166.60
06-03 20:24:33.386   335   335 I BufferQueue: [InputMethod#0](this:0xa584b000,id:175,api:1,p:-1,c:-1) ~BufferQueueCore
06-03 20:24:33.444  7825  7825 I WebExtension: releasePendingMessages: extension=fxa@mozac.org nativeApp=mozacWebchannelBackground session=null
06-03 20:24:33.460 21050 21050 D AndroidRuntime: Shutting down VM
06-03 20:24:33.501   335   370 I SurfaceFlinger: [SF client] NEW(0xa6d84850) for (7825:org.mozilla.firefox)
06-03 20:24:33.504   335   370 I BufferQueue: [unnamed-335-176](this:0xa6db6000,id:176,api:0,p:-1,c:-1) BufferQueue core=(335:/system/bin/surfaceflinger)
06-03 20:24:33.505   335   370 I BufferQueueConsumer: [unnamed-335-176](this:0xa6db6000,id:176,api:0,p:-1,c:335) connect(C): consumer=(335:/system/bin/surfaceflinger) controlledByApp=false
06-03 20:24:33.505   335   370 I BufferQueueConsumer: [unnamed-335-176](this:0xa6db6000,id:176,api:0,p:-1,c:335) setConsumerName: unnamed-335-176
06-03 20:24:33.505   335   370 I BufferQueueConsumer: [SurfaceView - org.mozilla.firefox/org.mozilla.firefox.App#0](this:0xa6db6000,id:176,api:0,p:-1,c:335) setConsumerName: SurfaceView - org.mozilla.firefox/org.mozilla.firefox.App#0
06-03 20:24:33.505   335   370 I BufferQueueConsumer: [SurfaceView - org.mozilla.firefox/org.mozilla.firefox.App#0](this:0xa6db6000,id:176,api:0,p:-1,c:335) setDefaultBufferSize: width=480 height=746
06-03 20:24:33.510  7825  7825 E         : [onConstructor]: an error ged handle
06-03 20:24:33.511  7825  7825 D ViewRootImpl: setSurfaceViewCreated, created:true
06-03 20:24:33.519 21050 21050 D RefBase : RefBase: Explicit destruction, weak count = 0 (in 0xa88350d8)
06-03 20:24:33.521 21050 21050 W RefBase : CallStack::getCurrentInternal not linked, returning null
06-03 20:24:33.521 21050 21050 W RefBase : CallStack::logStackInternal not linked
06-03 20:24:33.535   335   370 I BufferQueueProducer: [org.mozilla.firefox/org.mozilla.firefox.App#0](this:0xa6e20000,id:170,api:1,p:7825,c:335) queueBuffer: fps=0.20 dur=59636.42 max=59103.68 min=13.87
06-03 20:24:33.539  1722 21051 I ADB_SERVICES: post waitpid (pid=21050) status=0000
06-03 20:24:33.540  1722  1722 I ADB_SERVICES: for fd 23, revents = 2011
06-03 20:24:33.540  1722  1722 I ADB_SERVICES: for fd 23, revents = 2011
06-03 20:24:33.560   969   993 I ServiceRecord: ServicesRecord broadcast notify intent package = org.mozilla.firefox pid = 7825
06-03 20:24:33.588  1110  1110 D CustomizeUtils: getConfig() : srsId = F_FIH_ADJUST_NOTIFICATION_PADDING result = false type = bool pkg = com.android.systemui
06-03 20:24:33.599  7825  7825 I WebExtension: releasePendingMessages: extension=ads@mozac.org nativeApp=MozacBrowserAdsMessage session=org.mozilla.geckoview.GeckoSession@72bf53d
06-03 20:24:33.601  1110  1110 D CustomizeUtils: getConfig() : srsId = F_FIH_ADJUST_NOTIFICATION_PADDING result = false type = bool pkg = com.android.systemui
06-03 20:24:33.602  1110  1110 D CustomizeUtils: getConfig() : srsId = F_FIH_ADJUST_NOTIFICATION_PADDING result = false type = bool pkg = com.android.systemui
06-03 20:24:33.604  7825  7825 I WebExtension: releasePendingMessages: extension=icons@mozac.org nativeApp=MozacBrowserIcons session=org.mozilla.geckoview.GeckoSession@72bf53d
06-03 20:24:33.606  7825  7825 I WebExtension: releasePendingMessages: extension=cookies@mozac.org nativeApp=MozacBrowserSearchMessage session=org.mozilla.geckoview.GeckoSession@72bf53d
06-03 20:24:33.642  1110  1793 D CustomizeUtils: getConfig() : srsId = F_FIH_DISABLE_STATUS_BAR_SCALE result = false type = bool pkg = com.android.systemui
06-03 20:24:33.672  7825  7825 I WebExtension: releasePendingMessages: extension=fxa@mozac.org nativeApp=mozacWebchannel session=org.mozilla.geckoview.GeckoSession@72bf53d
06-03 20:24:33.673  7825  7825 I WebExtension: releasePendingMessages: extension=readerview@mozac.org nativeApp=mozacReaderviewActive session=org.mozilla.geckoview.GeckoSession@72bf53d
06-03 20:24:33.673  7825  7825 I WebExtension: releasePendingMessages: extension=readerview@mozac.org nativeApp=mozacReaderview session=org.mozilla.geckoview.GeckoSession@72bf53d
06-03 20:24:33.675  7825  7825 I WebExtension: releasePendingMessages: extension=readerview@mozac.org nativeApp=mozacReaderviewActive session=org.mozilla.geckoview.GeckoSession@72bf53d
06-03 20:24:33.676  7825  7825 I WebExtension: releasePendingMessages: extension=readerview@mozac.org nativeApp=mozacReaderview session=org.mozilla.geckoview.GeckoSession@72bf53d
06-03 20:24:33.681   969  1223 D ActivityManager: Package [org.mozilla.firefox] have process
06-03 20:24:33.681   969  1223 D AppOps  : checkOperation: uid reject #1 for code 87 uid 10191 package org.mozilla.firefox
06-03 20:24:33.708   579   579 D Zygote  : Forked child process 21071
06-03 20:24:33.715   969   994 I ActivityManager: Start proc 21071:org.mozilla.firefox:tab28/u0a191 for service {org.mozilla.firefox/org.mozilla.gecko.process.GeckoChildProcessServices$tab28}
06-03 20:24:33.716   969   994 D ActivityManager: handleProcessStartedLocked mDoneFinishBooting && app.pid != 0 ---> notifyProcessStart, app.processName = org.mozilla.firefox:tab28, app.info = ApplicationInfo{fb9ce0a org.mozilla.firefox}, app.hostingType = service, getHostingName() = ComponentInfo{org.mozilla.firefox/org.mozilla.gecko.process.GeckoChildProcessServices$tab28}, getIntentFlag() = 0, getIsPackageRunning() = true, app = ProcessRecord{6f3908d 21071:org.mozilla.firefox:tab28/u0a191}, getExtraData() = Bundle[{SERVICE_INTENT=Intent { cmp=org.mozilla.firefox/org.mozilla.gecko.process.GeckoChildProcessServices$tab28 }, CALLER_PACKAGE=org.mozilla.firefox}]
06-03 20:24:33.756 21071 21071 E a.firefox:tab2: Not starting debugger since process cannot load the jdwp agent.
06-03 20:24:33.777   969  1223 V ActivityManager: New death recipient com.android.server.am.ActivityManagerService$AppDeathRecipient@5cdb242 for thread android.os.BinderProxy@5f13253, pid:21071,mApp:null
06-03 20:24:33.847  1110  1110 D CustomizeUtils: getConfig() : srsId = F_FIH_ADJUST_NOTIFICATION_PADDING result = false type = bool pkg = com.android.systemui
06-03 20:24:33.868  1110  1110 I chatty  : uid=10107(com.android.systemui) identical 10 lines
06-03 20:24:33.869  1110  1110 D CustomizeUtils: getConfig() : srsId = F_FIH_ADJUST_NOTIFICATION_PADDING result = false type = bool pkg = com.android.systemui
06-03 20:24:33.904   335  1349 I BufferQueueProducer: [StatusBar#0](this:0xa6deb000,id:5,api:1,p:1110,c:335) queueBuffer: fps=0.06 dur=33854.86 max=33830.69 min=24.17
06-03 20:24:33.944  1722  1722 I ADB_SERVICES: service_to_fd shell,v2,TERM=xterm-256color,raw:cat /proc/meminfo
06-03 20:24:34.007  1722 21092 I ADB_SERVICES: post waitpid (pid=21091) status=0000
06-03 20:24:34.007  1722  1722 I ADB_SERVICES: for fd 23, revents = 2011
06-03 20:24:34.008  1722  1722 I ADB_SERVICES: for fd 23, revents = 2011
06-03 20:24:34.014  1722  1722 I ADB_SERVICES: service_to_fd shell,v2,TERM=xterm-256color,raw:ps -A
06-03 20:24:34.206  1722 21094 I ADB_SERVICES: post waitpid (pid=21093) status=0000
06-03 20:24:34.206  1722  1722 I ADB_SERVICES: for fd 23, revents = 2011
06-03 20:24:34.206  1722  1722 I ADB_SERVICES: for fd 23, revents = 2011
06-03 20:24:34.246 21071 21071 I ServiceChildProcess: onCreate
06-03 20:24:34.250 21071 21095 I GeckoThread: preparing to run Gecko
06-03 20:24:34.261 21071 21095 I GeckoLoader: Library base=/data/app/org.mozilla.firefox-5cu45lqRHzgPHMhzwpYrrA==/lib/arm
06-03 20:24:34.261 21071 21095 I GeckoLoader: Library base=/data/app/org.mozilla.firefox-5cu45lqRHzgPHMhzwpYrrA==/lib/arm
06-03 20:24:34.263 21071 21095 E GeckoLibLoad: Load sqlite start
06-03 20:24:34.264 21071 21095 E GeckoLibLoad: Load sqlite done
06-03 20:24:34.265 21071 21095 I GeckoLoader: Library base=/data/app/org.mozilla.firefox-5cu45lqRHzgPHMhzwpYrrA==/lib/arm
06-03 20:24:34.265 21071 21095 E GeckoLibLoad: Load nss start
06-03 20:24:34.265 21071 21095 E GeckoLibLoad: Load nss done
06-03 20:24:34.265 21071 21095 I GeckoLoader: Library base=/data/app/org.mozilla.firefox-5cu45lqRHzgPHMhzwpYrrA==/lib/arm
06-03 20:24:34.267 21071 21095 E GeckoLibLoad: Loaded libs in 1.520769ms total, 0ms(0ms) user, 0ms(0ms) system, 0(0) faults
06-03 20:24:34.268 21071 21095 W GeckoThread: zerdatime 1255369 - runGecko
06-03 20:24:34.292  7825  8268 D Surface : Surface::connect(this=0x69451000,api=1)
06-03 20:24:34.294   335   373 I BufferQueueProducer: [SurfaceView - org.mozilla.firefox/org.mozilla.firefox.App#0](this:0xa6db6000,id:176,api:1,p:7825,c:335) connect(P): api=1 producer=(7825:org.mozilla.firefox) producerControlledByApp=false
06-03 20:24:34.296  7825  8268 D mali_winsys: EGLint new_window_surface(egl_winsys_display *, void *, EGLSurface, EGLConfig, egl_winsys_surface **, EGLBoolean) returns 0x3000
06-03 20:24:34.301  7825  7919 I GeckoSession: zerdatime 1255402 - chrome startup finished
06-03 20:24:34.314  7825  7825 I GeckoSession: handleMessage GeckoView:PageStart uri=
06-03 20:24:34.316  7825  7825 I GeckoSession: handleMessage GeckoView:PageStop uri=null
06-03 20:24:34.338   323   433 W [Gralloc-Warning]: alloc_from_ion_heap:306 alloc_from_ion_heap: size=1432320, heap_mask=1024, flags=0, heap_type=10
06-03 20:24:34.358   319   354 I hwcomposer: [HWCDisplay] [Display_0 (type:1)] fps:25.501766,dur:1137.18,max:320.51,min:11.23  
06-03 20:24:34.511   245   245 I hwservicemanager: Notifying android.hardware.light@2.0::ILight/default they have clients: 0
06-03 20:24:34.512 21016 21016 I /vendor/bin/hw/android.hardware.light@2.0-service-mediatek-lazy: Process has 0 (of 1 available) client(s) in use after notification android.hardware.light@2.0::ILight has clients: 0
06-03 20:24:34.512 21016 21016 I /vendor/bin/hw/android.hardware.light@2.0-service-mediatek-lazy: Trying to exit HAL. No clients in use for any service in process.
06-03 20:24:34.513   245   245 I hwservicemanager: Notifying android.hardware.light@2.0::ILight/default they have clients: 1
06-03 20:24:34.514 21016 21016 I /vendor/bin/hw/android.hardware.light@2.0-service-mediatek-lazy: Unregistered all clients and exiting
06-03 20:24:34.690   323   433 W [Gralloc-Warning]: alloc_from_ion_heap:306 alloc_from_ion_heap: size=1432320, heap_mask=1024, flags=0, heap_type=10
06-03 20:24:34.751  7825  7825 I GeckoSession: handleMessage GeckoView:PageStart uri=
06-03 20:24:34.786   335   373 I BufferQueueProducer: [org.mozilla.firefox/org.mozilla.firefox.App#0](this:0xa6e20000,id:170,api:1,p:7825,c:335) queueBuffer: fps=4.80 dur=1250.76 max=630.15 min=9.43
06-03 20:24:34.792   347   529 I MAL-Daemon:  (      mfi_task_bootstrap,  400) mfi_task_bootstrap(): an event EVENT_ATMNGR_URC(18) incoming from FD 23!!
06-03 20:24:34.795   347   559 I MAL-RDS :  (         rds_ru_urc_hdlr, 2287) [RDS-I][RDS][rds_ru_urc_hdlr] get URC data: +ECSQ: 37,40,1,-334,-17,1,1,2,32767
06-03 20:24:34.795   347   559 I MAL-RDS :  (          rds_ru_rpl_gen, 7843) [RDS-I][RU][rds_ru_rpl_gen][RDS] Current policy: fgimsolte_en<0>, fgwfc_en<0>, erdspolicy<3>,||Threshold i4wifirssih<-75>, i4wifirssil<-85>, i4wifirssih_ho<-78>, i4wifirssil_ho<-88>, i4wifisnrh<10>, i4wifisnrl<6>||Threshold i4ltersrph<-106>, i4ltersrpm<-111>, i4ltersrpl<-116>, i4ltersrqh<5>, i4ltersrqm<3>, i4ltersrql<1>||Threshold i4utranrscph<-104>, i4utranrscpl<-110>, i4gsmrssih<-94>, i4gsmrssil<-102>||current rds ru status: i4wifirssi<-34>, i4wifisnr<60>, i4ltersrp<-84>, i4ltersrq<40>, i4utranrscp<-84>, i4gsmrssi<-141>, u4active_ran<1>, flight_mode_activating<0>, ims_roamb<-1>, mms_roamb<-1>||current wifi backhaul : rtp_plr<0>, rtp_jitter<0>, ping_ind<0>||pcscf acc stat : volte<1>, wfc<1> || wifi acc_ctrl:<0>, || current MD stat : MD1 roam <0>, ||Call stat : IR92<0>, IR94<0>, SMS over IP<0>
06-03 20:24:35.137   969  1073 E WifiVendorHal: getWifiLinkLayerStats_1_3_Internal(l.927) failed {.code = ERROR_NOT_SUPPORTED, .description = }
06-03 20:24:35.215  1722  1722 I ADB_SERVICES: service_to_fd shell,v2,TERM=xterm-256color,raw:cat /proc/meminfo
06-03 20:24:35.270  1722 21124 I ADB_SERVICES: post waitpid (pid=21123) status=0000
06-03 20:24:35.271  1722  1722 I ADB_SERVICES: for fd 23, revents = 2011
06-03 20:24:35.271  1722  1722 I ADB_SERVICES: for fd 23, revents = 2011
06-03 20:24:35.281  1722  1722 I ADB_SERVICES: service_to_fd shell,v2,TERM=xterm-256color,raw:ps -A
06-03 20:24:35.357   322   878 E VT HIDL : [IVT] [VT THREAD] [VT_Bind] des = volte_imsvt1 Fail to connect . retry count: 413
06-03 20:24:35.357   322   878 D VT HIDL : [IVT] isIMCBrun : False
06-03 20:24:35.404   319   354 I hwcomposer: [HWCDisplay] [Display_0 (type:1)] fps:7.645271,dur:1046.40,max:319.48,min:16.70  
06-03 20:24:35.717  1722 21126 I ADB_SERVICES: post waitpid (pid=21125) status=0000
06-03 20:24:35.718  1722  1722 I ADB_SERVICES: for fd 23, revents = 2010
06-03 20:24:35.718  1722  1722 I ADB_SERVICES: for fd 23, revents = 2011
06-03 20:24:35.992   335  1349 I BufferQueueProducer: [org.mozilla.firefox/org.mozilla.firefox.App#0](this:0xa6e20000,id:170,api:1,p:7825,c:335) queueBuffer: fps=4.97 dur=1206.69 max=443.63 min=15.95
06-03 20:24:36.019   335   373 I BufferQueueProducer: [SurfaceView - org.mozilla.firefox/org.mozilla.firefox.App#0](this:0xa6db6000,id:176,api:1,p:7825,c:335) queueBuffer: fps=1.80 dur=1667.18 max=1134.20 min=187.91
06-03 20:24:36.452  7825  7825 I GeckoSession: handleMessage GeckoView:PageStop uri=null
06-03 20:24:36.470  7825 21068 I SessionStorage/AutoSave: Save: Load finished
06-03 20:24:36.471   319   354 I hwcomposer: [HWCDisplay] [Display_0 (type:1)] fps:8.437415,dur:1066.68,max:442.56,min:16.56  
06-03 20:24:36.503   323   433 W [Gralloc-Warning]: alloc_from_ion_heap:306 alloc_from_ion_heap: size=1432320, heap_mask=1024, flags=0, heap_type=10
06-03 20:24:36.697   579   579 D Zygote  : Forked child process 21134
06-03 20:24:36.700   969   994 W ActivityManager: Slow operation: 83ms so far, now at startProcess: returned from zygote!
06-03 20:24:36.701   969   994 W ActivityManager: Slow operation: 84ms so far, now at startProcess: done updating battery stats
06-03 20:24:36.702   969   994 W ActivityManager: Slow operation: 85ms so far, now at startProcess: building log message
06-03 20:24:36.706   969   994 I ActivityManager: Start proc 21134:com.evenwell.autoregistration/1000 for service {com.evenwell.autoregistration/com.evenwell.autoregistration.Caivs.CavisService}
06-03 20:24:36.706   969   994 W ActivityManager: Slow operation: 90ms so far, now at startProcess: starting to update pids map
06-03 20:24:36.709   969   994 W ActivityManager: Slow operation: 92ms so far, now at startProcess: done updating pids map
