06-03 20:24:24.719 21016 21016 I /vendor/bin/hw/android.hardware.light@2.0-service-mediatek-lazy: Registering HAL: android.hardware.light@2.0::ILight with name: default
06-03 20:24:24.719  1722  1722 I ADB_SERVICES: for fd 26, revents = 2010
06-03 20:24:24.719  1722  1722 I ADB_SERVICES: for fd 26, revents = 2011
06-03 20:24:24.719  7825 20761 E Metrics : Unknown suggestion provider: mozilla.components.feature.awesomebar.provider.CombinedHistorySuggestionProvider@8bdb6c8
06-03 20:24:24.722 21016 21016 I ServiceManagement: Registered android.hardware.light@2.0::ILight/default (start delay of 113ms)
06-03 20:24:24.722 21016 21016 I ServiceManagement: Removing namespace from process name android.hardware.light@2.0-service-mediatek-lazy to light@2.0-service-mediatek-lazy.
06-03 20:24:24.736 21016 21016 I         : Registration complete for android.hardware.light@2.0::ILight/default.
06-03 20:24:24.738   245   245 I hwservicemanager: Notifying android.hardware.light@2.0::ILight/default they have clients: 1
06-03 20:24:24.738 21016 21016 I /vendor/bin/hw/android.hardware.light@2.0-service-mediatek-lazy: Process has 1 (of 1 available) client(s) in use after notification android.hardware.light@2.0::ILight has clients: 1
06-03 20:24:24.751 21016 21016 D lights  : write_int open fd=7
06-03 20:24:24.755   969  1107 D LightsService: Excessive delay setting light
06-03 20:24:24.760   645   722 D AAL     : onBacklightChanged: 40/1023 -> 297/1023(phy:1189/4095)
06-03 20:24:24.771 20891 20931 I Bugle   : BugleStartup: Registering SIM change receiver...
06-03 20:24:24.776 20891 20931 I Bugle   : BugleStartup: Updating app config...
06-03 20:24:24.788  7825 20759 E Metrics : Unknown suggestion provider: mozilla.components.feature.syncedtabs.SyncedTabsStorageSuggestionProvider@4305e86
06-03 20:24:24.788  7825 20760 E Metrics : Unknown suggestion provider: mozilla.components.feature.awesomebar.provider.SearchEngineSuggestionProvider@7094347
06-03 20:24:24.818  7825 20759 E Metrics : Unknown suggestion provider: mozilla.components.feature.awesomebar.provider.CombinedHistorySuggestionProvider@8bdb6c8
06-03 20:24:24.827   645   722 D AAL     : 06-03 08:24:24.761 BL=  50,ESS= 256, 06-03 08:24:24.777 BL=  61,ESS= 256, 06-03 08:24:24.798 BL=  72,ESS= 256, 06-03 08:24:24.810 BL=  83,ESS= 256, 06-03 08:24:24.827 BL=  93,ESS= 256, 
06-03 20:24:24.852   969   984 D LocationManagerService: GnssStatusListener from uid 10158 is now foreground
06-03 20:24:24.853   969   984 D LocationManagerService: GnssStatusListener from uid 10158 is now foreground
06-03 20:24:24.867  7825 20758 E Metrics : Unknown suggestion provider: mozilla.components.feature.syncedtabs.SyncedTabsStorageSuggestionProvider@4305e86
06-03 20:24:24.874 20891 20931 I Bugle   : BugleStartup: Done with SIM change receiver & app config.
06-03 20:24:24.874 20891 20931 I Bugle   : BugleStartup: Handling shared prefs upgrade & Load MMS Configuration...
06-03 20:24:24.876  7825 20761 E Metrics : Unknown suggestion provider: mozilla.components.feature.awesomebar.provider.SearchEngineSuggestionProvider@7094347
06-03 20:24:24.903  7825 20758 E Metrics : Unknown suggestion provider: mozilla.components.feature.awesomebar.provider.CombinedHistorySuggestionProvider@8bdb6c8
06-03 20:24:24.910   645   722 D AAL     : 06-03 08:24:24.843 BL= 104,ESS= 256, 06-03 08:24:24.860 BL= 115,ESS= 256, 06-03 08:24:24.882 BL= 125,ESS= 256, 06-03 08:24:24.894 BL= 136,ESS= 256, 06-03 08:24:24.910 BL= 147,ESS= 256, 
06-03 20:24:24.920  1359  2362 I native  : I0000 00:00:1654269864.920174    2362 input-context-store.cc:235] Ignoring stale client request for FetchSuggestions
06-03 20:24:24.948  7825 20760 E Metrics : Unknown suggestion provider: mozilla.components.feature.syncedtabs.SyncedTabsStorageSuggestionProvider@4305e86
06-03 20:24:24.949  7825 20759 E Metrics : Unknown suggestion provider: mozilla.components.feature.awesomebar.provider.SearchEngineSuggestionProvider@7094347
06-03 20:24:24.963  1359  1359 W InputContextProxy: InputContextProxy.applyClientDiffInternal():920 Ignore [FetchSuggestions] diff due to stale request: 316<318, inputStateId=306, lastInputStateId=306
06-03 20:24:24.979  7825 20759 E Metrics : Unknown suggestion provider: mozilla.components.feature.awesomebar.provider.CombinedHistorySuggestionProvider@8bdb6c8
06-03 20:24:24.991 20891 20891 I Bugle   : Carrier config changed. Reloading MMS config.
06-03 20:24:24.993   645   722 D AAL     : 06-03 08:24:24.931 BL= 158,ESS= 256, 06-03 08:24:24.944 BL= 168,ESS= 256, 06-03 08:24:24.960 BL= 179,ESS= 256, 06-03 08:24:24.977 BL= 190,ESS= 256, 06-03 08:24:24.993 BL= 200,ESS= 256, 
06-03 20:24:25.013 20891 20931 I BugleRcsEngine: [1579] pfj.c: do not delay first event
06-03 20:24:25.014 20891 20931 W BugleRcsEngine: [1579] pfh.a: (Sim): process intent: android.intent.action.SIM_STATE_CHANGED
06-03 20:24:25.031 20891 21019 I BugleRcsEngine: [1611] pfj.c: SIM delay is not enabled
06-03 20:24:25.020 20891 20928 I BugleRcsEngine: [1576] ojs.l: Reinitialize CSLib Flags: com.google.android.ims.library
06-03 20:24:25.045 20891 20928 I Bugle   : BugleStartup: Initializing RCS availability...
06-03 20:24:25.048 20891 20928 I Bugle   : RcsAvailabilityUtilForProvisioningEngineV2: updateAvailabilityAsync, hint: NO_HINT
06-03 20:24:25.048 20891 20928 I BugleRcs: RcsAvailabilityUpdaterRemote: postUpdateRcsAvailability, hint: NO_HINT
06-03 20:24:25.049 20891 20928 I BugleRcs: RcsAvailabilityUpdaterRemote: updateRcsAvailabilityAsync, hint: NO_HINT
06-03 20:24:25.051 20891 20928 I Bugle   : BugleStartup: Done with RCS availability.
06-03 20:24:25.051 20891 20928 I Bugle   : BugleStartup: Done initializing with enabled individual init failures.
06-03 20:24:25.053  1359  1359 W InputContextProxy: InputContextProxy.applyClientDiffInternal():920 Ignore [FetchSuggestions] diff due to stale request: 320<321, inputStateId=309, lastInputStateId=310
06-03 20:24:25.065   335   498 I BufferQueueProducer: [InputMethod#0](this:0xa584b000,id:175,api:1,p:1359,c:335) queueBuffer: fps=0.04 dur=51133.02 max=50978.93 min=154.09
06-03 20:24:25.068   323   433 W [Gralloc-Warning]: alloc_from_ion_heap:306 alloc_from_ion_heap: size=1570560, heap_mask=1024, flags=0, heap_type=10
06-03 20:24:25.078   645   722 D AAL     : 06-03 08:24:25.010 BL= 211,ESS= 256, 06-03 08:24:25.029 BL= 222,ESS= 256, 06-03 08:24:25.045 BL= 233,ESS= 256, 06-03 08:24:25.060 BL= 243,ESS= 256, 06-03 08:24:25.078 BL= 254,ESS= 256, 
06-03 20:24:25.081 20847 20956 I CarrierServices: [1585] div.d: Received Provisioning Event: [Bugle information (100)]
06-03 20:24:25.082 20847 20956 I CarrierServices: [1585] div.d: JibeService is running, passing event to provisioning engine.
06-03 20:24:25.083 20847 20956 I CarrierServices: [1585] csl.j: Handling Provisioning Event: [Bugle information (100)]
06-03 20:24:25.087 20847 20956 I CarrierServices: [1585] csv.b: RcsAvailabilityManager: Calculating Rcs Availability
06-03 20:24:25.099  7825 20758 E Metrics : Unknown suggestion provider: mozilla.components.feature.syncedtabs.SyncedTabsStorageSuggestionProvider@4305e86
06-03 20:24:25.100  7825 20758 E Metrics : Unknown suggestion provider: mozilla.components.feature.awesomebar.provider.SearchEngineSuggestionProvider@7094347
06-03 20:24:25.109 20891 20931 W BugleRcsEngine: [1579] pfh.L: (Sim): EXTRA_SLOT_KEY is not available. use PHONE_KEY:1
06-03 20:24:25.111 20891 20931 W BugleRcsEngine: [1579] pfh.d: (Sim): Unexpected action: android.intent.action.ACTION_DEFAULT_VOICE_SUBSCRIPTION_CHANGED
06-03 20:24:25.116   335   373 I BufferQueueProducer: [org.mozilla.firefox/org.mozilla.firefox.App#1](this:0xa6db6000,id:174,api:1,p:7825,c:335) queueBuffer: fps=9.36 dur=1068.15 max=537.53 min=19.66
06-03 20:24:25.116 20891 20931 W BugleRcsEngine: [1579] pfh.d: (Sim): Unexpected action: android.telephony.action.CARRIER_CONFIG_CHANGED
06-03 20:24:25.133 20847 20956 I CarrierServices: [1585] cvf.y: Bugle is default SMS app: true
06-03 20:24:25.140  7825 20761 E Metrics : Unknown suggestion provider: mozilla.components.feature.awesomebar.provider.CombinedHistorySuggestionProvider@8bdb6c8
06-03 20:24:25.145 20847 20956 I CarrierServices: [1585] csv.b: Bugle has minimum required RCS permissions: true
06-03 20:24:25.160   645   722 D AAL     : 06-03 08:24:25.093 BL= 265,ESS= 256, 06-03 08:24:25.111 BL= 275,ESS= 256, 06-03 08:24:25.130 BL= 286,ESS= 256, 06-03 08:24:25.143 BL= 297,ESS= 256, 
06-03 20:24:25.177 20891 20928 I BugleJobs: Starts to observe table change.
06-03 20:24:25.189  7825 20759 E Metrics : Unknown suggestion provider: mozilla.components.feature.syncedtabs.SyncedTabsStorageSuggestionProvider@4305e86
06-03 20:24:25.192  7825 20760 E Metrics : Unknown suggestion provider: mozilla.components.feature.awesomebar.provider.SearchEngineSuggestionProvider@7094347
06-03 20:24:25.219  7825 20758 E Metrics : Unknown suggestion provider: mozilla.components.feature.awesomebar.provider.CombinedHistorySuggestionProvider@8bdb6c8
06-03 20:24:25.221 20891 21019 I BugleRcsEngine: [1611] pfh.n: (Sim): Processing an intent
06-03 20:24:25.224 20891 20933 I BugleRcs: ClientInfoProvider: MSIM Rcs enabled because default{subid:-1} matches data{subid:-1} . Unrelated: sms{subid:-1}
06-03 20:24:25.226 20891 20933 I BugleRcs: RcsAvailabilityUpdaterRemote: updateRcsAvailabilityAsync, trivialAvailability: null
06-03 20:24:25.237 20891 21019 I BugleRcsEngine: [1611] pfh.S: (Sim): SIM state ABSENT
06-03 20:24:25.240  1359  1359 W InputContextProxy: InputContextProxy.applyClientDiffInternal():920 Ignore [FetchSuggestions] diff due to stale request: 323<327, inputStateId=312, lastInputStateId=315
06-03 20:24:25.245  1359  2362 I native  : I0000 00:00:1654269865.245749    2362 input-context-store.cc:235] Ignoring stale client request for FetchSuggestions
06-03 20:24:25.260 20847 20956 I CarrierServices: [1585] cvf.x: Rcs is enabled from user settings: true
06-03 20:24:25.261 20847 20956 W CarrierServices: [1585] cwr.b: No config URL. RCS not configured for dual-registration.
06-03 20:24:25.264 20847 20956 I CarrierServices: [1585] dst.g: Checking if using CarrierServices.apk is possible. Enabled: true, isAtLeastM: true, runningInsideBugle: false
06-03 20:24:25.278 20891 20928 I BugleNetwork: FirebaseRegistrationStartupTask: Enabling Firebase component
06-03 20:24:25.289  7825 20761 E Metrics : Unknown suggestion provider: mozilla.components.feature.syncedtabs.SyncedTabsStorageSuggestionProvider@4305e86
06-03 20:24:25.290  7825 20761 E Metrics : Unknown suggestion provider: mozilla.components.feature.awesomebar.provider.SearchEngineSuggestionProvider@7094347
06-03 20:24:25.294 20891 21019 I BugleRcsEngine: [1611] pfh.J: (Sim): Broadcasting Intent { act=com.google.android.ims.SIM_ABSENT }
06-03 20:24:25.301  1359  1359 W InputContextProxy: InputContextProxy.applyClientDiffInternal():920 Ignore [FetchSuggestions] diff due to stale request: 325<328, inputStateId=315, lastInputStateId=315
06-03 20:24:25.317 20891 20891 I Bugle   : SimChangeReceiver: action: com.google.android.ims.SIM_ABSENT
06-03 20:24:25.323 20847 20956 I CarrierServices: [1585] csv.b: Config state is not ACCEPTED, provisioning still in progress
06-03 20:24:25.325 20847 20956 I CarrierServices: [1585] csv.b: RcsAvailabilityManager: Rcs Availability still DISABLED_SIM_ABSENT (RCS is disabled due to SIM absent)
06-03 20:24:25.336 20891 20928 W Bugle   : SubscriptionMetadataUtils get: invalid subId = -1
06-03 20:24:25.342  1359  1359 I KeyboardViewController: KeyboardViewController.lambda$showSelfAndAncestors$6():610 current view doesn't has the priority com.google.android.libraries.inputmethod.accesspoint.widget.AccessPointsBar{4265898 I.E...... ......ID 54,0-420,57 #7f0b0015 app:id/access_points_bar} to show itself, DEFAULT
06-03 20:24:25.366 20891 21019 I BugleRcsEngine: [1611] pfh.n: (Sim): Processing an intent
06-03 20:24:25.367 20891 20928 W Bugle   : SubscriptionMetadataUtils get: invalid subId = -1
06-03 20:24:25.379 20891 21019 I BugleRcsEngine: [1611] pfh.x: (Sim): Ignoring duplicate SIM state: ABSENT
06-03 20:24:25.382 20891 20933 I BugleRcs: RcsAvailabilityUpdaterRemote: getRcsAvailabilityFromSignupServiceAsync
06-03 20:24:25.379 20891 20928 W Bugle   : SubscriptionMetadataUtils get: invalid subId = -1
06-03 20:24:25.398 20891 20928 W Bugle   : SubscriptionMetadataUtils get: invalid subId = -1
06-03 20:24:25.399  7825 20759 E Metrics : Unknown suggestion provider: mozilla.components.feature.awesomebar.provider.CombinedHistorySuggestionProvider@8bdb6c8
06-03 20:24:25.420 20891 20928 W Bugle   : SubscriptionMetadataUtils get: invalid subId = -1
06-03 20:24:25.421  7825 20761 E Metrics : Unknown suggestion provider: mozilla.components.feature.syncedtabs.SyncedTabsStorageSuggestionProvider@4305e86
06-03 20:24:25.425 20891 20939 I RcsClientLib: Connecting SignupService
06-03 20:24:25.428  7825 20758 E Metrics : Unknown suggestion provider: mozilla.components.feature.awesomebar.provider.SearchEngineSuggestionProvider@7094347
06-03 20:24:25.451 20891 20939 I RcsClientLib: shouldUseCarrierServicesJibeService: true, CarrierServices rcs service found: true
06-03 20:24:25.481 20891 20891 I RcsClientLib: com.google.android.rcs.client.signup.SignupService connected
06-03 20:24:25.491 20891 20926 I FirebaseApp: Device unlocked: initializing all Firebase APIs for app [DEFAULT]
06-03 20:24:25.497  7825 20758 E Metrics : Unknown suggestion provider: mozilla.components.feature.syncedtabs.SyncedTabsStorageSuggestionProvider@4305e86
06-03 20:24:25.498  7825 20760 E Metrics : Unknown suggestion provider: mozilla.components.feature.awesomebar.provider.SearchEngineSuggestionProvider@7094347
06-03 20:24:25.510 20847 20967 I CarrierServices: [1588] csv.b: RcsAvailabilityManager: Calculating Rcs Availability
06-03 20:24:25.514  7825 20759 E Metrics : Unknown suggestion provider: mozilla.components.feature.awesomebar.provider.CombinedHistorySuggestionProvider@8bdb6c8
06-03 20:24:25.537 20891 20939 E TraceManager: Duplicate trace
06-03 20:24:25.537 20891 20939 E TraceManager: tjp: Starting new trace SharedStorageProvider#call when already associated with a trace. For more help, see http://go/tiktok-tracing#fixing-duplicate-trace-issues
06-03 20:24:25.537 20891 20939 E TraceManager: 	at tmb.g(PG:6)
06-03 20:24:25.537 20891 20939 E TraceManager: 	at tmb.c(PG:2)
06-03 20:24:25.537 20891 20939 E TraceManager: 	at tmb.b(PG:2)
06-03 20:24:25.537 20891 20939 E TraceManager: 	at tls.j(PG:1)
06-03 20:24:25.537 20891 20939 E TraceManager: 	at ide.call(PG:7)
06-03 20:24:25.537 20891 20939 E TraceManager: 	at android.content.ContentProvider.call(ContentProvider.java:2165)
06-03 20:24:25.537 20891 20939 E TraceManager: 	at ics.call(PG:2)
06-03 20:24:25.537 20891 20939 E TraceManager: 	at android.content.ContentProvider$Transport.call(ContentProvider.java:490)
06-03 20:24:25.537 20891 20939 E TraceManager: 	at android.content.ContentProviderNative.onTransact(ContentProviderNative.java:277)
06-03 20:24:25.537 20891 20939 E TraceManager: 	at android.os.Binder.execTransactInternal(Binder.java:1021)
06-03 20:24:25.537 20891 20939 E TraceManager: 	at android.os.Binder.execTransact(Binder.java:994)
06-03 20:24:25.537 20891 20939 E TraceManager: 	at android.os.BinderProxy.transactNative(Native Method)
06-03 20:24:25.537 20891 20939 E TraceManager: 	at android.os.BinderProxy.transact(BinderProxy.java:510)
06-03 20:24:25.537 20891 20939 E TraceManager: 	at com.google.android.aidl.BaseProxy.transactAndReadException(PG:2)
06-03 20:24:25.537 20891 20939 E TraceManager: 	at com.google.android.ims.rcsservice.signup.ISignup$Stub$Proxy.getRcsAvailability(PG:3)
06-03 20:24:25.537 20891 20939 E TraceManager: 	at com.google.android.rcs.client.signup.SignupService.getRcsAvailability(PG:2)
06-03 20:24:25.537 20891 20939 E TraceManager: 	at iyb.a(PG:1)
06-03 20:24:25.537 20891 20939 E TraceManager: 	at tmj.a(PG:2)
06-03 20:24:25.537 20891 20939 E TraceManager: 	at vhm.c(PG:2)
06-03 20:24:25.537 20891 20939 E TraceManager: 	at vhn.run(PG:9)
06-03 20:24:25.537 20891 20939 E TraceManager: 	at qfo.run(PG:5)
06-03 20:24:25.537 20891 20939 E TraceManager: 	at java.util.concurrent.ThreadPoolExecutor.runWorker(ThreadPoolExecutor.java:1167)
06-03 20:24:25.537 20891 20939 E TraceManager: 	at java.util.concurrent.ThreadPoolExecutor$Worker.run(ThreadPoolExecutor.java:641)
06-03 20:24:25.537 20891 20939 E TraceManager: 	at poa.run(PG:149)
06-03 20:24:25.537 20891 20939 E TraceManager: 	at evj.run(PG:52)
06-03 20:24:25.537 20891 20939 E TraceManager: 	at java.lang.Thread.run(Thread.java:919)
06-03 20:24:25.537 20891 20939 E TraceManager: 	Suppressed: tmr: 
06-03 20:24:25.537 20891 20939 E TraceManager: 		at tk_trace.RcsAvailabilityUtilForProvisioningEngineV2#updateRcsAvailabilityAsync(Unknown Source:0)
06-03 20:24:25.537 20891 20939 E TraceManager: 		at tk_trace.PhoneAsyncPermissionsStartupTask#initializeRcsAvailability(Unknown Source:0)
06-03 20:24:25.537 20891 20939 E TraceManager: 		at tk_trace.PhoneAsyncPermissionsStartupTask(Unknown Source:0)
06-03 20:24:25.537 20891 20939 E TraceManager: 		at tk_trace.StartupTask#PermissionsAcquired(Unknown Source:0)
06-03 20:24:25.537 20891 20939 E TraceManager: 		at tk_trace.StartupHandlerImpl#onRequiredPermissionsAcquired(Unknown Source:0)
06-03 20:24:25.537 20891 20939 E TraceManager: 		at tk_trace.StartupHandlerImpl App Interactive Delay Timer Fired(Unknown Source:0)
06-03 20:24:25.546 20847 20967 I CarrierServices: [1588] cvf.y: Bugle is default SMS app: true
06-03 20:24:25.554 20891 20939 E TraceManager: Duplicate trace
06-03 20:24:25.554 20891 20939 E TraceManager: tjp: Starting new trace SharedStorageProvider#call when already associated with a trace. For more help, see http://go/tiktok-tracing#fixing-duplicate-trace-issues
06-03 20:24:25.554 20891 20939 E TraceManager: 	at tmb.g(PG:6)
06-03 20:24:25.554 20891 20939 E TraceManager: 	at tmb.c(PG:2)
06-03 20:24:25.554 20891 20939 E TraceManager: 	at tmb.b(PG:2)
06-03 20:24:25.554 20891 20939 E TraceManager: 	at tls.j(PG:1)
06-03 20:24:25.554 20891 20939 E TraceManager: 	at ide.call(PG:7)
06-03 20:24:25.554 20891 20939 E TraceManager: 	at android.content.ContentProvider.call(ContentProvider.java:2165)
06-03 20:24:25.554 20891 20939 E TraceManager: 	at ics.call(PG:2)
06-03 20:24:25.554 20891 20939 E TraceManager: 	at android.content.ContentProvider$Transport.call(ContentProvider.java:490)
06-03 20:24:25.554 20891 20939 E TraceManager: 	at android.content.ContentProviderNative.onTransact(ContentProviderNative.java:277)
06-03 20:24:25.554 20891 20939 E TraceManager: 	at android.os.Binder.execTransactInternal(Binder.java:1021)
06-03 20:24:25.554 20891 20939 E TraceManager: 	at android.os.Binder.execTransact(Binder.java:994)
06-03 20:24:25.554 20891 20939 E TraceManager: 	at android.os.BinderProxy.transactNative(Native Method)
06-03 20:24:25.554 20891 20939 E TraceManager: 	at android.os.BinderProxy.transact(BinderProxy.java:510)
06-03 20:24:25.554 20891 20939 E TraceManager: 	at com.google.android.aidl.BaseProxy.transactAndReadException(PG:2)
06-03 20:24:25.554 20891 20939 E TraceManager: 	at com.google.android.ims.rcsservice.signup.ISignup$Stub$Proxy.getRcsAvailability(PG:3)
06-03 20:24:25.554 20891 20939 E TraceManager: 	at com.google.android.rcs.client.signup.SignupService.getRcsAvailability(PG:2)
06-03 20:24:25.554 20891 20939 E TraceManager: 	at iyb.a(PG:1)
06-03 20:24:25.554 20891 20939 E TraceManager: 	at tmj.a(PG:2)
06-03 20:24:25.554 20891 20939 E TraceManager: 	at vhm.c(PG:2)
06-03 20:24:25.554 20891 20939 E TraceManager: 	at vhn.run(PG:9)
06-03 20:24:25.554 20891 20939 E TraceManager: 	at qfo.run(PG:5)
06-03 20:24:25.554 20891 20939 E TraceManager: 	at java.util.concurrent.ThreadPoolExecutor.runWorker(ThreadPoolExecutor.java:1167)
06-03 20:24:25.554 20891 20939 E TraceManager: 	at java.util.concurrent.ThreadPoolExecutor$Worker.run(ThreadPoolExecutor.java:641)
06-03 20:24:25.554 20891 20939 E TraceManager: 	at poa.run(PG:149)
06-03 20:24:25.554 20891 20939 E TraceManager: 	at evj.run(PG:52)
06-03 20:24:25.554 20891 20939 E TraceManager: 	at java.lang.Thread.run(Thread.java:919)
06-03 20:24:25.554 20891 20939 E TraceManager: 	Suppressed: tmr: 
06-03 20:24:25.554 20891 20939 E TraceManager: 		at tk_trace.RcsAvailabilityUtilForProvisioningEngineV2#updateRcsAvailabilityAsync(Unknown Source:0)
06-03 20:24:25.554 20891 20939 E TraceManager: 		at tk_trace.PhoneAsyncPermissionsStartupTask#initializeRcsAvailability(Unknown Source:0)
06-03 20:24:25.554 20891 20939 E TraceManager: 		at tk_trace.PhoneAsyncPermissionsStartupTask(Unknown Source:0)
06-03 20:24:25.554 20891 20939 E TraceManager: 		at tk_trace.StartupTask#PermissionsAcquired(Unknown Source:0)
06-03 20:24:25.554 20891 20939 E TraceManager: 		at tk_trace.StartupHandlerImpl#onRequiredPermissionsAcquired(Unknown Source:0)
06-03 20:24:25.554 20891 20939 E TraceManager: 		at tk_trace.StartupHandlerImpl App Interactive Delay Timer Fired(Unknown Source:0)
06-03 20:24:25.567 20847 20967 I CarrierServices: [1588] csv.b: Bugle has minimum required RCS permissions: true
06-03 20:24:25.577  7825 20761 E Metrics : Unknown suggestion provider: mozilla.components.feature.syncedtabs.SyncedTabsStorageSuggestionProvider@4305e86
06-03 20:24:25.582  7825 20758 E Metrics : Unknown suggestion provider: mozilla.components.feature.awesomebar.provider.SearchEngineSuggestionProvider@7094347
06-03 20:24:25.608   335   335 I BufferQueueProducer: [FramebufferSurface](this:0xa7668000,id:0,api:1,p:335,c:335) queueBuffer: fps=21.63 dur=1017.24 max=133.18 min=16.79
06-03 20:24:25.609   319   354 I hwcomposer: [HWCDisplay] [Display_0 (type:1)] fps:21.619493,dur:1017.60,max:133.36,min:16.97  
06-03 20:24:25.647  7825 20761 E Metrics : Unknown suggestion provider: mozilla.components.feature.awesomebar.provider.SearchEngineSuggestionProvider@7094347
06-03 20:24:25.649  7825 20759 E Metrics : Unknown suggestion provider: mozilla.components.feature.syncedtabs.SyncedTabsStorageSuggestionProvider@4305e86
06-03 20:24:25.667  7825 20760 E Metrics : Unknown suggestion provider: mozilla.components.feature.awesomebar.provider.CombinedHistorySuggestionProvider@8bdb6c8
06-03 20:24:25.690 20891 20939 E TraceManager: Duplicate trace
06-03 20:24:25.690 20891 20939 E TraceManager: tjp: Starting new trace SharedStorageProvider#call when already associated with a trace. For more help, see http://go/tiktok-tracing#fixing-duplicate-trace-issues
06-03 20:24:25.690 20891 20939 E TraceManager: 	at tmb.g(PG:6)
06-03 20:24:25.690 20891 20939 E TraceManager: 	at tmb.c(PG:2)
06-03 20:24:25.690 20891 20939 E TraceManager: 	at tmb.b(PG:2)
06-03 20:24:25.690 20891 20939 E TraceManager: 	at tls.j(PG:1)
06-03 20:24:25.690 20891 20939 E TraceManager: 	at ide.call(PG:7)
06-03 20:24:25.690 20891 20939 E TraceManager: 	at android.content.ContentProvider.call(ContentProvider.java:2165)
06-03 20:24:25.690 20891 20939 E TraceManager: 	at ics.call(PG:2)
06-03 20:24:25.690 20891 20939 E TraceManager: 	at android.content.ContentProvider$Transport.call(ContentProvider.java:490)
06-03 20:24:25.690 20891 20939 E TraceManager: 	at android.content.ContentProviderNative.onTransact(ContentProviderNative.java:277)
06-03 20:24:25.690 20891 20939 E TraceManager: 	at android.os.Binder.execTransactInternal(Binder.java:1021)
06-03 20:24:25.690 20891 20939 E TraceManager: 	at android.os.Binder.execTransact(Binder.java:994)
06-03 20:24:25.690 20891 20939 E TraceManager: 	at android.os.BinderProxy.transactNative(Native Method)
06-03 20:24:25.690 20891 20939 E TraceManager: 	at android.os.BinderProxy.transact(BinderProxy.java:510)
06-03 20:24:25.690 20891 20939 E TraceManager: 	at com.google.android.aidl.BaseProxy.transactAndReadException(PG:2)
06-03 20:24:25.690 20891 20939 E TraceManager: 	at com.google.android.ims.rcsservice.signup.ISignup$Stub$Proxy.getRcsAvailability(PG:3)
06-03 20:24:25.690 20891 20939 E TraceManager: 	at com.google.android.rcs.client.signup.SignupService.getRcsAvailability(PG:2)
06-03 20:24:25.690 20891 20939 E TraceManager: 	at iyb.a(PG:1)
06-03 20:24:25.690 20891 20939 E TraceManager: 	at tmj.a(PG:2)
06-03 20:24:25.690 20891 20939 E TraceManager: 	at vhm.c(PG:2)
06-03 20:24:25.690 20891 20939 E TraceManager: 	at vhn.run(PG:9)
06-03 20:24:25.690 20891 20939 E TraceManager: 	at qfo.run(PG:5)
06-03 20:24:25.690 20891 20939 E TraceManager: 	at java.util.concurrent.ThreadPoolExecutor.runWorker(ThreadPoolExecutor.java:1167)
06-03 20:24:25.690 20891 20939 E TraceManager: 	at java.util.concurrent.ThreadPoolExecutor$Worker.run(ThreadPoolExecutor.java:641)
06-03 20:24:25.690 20891 20939 E TraceManager: 	at poa.run(PG:149)
06-03 20:24:25.690 20891 20939 E TraceManager: 	at evj.run(PG:52)
06-03 20:24:25.690 20891 20939 E TraceManager: 	at java.lang.Thread.run(Thread.java:919)
06-03 20:24:25.690 20891 20939 E TraceManager: 	Suppressed: tmr: 
06-03 20:24:25.690 20891 20939 E TraceManager: 		at tk_trace.RcsAvailabilityUtilForProvisioningEngineV2#updateRcsAvailabilityAsync(Unknown Source:0)
06-03 20:24:25.690 20891 20939 E TraceManager: 		at tk_trace.PhoneAsyncPermissionsStartupTask#initializeRcsAvailability(Unknown Source:0)
06-03 20:24:25.690 20891 20939 E TraceManager: 		at tk_trace.PhoneAsyncPermissionsStartupTask(Unknown Source:0)
06-03 20:24:25.690 20891 20939 E TraceManager: 		at tk_trace.StartupTask#PermissionsAcquired(Unknown Source:0)
06-03 20:24:25.690 20891 20939 E TraceManager: 		at tk_trace.StartupHandlerImpl#onRequiredPermissionsAcquired(Unknown Source:0)
06-03 20:24:25.690 20891 20939 E TraceManager: 		at tk_trace.StartupHandlerImpl App Interactive Delay Timer Fired(Unknown Source:0)
06-03 20:24:25.702 20847 20967 I CarrierServices: [1588] cvf.x: Rcs is enabled from user settings: true
06-03 20:24:25.711 20847 20967 W CarrierServices: [1588] cwr.b: No config URL. RCS not configured for dual-registration.
06-03 20:24:25.717  7825 20758 E Metrics : Unknown suggestion provider: mozilla.components.feature.syncedtabs.SyncedTabsStorageSuggestionProvider@4305e86
06-03 20:24:25.717  7825 20758 E Metrics : Unknown suggestion provider: mozilla.components.feature.awesomebar.provider.SearchEngineSuggestionProvider@7094347
06-03 20:24:25.717 20847 20967 I CarrierServices: [1588] dst.g: Checking if using CarrierServices.apk is possible. Enabled: true, isAtLeastM: true, runningInsideBugle: false
06-03 20:24:25.749  1722  1722 I ADB_SERVICES: service_to_fd shell,v2,TERM=xterm-256color,raw:cat /proc/meminfo
06-03 20:24:25.765 20891 20939 E TraceManager: Duplicate trace
06-03 20:24:25.765 20891 20939 E TraceManager: tjp: Starting new trace SharedStorageProvider#call when already associated with a trace. For more help, see http://go/tiktok-tracing#fixing-duplicate-trace-issues
06-03 20:24:25.765 20891 20939 E TraceManager: 	at tmb.g(PG:6)
06-03 20:24:25.765 20891 20939 E TraceManager: 	at tmb.c(PG:2)
06-03 20:24:25.765 20891 20939 E TraceManager: 	at tmb.b(PG:2)
06-03 20:24:25.765 20891 20939 E TraceManager: 	at tls.j(PG:1)
06-03 20:24:25.765 20891 20939 E TraceManager: 	at ide.call(PG:7)
06-03 20:24:25.765 20891 20939 E TraceManager: 	at android.content.ContentProvider.call(ContentProvider.java:2165)
06-03 20:24:25.765 20891 20939 E TraceManager: 	at ics.call(PG:2)
06-03 20:24:25.765 20891 20939 E TraceManager: 	at android.content.ContentProvider$Transport.call(ContentProvider.java:490)
06-03 20:24:25.765 20891 20939 E TraceManager: 	at android.content.ContentProviderNative.onTransact(ContentProviderNative.java:277)
06-03 20:24:25.765 20891 20939 E TraceManager: 	at android.os.Binder.execTransactInternal(Binder.java:1021)
06-03 20:24:25.765 20891 20939 E TraceManager: 	at android.os.Binder.execTransact(Binder.java:994)
06-03 20:24:25.765 20891 20939 E TraceManager: 	at android.os.BinderProxy.transactNative(Native Method)
06-03 20:24:25.765 20891 20939 E TraceManager: 	at android.os.BinderProxy.transact(BinderProxy.java:510)
06-03 20:24:25.765 20891 20939 E TraceManager: 	at com.google.android.aidl.BaseProxy.transactAndReadException(PG:2)
06-03 20:24:25.765 20891 20939 E TraceManager: 	at com.google.android.ims.rcsservice.signup.ISignup$Stub$Proxy.getRcsAvailability(PG:3)
06-03 20:24:25.765 20891 20939 E TraceManager: 	at com.google.android.rcs.client.signup.SignupService.getRcsAvailability(PG:2)
06-03 20:24:25.765 20891 20939 E TraceManager: 	at iyb.a(PG:1)
06-03 20:24:25.765 20891 20939 E TraceManager: 	at tmj.a(PG:2)
06-03 20:24:25.765 20891 20939 E TraceManager: 	at vhm.c(PG:2)
06-03 20:24:25.765 20891 20939 E TraceManager: 	at vhn.run(PG:9)
06-03 20:24:25.765 20891 20939 E TraceManager: 	at qfo.run(PG:5)
06-03 20:24:25.765 20891 20939 E TraceManager: 	at java.util.concurrent.ThreadPoolExecutor.runWorker(ThreadPoolExecutor.java:1167)
06-03 20:24:25.765 20891 20939 E TraceManager: 	at java.util.concurrent.ThreadPoolExecutor$Worker.run(ThreadPoolExecutor.java:641)
06-03 20:24:25.765 20891 20939 E TraceManager: 	at poa.run(PG:149)
06-03 20:24:25.765 20891 20939 E TraceManager: 	at evj.run(PG:52)
06-03 20:24:25.765 20891 20939 E TraceManager: 	at java.lang.Thread.run(Thread.java:919)
06-03 20:24:25.765 20891 20939 E TraceManager: 	Suppressed: tmr: 
06-03 20:24:25.765 20891 20939 E TraceManager: 		at tk_trace.RcsAvailabilityUtilForProvisioningEngineV2#updateRcsAvailabilityAsync(Unknown Source:0)
06-03 20:24:25.765 20891 20939 E TraceManager: 		at tk_trace.PhoneAsyncPermissionsStartupTask#initializeRcsAvailability(Unknown Source:0)
06-03 20:24:25.765 20891 20939 E TraceManager: 		at tk_trace.PhoneAsyncPermissionsStartupTask(Unknown Source:0)
06-03 20:24:25.765 20891 20939 E TraceManager: 		at tk_trace.StartupTask#PermissionsAcquired(Unknown Source:0)
06-03 20:24:25.765 20891 20939 E TraceManager: 		at tk_trace.StartupHandlerImpl#onRequiredPermissionsAcquired(Unknown Source:0)
06-03 20:24:25.765 20891 20939 E TraceManager: 		at tk_trace.StartupHandlerImpl App Interactive Delay Timer Fired(Unknown Source:0)
06-03 20:24:25.803  7825 20759 E Metrics : Unknown suggestion provider: mozilla.components.feature.syncedtabs.SyncedTabsStorageSuggestionProvider@4305e86
06-03 20:24:25.803  7825 20761 E Metrics : Unknown suggestion provider: mozilla.components.feature.awesomebar.provider.SearchEngineSuggestionProvider@7094347
06-03 20:24:25.817  7825 20758 E Metrics : Unknown suggestion provider: mozilla.components.feature.awesomebar.provider.CombinedHistorySuggestionProvider@8bdb6c8
06-03 20:24:25.853 20847 20967 I CarrierServices: [1588] csv.b: Config state is not ACCEPTED, provisioning still in progress
06-03 20:24:25.863  7825 20760 E Metrics : Unknown suggestion provider: mozilla.components.feature.syncedtabs.SyncedTabsStorageSuggestionProvider@4305e86
06-03 20:24:25.864  7825 20760 E Metrics : Unknown suggestion provider: mozilla.components.feature.awesomebar.provider.SearchEngineSuggestionProvider@7094347
06-03 20:24:25.890  1359  1359 E InputContextLock: InputContextLock.maybeTrackAcquireLockTime():64 Acquire InputContextLock takes 5 ms, mainThreadForSure=true.
06-03 20:24:25.896  7825 20760 E Metrics : Unknown suggestion provider: mozilla.components.feature.awesomebar.provider.CombinedHistorySuggestionProvider@8bdb6c8
06-03 20:24:25.905 20847 20967 I CarrierServices: [1588] csv.b: RcsAvailabilityManager: Rcs Availability still DISABLED_SIM_ABSENT (RCS is disabled due to SIM absent)
06-03 20:24:25.907 20891 20939 I BugleRcs: RcsAvailabilityUpdaterRemote: updateRcsAvailabilityPostProcess, Get Updated RcsAvailability, RcsAvailability: DISABLED_SIM_ABSENT, SimId: redacted-pii[0-chars]
06-03 20:24:25.913   969  2871 W ActivityManager: Unable to start service Intent { act=com.google.android.gms.wearable.BIND pkg=com.google.android.gms } U=0: not found
06-03 20:24:25.927   969  2871 W ActivityManager: Unbind failed: could not find connection for android.os.BinderProxy@5fcb7ad
06-03 20:24:25.935  7825 20761 E Metrics : Unknown suggestion provider: mozilla.components.feature.syncedtabs.SyncedTabsStorageSuggestionProvider@4305e86
06-03 20:24:25.936  7825 20761 E Metrics : Unknown suggestion provider: mozilla.components.feature.awesomebar.provider.SearchEngineSuggestionProvider@7094347
06-03 20:24:25.953 20891 20928 I BugleRcsProvisioning: RcsProvisioningTrigger: Schedule provisioning on app startup
06-03 20:24:25.955 20891 20949 W GmsClient: unable to connect to service: com.google.android.gms.wearable.BIND on com.google.android.gms
06-03 20:24:25.959 20891 20939 I BugleRcs: RcsAvailabilityUpdaterRemote: updated datastore for rcs availability, simId: redacted-pii[0-chars], availability: DISABLED_SIM_ABSENT
06-03 20:24:25.978  7825 20761 E Metrics : Unknown suggestion provider: mozilla.components.feature.awesomebar.provider.CombinedHistorySuggestionProvider@8bdb6c8
06-03 20:24:25.984  1722 21029 I ADB_SERVICES: post waitpid (pid=21028) status=0000
06-03 20:24:25.985  1722  1722 I ADB_SERVICES: for fd 26, revents = 2011
06-03 20:24:25.985  1722  1722 I ADB_SERVICES: for fd 26, revents = 2011
06-03 20:24:25.998  1722  1722 I ADB_SERVICES: service_to_fd shell,v2,TERM=xterm-256color,raw:ps -A
06-03 20:24:26.004 20891 20928 W BugleRcsEngine: [1576] otk.b: [SR]: Single Registration is disabled. Skipping Single Registration capability check for subId: -1
06-03 20:24:26.009 20891 20939 I RcsClientLib: Disconnecting SignupService
06-03 20:24:26.034 20891 20928 I BugleRcsProvisioning: RcsProvisioningTrigger: DR is active, initializing DR provisioning. DUAL_REG
06-03 20:24:26.046 20891 20926 I BugleRcs: RcsAvailabilityUpdaterRemote: postUpdateRcsAvailability : success updating RCS availability async
06-03 20:24:26.051  7825 20759 E Metrics : Unknown suggestion provider: mozilla.components.feature.awesomebar.provider.SearchEngineSuggestionProvider@7094347
06-03 20:24:26.057  7825 20758 E Metrics : Unknown suggestion provider: mozilla.components.feature.syncedtabs.SyncedTabsStorageSuggestionProvider@4305e86
06-03 20:24:26.075 20891 20933 I BugleRcsProvisioning: RcsProvisioningTrigger: onRcsAvailabilityUpdate : availability is updated to RCS is disabled due to SIM absent, lastAvailability is null, simId hash = 4920829490556286313, isPev3Enabled = false
06-03 20:24:26.086 20891 20928 W BugleRcsEngine: [1576] otk.b: [SR]: Single Registration is disabled. Skipping Single Registration capability check for subId: -1
06-03 20:24:26.094   969  1073 E WifiVendorHal: getWifiLinkLayerStats_1_3_Internal(l.927) failed {.code = ERROR_NOT_SUPPORTED, .description = }
06-03 20:24:26.089 20891 20933 I BugleNetwork: Startup: registering tachyon.
06-03 20:24:26.119 20891 20933 I BugleNetwork: Startup: skip phone registration because of no sim.
06-03 20:24:26.134  7825 20758 E Metrics : Unknown suggestion provider: mozilla.components.feature.syncedtabs.SyncedTabsStorageSuggestionProvider@4305e86
06-03 20:24:26.138  7825 20760 E Metrics : Unknown suggestion provider: mozilla.components.feature.awesomebar.provider.SearchEngineSuggestionProvider@7094347
06-03 20:24:26.141   335   498 I BufferQueueProducer: [org.mozilla.firefox/org.mozilla.firefox.App#1](this:0xa6db6000,id:174,api:1,p:7825,c:335) queueBuffer: fps=17.55 dur=1025.74 max=103.66 min=21.87
06-03 20:24:26.157  7825 20760 E Metrics : Unknown suggestion provider: mozilla.components.feature.awesomebar.provider.CombinedHistorySuggestionProvider@8bdb6c8
06-03 20:24:26.157 20891 20928 I BugleRcsEngine: [1576] eup.run: Skipping provisioning scheduling since RCS is disabled
06-03 20:24:26.167 20891 20931 I Bugle   : VerifiedSmsEnabledCheckerImpl: VSMS is disabled via Phenotype flag.
06-03 20:24:26.233  7825 20758 E Metrics : Unknown suggestion provider: mozilla.components.feature.syncedtabs.SyncedTabsStorageSuggestionProvider@4305e86
06-03 20:24:26.233  7825 20758 E Metrics : Unknown suggestion provider: mozilla.components.feature.awesomebar.provider.SearchEngineSuggestionProvider@7094347
06-03 20:24:26.255  7825 20758 E Metrics : Unknown suggestion provider: mozilla.components.feature.awesomebar.provider.CombinedHistorySuggestionProvider@8bdb6c8
06-03 20:24:26.267 20891 20933 I Bugle   : VerifiedSmsStartupTask: Checking if Verified SMS tasks should be enqueued. feature supported: false, feature enabled: false, eligible / has registered key: false, C11N: false
06-03 20:24:26.272 20891 20933 I Bugle   : VerifiedSmsStartupTask: Not enqueuing VSMS periodic task, VSMS is disabled or not supported.
06-03 20:24:26.274 20891 20940 I Bugle   : VerifiedSmsStartupTask: Not calling C11N to get phone numbers.
06-03 20:24:26.306  7825 20759 E Metrics : Unknown suggestion provider: mozilla.components.feature.syncedtabs.SyncedTabsStorageSuggestionProvider@4305e86
06-03 20:24:26.313  7825 20761 E Metrics : Unknown suggestion provider: mozilla.components.feature.awesomebar.provider.SearchEngineSuggestionProvider@7094347
06-03 20:24:26.345  7825 20759 E Metrics : Unknown suggestion provider: mozilla.components.feature.awesomebar.provider.CombinedHistorySuggestionProvider@8bdb6c8
06-03 20:24:26.355   322   878 E VT HIDL : [IVT] [VT THREAD] [VT_Bind] des = volte_imsvt1 Fail to connect . retry count: 410
06-03 20:24:26.355   322   878 D VT HIDL : [IVT] isIMCBrun : False
06-03 20:24:26.368  7825 20760 E Metrics : Unknown suggestion provider: mozilla.components.feature.syncedtabs.SyncedTabsStorageSuggestionProvider@4305e86
06-03 20:24:26.368  7825 20760 E Metrics : Unknown suggestion provider: mozilla.components.feature.awesomebar.provider.SearchEngineSuggestionProvider@7094347
06-03 20:24:26.380  7825  7842 I mozilla.firefo: Background concurrent copying GC freed 142598(5425KB) AllocSpace objects, 0(0B) LOS objects, 49% free, 8014KB/15MB, paused 16.277ms total 896.512ms
06-03 20:24:26.400  1722 21031 I ADB_SERVICES: post waitpid (pid=21030) status=0000
06-03 20:24:26.401  1722  1722 I ADB_SERVICES: for fd 26, revents = 2010
06-03 20:24:26.401  1722  1722 I ADB_SERVICES: for fd 26, revents = 2011
06-03 20:24:26.433  7825 20761 E Metrics : Unknown suggestion provider: mozilla.components.feature.syncedtabs.SyncedTabsStorageSuggestionProvider@4305e86
06-03 20:24:26.433  7825 20761 E Metrics : Unknown suggestion provider: mozilla.components.feature.awesomebar.provider.SearchEngineSuggestionProvider@7094347
06-03 20:24:26.463  7825  7844 W System  : A resource failed to call release. 
06-03 20:24:26.490  7825 20758 E Metrics : Unknown suggestion provider: mozilla.components.feature.syncedtabs.SyncedTabsStorageSuggestionProvider@4305e86
06-03 20:24:26.490  7825 20758 E Metrics : Unknown suggestion provider: mozilla.components.feature.awesomebar.provider.SearchEngineSuggestionProvider@7094347
06-03 20:24:26.550   335   373 I BufferQueueProducer: [InputMethod#0](this:0xa584b000,id:175,api:1,p:1359,c:335) queueBuffer: fps=4.04 dur=1485.35 max=796.06 min=51.33
06-03 20:24:26.570  7825 20758 E Metrics : Unknown suggestion provider: mozilla.components.feature.syncedtabs.SyncedTabsStorageSuggestionProvider@4305e86
06-03 20:24:26.570  7825 20758 E Metrics : Unknown suggestion provider: mozilla.components.feature.awesomebar.provider.SearchEngineSuggestionProvider@7094347
06-03 20:24:26.591  7825 20761 E Metrics : Unknown suggestion provider: mozilla.components.feature.awesomebar.provider.CombinedHistorySuggestionProvider@8bdb6c8
06-03 20:24:26.595  1359  1359 W InputContextProxy: InputContextProxy.applyClientDiffInternal():920 Ignore [FetchSuggestions] diff due to stale request: 360<362, inputStateId=348, lastInputStateId=349
06-03 20:24:26.625  7825 20758 E Metrics : Unknown suggestion provider: mozilla.components.feature.syncedtabs.SyncedTabsStorageSuggestionProvider@4305e86
06-03 20:24:26.631  7825 20758 E Metrics : Unknown suggestion provider: mozilla.components.feature.awesomebar.provider.SearchEngineSuggestionProvider@7094347
06-03 20:24:26.641   335   335 I BufferQueueProducer: [FramebufferSurface](this:0xa7668000,id:0,api:1,p:335,c:335) queueBuffer: fps=18.39 dur=1033.35 max=100.35 min=16.17
06-03 20:24:26.643   319   354 I hwcomposer: [HWCDisplay] [Display_0 (type:1)] fps:18.386185,dur:1033.38,max:100.09,min:15.93  
06-03 20:24:26.649  7825 20759 E Metrics : Unknown suggestion provider: mozilla.components.feature.awesomebar.provider.CombinedHistorySuggestionProvider@8bdb6c8
06-03 20:24:26.710  7825 20761 E Metrics : Unknown suggestion provider: mozilla.components.feature.syncedtabs.SyncedTabsStorageSuggestionProvider@4305e86
06-03 20:24:26.716  7825 20760 E Metrics : Unknown suggestion provider: mozilla.components.feature.awesomebar.provider.SearchEngineSuggestionProvider@7094347
06-03 20:24:26.725  7825 20759 E Metrics : Unknown suggestion provider: mozilla.components.feature.awesomebar.provider.CombinedHistorySuggestionProvider@8bdb6c8
06-03 20:24:26.744  1359  1359 W InputContextProxy: InputContextProxy.applyClientDiffInternal():920 Ignore [FetchSuggestions] diff due to stale request: 364<366, inputStateId=352, lastInputStateId=353
06-03 20:24:26.778  7825 20760 E Metrics : Unknown suggestion provider: mozilla.components.feature.syncedtabs.SyncedTabsStorageSuggestionProvider@4305e86
06-03 20:24:26.782  7825 20761 E Metrics : Unknown suggestion provider: mozilla.components.feature.awesomebar.provider.SearchEngineSuggestionProvider@7094347
06-03 20:24:26.795  7825 20760 E Metrics : Unknown suggestion provider: mozilla.components.feature.awesomebar.provider.CombinedHistorySuggestionProvider@8bdb6c8
06-03 20:24:26.833  7825  8224 I SessionStorage/AutoSave: Save: Periodic
06-03 20:24:26.853  7825 20761 E Metrics : Unknown suggestion provider: mozilla.components.feature.syncedtabs.SyncedTabsStorageSuggestionProvider@4305e86
06-03 20:24:26.853  7825 20761 E Metrics : Unknown suggestion provider: mozilla.components.feature.awesomebar.provider.SearchEngineSuggestionProvider@7094347
06-03 20:24:26.884  1359  1359 W InputContextProxy: InputContextProxy.applyClientDiffInternal():920 Ignore [FetchSuggestions] diff due to stale request: 366<368, inputStateId=354, lastInputStateId=355
06-03 20:24:26.899  1359  1359 W InputContextProxy: InputContextProxy.applyClientDiffInternal():920 Ignore [FetchSuggestions] diff due to stale request: 368<370, inputStateId=356, lastInputStateId=357
06-03 20:24:26.915  7825 20758 E Metrics : Unknown suggestion provider: mozilla.components.feature.awesomebar.provider.CombinedHistorySuggestionProvider@8bdb6c8
06-03 20:24:26.953  7825 20759 E Metrics : Unknown suggestion provider: mozilla.components.feature.syncedtabs.SyncedTabsStorageSuggestionProvider@4305e86
06-03 20:24:26.954  7825 20761 E Metrics : Unknown suggestion provider: mozilla.components.feature.awesomebar.provider.SearchEngineSuggestionProvider@7094347
06-03 20:24:26.967  7825 20761 E Metrics : Unknown suggestion provider: mozilla.components.feature.awesomebar.provider.CombinedHistorySuggestionProvider@8bdb6c8
06-03 20:24:26.984  1359  1359 W InputContextProxy: InputContextProxy.applyClientDiffInternal():920 Ignore [FetchSuggestions] diff due to stale request: 370<372, inputStateId=358, lastInputStateId=359
06-03 20:24:27.089  1359  1359 W InputContextProxy: InputContextProxy.applyClientDiffInternal():920 Ignore [FetchSuggestions] diff due to stale request: 372<375, inputStateId=360, lastInputStateId=362
06-03 20:24:27.090  1359  1359 W InputContextProxy: InputContextProxy.applyClientDiffInternal():920 Ignore [FetchSuggestions] diff due to stale request: 373<375, inputStateId=361, lastInputStateId=362
06-03 20:24:27.096  7825 20759 E Metrics : Unknown suggestion provider: mozilla.components.feature.awesomebar.provider.SearchEngineSuggestionProvider@7094347
06-03 20:24:27.101  7825 20760 E Metrics : Unknown suggestion provider: mozilla.components.feature.syncedtabs.SyncedTabsStorageSuggestionProvider@4305e86
06-03 20:24:27.103  7825 20761 E Metrics : Unknown suggestion provider: mozilla.components.feature.awesomebar.provider.CombinedHistorySuggestionProvider@8bdb6c8
06-03 20:24:27.184   335  1348 I BufferQueueProducer: [org.mozilla.firefox/org.mozilla.firefox.App#1](this:0xa6db6000,id:174,api:1,p:7825,c:335) queueBuffer: fps=22.05 dur=1043.07 max=86.61 min=10.30
06-03 20:24:27.207  7825 20760 E Metrics : Unknown suggestion provider: mozilla.components.feature.syncedtabs.SyncedTabsStorageSuggestionProvider@4305e86
06-03 20:24:27.207  7825 20760 E Metrics : Unknown suggestion provider: mozilla.components.feature.awesomebar.provider.SearchEngineSuggestionProvider@7094347
06-03 20:24:27.242  7825 20759 E Metrics : Unknown suggestion provider: mozilla.components.feature.awesomebar.provider.CombinedHistorySuggestionProvider@8bdb6c8
06-03 20:24:27.261  1359  1373 I putmethod.lati: Background young concurrent copying GC freed 32908(1581KB) AllocSpace objects, 7(332KB) LOS objects, 17% free, 8579KB/10MB, paused 4.447ms total 225.942ms
06-03 20:24:27.268  7825 20758 E Metrics : Unknown suggestion provider: mozilla.components.feature.syncedtabs.SyncedTabsStorageSuggestionProvider@4305e86
06-03 20:24:27.274  7825 20760 E Metrics : Unknown suggestion provider: mozilla.components.feature.awesomebar.provider.SearchEngineSuggestionProvider@7094347
06-03 20:24:27.282  7825 20759 E Metrics : Unknown suggestion provider: mozilla.components.feature.awesomebar.provider.CombinedHistorySuggestionProvider@8bdb6c8
06-03 20:24:27.330  7825 20760 E Metrics : Unknown suggestion provider: mozilla.components.feature.syncedtabs.SyncedTabsStorageSuggestionProvider@4305e86
06-03 20:24:27.330  7825 20760 E Metrics : Unknown suggestion provider: mozilla.components.feature.awesomebar.provider.SearchEngineSuggestionProvider@7094347
06-03 20:24:27.364  7825 20758 E Metrics : Unknown suggestion provider: mozilla.components.feature.awesomebar.provider.CombinedHistorySuggestionProvider@8bdb6c8
06-03 20:24:27.381  1359  1359 W InputContextProxy: InputContextProxy.applyClientDiffInternal():920 Ignore [FetchSuggestions] diff due to stale request: 381<382, inputStateId=369, lastInputStateId=370
06-03 20:24:27.413  7825 20759 E Metrics : Unknown suggestion provider: mozilla.components.feature.syncedtabs.SyncedTabsStorageSuggestionProvider@4305e86
06-03 20:24:27.416  1722  1722 I ADB_SERVICES: service_to_fd shell,v2,TERM=xterm-256color,raw:cat /proc/meminfo
06-03 20:24:27.419  7825 20760 E Metrics : Unknown suggestion provider: mozilla.components.feature.awesomebar.provider.SearchEngineSuggestionProvider@7094347
06-03 20:24:27.426  7825 20759 E Metrics : Unknown suggestion provider: mozilla.components.feature.awesomebar.provider.CombinedHistorySuggestionProvider@8bdb6c8
06-03 20:24:27.463   625   625 I thermal_repeater: [recvMdThermalInfo] ret=30, strLen=127,  2, 32767, -127, -1, 32767, 18
06-03 20:24:27.479  7825 20760 E Metrics : Unknown suggestion provider: mozilla.components.feature.syncedtabs.SyncedTabsStorageSuggestionProvider@4305e86
06-03 20:24:27.480  7825 20758 E Metrics : Unknown suggestion provider: mozilla.components.feature.awesomebar.provider.SearchEngineSuggestionProvider@7094347
06-03 20:24:27.514  7825 20759 E Metrics : Unknown suggestion provider: mozilla.components.feature.awesomebar.provider.CombinedHistorySuggestionProvider@8bdb6c8
06-03 20:24:27.523  1722 21034 I ADB_SERVICES: post waitpid (pid=21033) status=0000
06-03 20:24:27.524  1722  1722 I ADB_SERVICES: for fd 26, revents = 2011
06-03 20:24:27.525  1722  1722 I ADB_SERVICES: for fd 26, revents = 2011
06-03 20:24:27.540  7825 20761 E Metrics : Unknown suggestion provider: mozilla.components.feature.syncedtabs.SyncedTabsStorageSuggestionProvider@4305e86
06-03 20:24:27.541  7825 20761 E Metrics : Unknown suggestion provider: mozilla.components.feature.awesomebar.provider.SearchEngineSuggestionProvider@7094347
06-03 20:24:27.551  1722  1722 I ADB_SERVICES: service_to_fd shell,v2,TERM=xterm-256color,raw:ps -A
06-03 20:24:27.580  7825 20761 E Metrics : Unknown suggestion provider: mozilla.components.feature.awesomebar.provider.CombinedHistorySuggestionProvider@8bdb6c8
06-03 20:24:27.596  1359  1359 W InputContextProxy: InputContextProxy.applyClientDiffInternal():920 Ignore [FetchSuggestions] diff due to stale request: 389<390, inputStateId=377, lastInputStateId=376
06-03 20:24:27.614   335   498 I BufferQueueProducer: [InputMethod#0](this:0xa584b000,id:175,api:1,p:1359,c:335) queueBuffer: fps=5.64 dur=1063.67 max=427.15 min=67.50
06-03 20:24:27.641  7825 20759 E Metrics : Unknown suggestion provider: mozilla.components.feature.syncedtabs.SyncedTabsStorageSuggestionProvider@4305e86
06-03 20:24:27.649  7825 20760 E Metrics : Unknown suggestion provider: mozilla.components.feature.awesomebar.provider.SearchEngineSuggestionProvider@7094347
06-03 20:24:27.657   335   335 I BufferQueueProducer: [FramebufferSurface](this:0xa7668000,id:0,api:1,p:335,c:335) queueBuffer: fps=31.50 dur=1015.74 max=60.77 min=13.23
06-03 20:24:27.658   319   354 I hwcomposer: [HWCDisplay] [Display_0 (type:1)] fps:31.505789,dur:1015.69,max:60.86,min:13.31  
06-03 20:24:27.664  7825 20759 E Metrics : Unknown suggestion provider: mozilla.components.feature.awesomebar.provider.CombinedHistorySuggestionProvider@8bdb6c8
06-03 20:24:27.728  1359  1359 W InputContextProxy: InputContextProxy.applyClientDiffInternal():920 Ignore [FetchSuggestions] diff due to stale request: 392<393, inputStateId=380, lastInputStateId=379
06-03 20:24:27.757 20891 20928 W BugleRcsEngine: [1576] oxf.e: RcsProvisioningManager: ProvisioningEngineAdapter not found for SIM redacted-pii:sim_id[chars:0]
06-03 20:24:27.761 20891 20939 E TraceManager: Duplicate trace
06-03 20:24:27.761 20891 20939 E TraceManager: tjp: Starting new trace SharedStorageProvider#call when already associated with a trace. For more help, see http://go/tiktok-tracing#fixing-duplicate-trace-issues
06-03 20:24:27.761 20891 20939 E TraceManager: 	at tmb.g(PG:6)
06-03 20:24:27.761 20891 20939 E TraceManager: 	at tmb.c(PG:2)
06-03 20:24:27.761 20891 20939 E TraceManager: 	at tmb.b(PG:2)
06-03 20:24:27.761 20891 20939 E TraceManager: 	at tls.j(PG:1)
06-03 20:24:27.761 20891 20939 E TraceManager: 	at ide.call(PG:7)
06-03 20:24:27.761 20891 20939 E TraceManager: 	at android.content.ContentProvider.call(ContentProvider.java:2165)
