06-03 20:24:36.709   969   994 D ActivityManager: handleProcessStartedLocked mDoneFinishBooting && app.pid != 0 ---> notifyProcessStart, app.processName = com.evenwell.autoregistration, app.info = ApplicationInfo{3e3f12e com.evenwell.autoregistration}, app.hostingType = service, getHostingName() = ComponentInfo{com.evenwell.autoregistration/com.evenwell.autoregistration.Caivs.CavisService}, getIntentFlag() = 0, getIsPackageRunning() = false, app = ProcessRecord{57decbc 21134:com.evenwell.autoregistration/1000}, getExtraData() = Bundle[{SERVICE_INTENT=Intent { act=com.evenwell.autoregistration.START_CAIVS_SERVICE pkg=com.evenwell.autoregistration }, CALLER_PACKAGE=com.evenwell.autoregistration}]
06-03 20:24:36.733  1722  1722 I ADB_SERVICES: service_to_fd shell,v2,TERM=xterm-256color,raw:cat /proc/meminfo
06-03 20:24:36.867 21134 21134 E utoregistratio: Not starting debugger since process cannot load the jdwp agent.
06-03 20:24:36.892  7825  7825 W GeckoSession: No history entries found.
06-03 20:24:36.963   969  2934 V ActivityManager: Death received in com.android.server.am.ActivityManagerService$AppDeathRecipient@5315919 for thread android.os.BinderProxy@17ebdde, mPid:20596,mApp:ProcessRecord{6cac060 20596:com.evenwell.batteryprotect/1000}
06-03 20:24:36.971   969  1842 I StatusBarManagerService: binder died for pkg=com.evenwell.batteryprotect
06-03 20:24:36.977   579   579 I Zygote  : Process 20596 exited due to signal 9 (Killed)
06-03 20:24:36.979   969  2934 I ActivityManager: Process com.evenwell.batteryprotect (pid 20596) has died: cch+25 SVC 
06-03 20:24:36.982   969  2934 W ActivityManager: Scheduling restart of crashed service com.evenwell.batteryprotect/.DetectBatteryService in 59632ms
06-03 20:24:36.985   969   995 I libprocessgroup: Successfully killed process cgroup uid 1000 pid 20596 in 3ms
06-03 20:24:37.044   969  1845 V ActivityManager: New death recipient com.android.server.am.ActivityManagerService$AppDeathRecipient@a274445 for thread android.os.BinderProxy@be3479a, pid:21134,mApp:null
06-03 20:24:37.049 21071 21071 I FenixApplication: onTrimMemory(), level=15, main=false
06-03 20:24:37.054   335   370 I BufferQueueProducer: [org.mozilla.firefox/org.mozilla.firefox.App#0](this:0xa6e20000,id:170,api:1,p:7825,c:335) queueBuffer: fps=8.48 dur=1061.30 max=375.29 min=11.97
06-03 20:24:37.063  7825  7825 I MemoryController: onTrimMemory(15)
06-03 20:24:37.064  7825  7825 I FenixApplication: onTrimMemory(), level=15, main=true
06-03 20:24:37.090 21071 21071 I MemoryController: onTrimMemory(15)
06-03 20:24:37.093  1359  1359 I AppBase : AppBase.onTrimMemory():743 onTrimMemory(): 15
06-03 20:24:37.149   579   579 I Zygote  : Process 20821 exited due to signal 9 (Killed)
06-03 20:24:37.150   969  1845 V ActivityManager: Death received in com.android.server.am.ActivityManagerService$AppDeathRecipient@798a1b5 for thread android.os.BinderProxy@440304a, mPid:20821,mApp:ProcessRecord{9ed99ec 20821:com.evenwell.AprUploadService/u0a109}
06-03 20:24:37.150   969  1845 I ActivityManager: Process com.evenwell.AprUploadService (pid 20821) has died: cch+25 CEM 
06-03 20:24:37.153   969   995 I libprocessgroup: Successfully killed process cgroup uid 10109 pid 20821 in 0ms
06-03 20:24:37.172  1359  1359 I GoogleInputMethodService: GoogleInputMethodService.onTrimMemory():4306 onTrimMemory(): 15
06-03 20:24:37.303  1722 21141 I ADB_SERVICES: post waitpid (pid=21140) status=0000
06-03 20:24:37.303  1722  1722 I ADB_SERVICES: for fd 23, revents = 2011
06-03 20:24:37.304  1722  1722 I ADB_SERVICES: for fd 23, revents = 2011
06-03 20:24:37.312  1722  1722 I ADB_SERVICES: service_to_fd shell,v2,TERM=xterm-256color,raw:ps -A
06-03 20:24:37.428 21134 21134 D [CAIVS]AutoRegApplication: m_objContext:com.evenwell.autoregistration.Caivs.AutoRegApplication@886a529
06-03 20:24:37.447 21134 21134 D [CAIVS] CavisService: setupCavisBroadcastReceiver: Leave
06-03 20:24:37.447 21134 21134 D [CAIVS] CavisService: CavisService onCreate: 
06-03 20:24:37.471 21134 21158 W ContextImpl: Calling a method in the system process without a qualified user: android.app.ContextImpl.sendBroadcast:1046 android.content.ContextWrapper.sendBroadcast:448 com.evenwell.autoregistration.common.IntentUtil.sendBroadcast:55 com.evenwell.autoregistration.Caivs.CavisService.startToWork:98 com.evenwell.autoregistration.Caivs.CavisService$ServiceHandler.handleMessage:61 
06-03 20:24:37.492   625   625 I thermal_repeater: [recvMdThermalInfo] ret=30, strLen=127,  2, 32767, -127, -1, 32767, 18
06-03 20:24:37.511 21134 21134 E [CAIVS] FileHelper: getBBSYSPath: createNewFile failed ,path:/BBSYS/
06-03 20:24:37.513 21134 21134 D [CAIVS] FileHelper: getBBSYSPath: /vendor/BBSYS/
06-03 20:24:37.514 21134 21134 D [CAIVS] IncrementalDataBackupRestoreHelper: loadFromDisk: backup file not exists
06-03 20:24:37.541 21134 21134 D [CAIVS] IncrementalDataBackupRestoreHelper: loadSharedPreferencesFromFile...
06-03 20:24:37.541 21134 21134 E [CAIVS] SharedPreferencesHelper: copyToSeparateSP fail -> source no key: IS_SEND_IMMEDIATELY
06-03 20:24:37.541 21134 21134 E [CAIVS] SharedPreferencesHelper: copyToSeparateSP fail -> source no key: IS_SEND_IMMEDIATELY_24
06-03 20:24:37.541 21134 21134 E [CAIVS] SharedPreferencesHelper: copyToSeparateSP fail -> source no key: Sent_History
06-03 20:24:37.541 21134 21134 E [CAIVS] SharedPreferencesHelper: copyToSeparateSP fail -> source no key: SIM_INFOS
06-03 20:24:37.541 21134 21134 E [CAIVS] SharedPreferencesHelper: copyToSeparateSP fail -> source no key: ElapsedTime
06-03 20:24:37.542 21134 21134 D [CAIVS] IncrementalDataBackupRestoreHelper: compareValue: 0
06-03 20:24:37.542 21134 21134 D [CAIVS] IncrementalDataBackupRestoreHelper: syncKeyValueWithBBSYS no update key: IS_SEND_IMMEDIATELY
06-03 20:24:37.542 21134 21134 D [CAIVS] IncrementalDataBackupRestoreHelper: compareValue: 0
06-03 20:24:37.542 21134 21134 D [CAIVS] IncrementalDataBackupRestoreHelper: syncKeyValueWithBBSYS no update key: IS_SEND_IMMEDIATELY_24
06-03 20:24:37.542 21134 21134 D [CAIVS] IncrementalDataBackupRestoreHelper: compareValue: 0
06-03 20:24:37.542 21134 21134 D [CAIVS] IncrementalDataBackupRestoreHelper: syncKeyValueWithBBSYS no update key: Sent_History
06-03 20:24:37.542 21134 21134 D [CAIVS] IncrementalDataBackupRestoreHelper: compareValue: 0
06-03 20:24:37.542 21134 21134 D [CAIVS] IncrementalDataBackupRestoreHelper: syncKeyValueWithBBSYS no update key: SIM_INFOS
06-03 20:24:37.542 21134 21134 D [CAIVS] IncrementalDataBackupRestoreHelper: compareValue: 1
06-03 20:24:37.543  7825  7825 W Binder:7825_6: type=1400 audit(0.0:2423): avc: denied { read } for name="u:object_r:debug_bq_dump_prop:s0" dev="tmpfs" ino=6371 scontext=u:r:untrusted_app:s0:c191,c256,c512,c768 tcontext=u:object_r:debug_bq_dump_prop:s0 tclass=file permissive=0
06-03 20:24:37.546  7825 10638 I BufferQueue: [unnamed-7825-10](this:0x691d5000,id:10,api:0,p:-1,c:-1) BufferQueue core=(7825:org.mozilla.firefox)
06-03 20:24:37.547  7825 10638 E libc    : Access denied finding property "vendor.debug.bq.dump"
06-03 20:24:37.548  7825 10638 I BufferQueueConsumer: [unnamed-7825-10](this:0x691d5000,id:10,api:0,p:-1,c:7825) connect(C): consumer=(7825:org.mozilla.firefox) controlledByApp=true
06-03 20:24:37.548  7825 10638 E libc    : Access denied finding property "vendor.debug.bq.dump"
06-03 20:24:37.543  7825  7825 W Binder:7825_6: type=1400 audit(0.0:2424): avc: denied { read } for name="u:object_r:debug_bq_dump_prop:s0" dev="tmpfs" ino=6371 scontext=u:r:untrusted_app:s0:c191,c256,c512,c768 tcontext=u:object_r:debug_bq_dump_prop:s0 tclass=file permissive=0
06-03 20:24:37.548  7825 10638 I BufferQueueConsumer: [unnamed-7825-10](this:0x691d5000,id:10,api:0,p:-1,c:7825) setConsumerName: unnamed-7825-10
06-03 20:24:37.547  7825  7825 W Binder:7825_6: type=1400 audit(0.0:2425): avc: denied { read } for name="u:object_r:debug_bq_dump_prop:s0" dev="tmpfs" ino=6371 scontext=u:r:untrusted_app:s0:c191,c256,c512,c768 tcontext=u:object_r:debug_bq_dump_prop:s0 tclass=file permissive=0
06-03 20:24:37.549  7825 10638 E libc    : Access denied finding property "vendor.debug.bq.dump"
06-03 20:24:37.549  7825 10638 I BufferQueueConsumer: [SurfaceTexture-0-7825-10](this:0x691d5000,id:10,api:0,p:-1,c:7825) setConsumerName: SurfaceTexture-0-7825-10
06-03 20:24:37.549  7825 10638 I BufferQueueConsumer: [SurfaceTexture-0-7825-10](this:0x691d5000,id:10,api:0,p:-1,c:7825) setDefaultBufferSize: width=854 height=480
06-03 20:24:37.550  7825 10638 E         : [onConstructor]: an error ged handle
06-03 20:24:37.551 21134 21134 D [CAIVS] IncrementalDataBackupRestoreHelper: syncKeyValueWithBBSYS update key: ElapsedTime->SP
06-03 20:24:37.552 21134 21134 E [CAIVS] GetInfo:  System fver = null
06-03 20:24:37.559 21134 21134 E [CAIVS] FileHelper: getBBSYSPath: createNewFile failed ,path:/BBSYS/
06-03 20:24:37.559 21134 21134 D [CAIVS] FileHelper: getBBSYSPath: /vendor/BBSYS/
06-03 20:24:37.560 21134 21134 D [CAIVS] IncrementalDataBackupRestoreHelper: loadFromDisk: backup file not exists
06-03 20:24:37.564 21134 21134 D [CAIVS] IncrementalDataBackupRestoreHelper: loadSharedPreferencesFromFile...
06-03 20:24:37.564 21134 21134 E [CAIVS] SharedPreferencesHelper: copyToSeparateSP fail -> source no key: IS_SEND_IMMEDIATELY
06-03 20:24:37.564 21134 21134 E [CAIVS] SharedPreferencesHelper: copyToSeparateSP fail -> source no key: IS_SEND_IMMEDIATELY_24
06-03 20:24:37.564 21134 21134 E [CAIVS] SharedPreferencesHelper: copyToSeparateSP fail -> source no key: Sent_History
06-03 20:24:37.564 21134 21134 E [CAIVS] SharedPreferencesHelper: copyToSeparateSP fail -> source no key: SIM_INFOS
06-03 20:24:37.565 21134 21134 E [CAIVS] SharedPreferencesHelper: copyToSeparateSP fail -> source no key: ElapsedTime
06-03 20:24:37.565 21134 21134 D [CAIVS] IncrementalDataBackupRestoreHelper: compareValue: 0
06-03 20:24:37.565 21134 21134 D [CAIVS] IncrementalDataBackupRestoreHelper: syncKeyValueWithBBSYS no update key: IS_SEND_IMMEDIATELY
06-03 20:24:37.565 21134 21134 D [CAIVS] IncrementalDataBackupRestoreHelper: compareValue: 0
06-03 20:24:37.565 21134 21134 D [CAIVS] IncrementalDataBackupRestoreHelper: syncKeyValueWithBBSYS no update key: IS_SEND_IMMEDIATELY_24
06-03 20:24:37.565 21134 21134 D [CAIVS] IncrementalDataBackupRestoreHelper: compareValue: 0
06-03 20:24:37.565 21134 21134 D [CAIVS] IncrementalDataBackupRestoreHelper: syncKeyValueWithBBSYS no update key: Sent_History
06-03 20:24:37.566 21134 21134 D [CAIVS] IncrementalDataBackupRestoreHelper: compareValue: 0
06-03 20:24:37.566 21134 21134 D [CAIVS] IncrementalDataBackupRestoreHelper: syncKeyValueWithBBSYS no update key: SIM_INFOS
06-03 20:24:37.566 21134 21134 D [CAIVS] IncrementalDataBackupRestoreHelper: compareValue: 0
06-03 20:24:37.566 21134 21134 D [CAIVS] IncrementalDataBackupRestoreHelper: syncKeyValueWithBBSYS no update key: ElapsedTime
06-03 20:24:37.579 21134 21134 D [CAIVS] SharedPreferencesHelper: addRestartCount: 388
06-03 20:24:37.572 21071 21132 I BufferQueue: [unnamed-21071-0](this:0x9ca46000,id:0,api:0,p:-1,c:-1) BufferQueue core=(21071:org.mozilla.firefox:tab28)
06-03 20:24:37.603 21134 21134 I [CAIVS] PhoneStateService: Service onStartCommand START_STICKY
06-03 20:24:37.606 21134 21158 I [CAIVS] CAIVSReceiver:  action = android.net.conn.CONNECTIVITY_CHANGE
06-03 20:24:37.609   335   370 I BufferQueueProducer: [SurfaceView - org.mozilla.firefox/org.mozilla.firefox.App#0](this:0xa6db6000,id:176,api:1,p:7825,c:335) queueBuffer: fps=5.03 dur=1590.94 max=663.97 min=14.96
06-03 20:24:37.612   319   354 I hwcomposer: [HWCDisplay] [Display_0 (type:1)] fps:11.388865,dur:1141.47,max:317.48,min:16.35  
06-03 20:24:37.613 21071 21071 W Thread-3: type=1400 audit(0.0:2426): avc: denied { read } for name="u:object_r:debug_bq_dump_prop:s0" dev="tmpfs" ino=6371 scontext=u:r:untrusted_app:s0:c191,c256,c512,c768 tcontext=u:object_r:debug_bq_dump_prop:s0 tclass=file permissive=0
06-03 20:24:37.618 21134 21166 I utoregistratio: Waiting for a blocking GC ClassLinker
06-03 20:24:37.620 21071 21132 E libc    : Access denied finding property "vendor.debug.bq.dump"
06-03 20:24:37.620 21071 21132 I BufferQueueConsumer: [unnamed-21071-0](this:0x9ca46000,id:0,api:0,p:-1,c:21071) connect(C): consumer=(21071:org.mozilla.firefox:tab28) controlledByApp=true
06-03 20:24:37.617 21071 21071 W Thread-3: type=1400 audit(0.0:2427): avc: denied { read } for name="u:object_r:debug_bq_dump_prop:s0" dev="tmpfs" ino=6371 scontext=u:r:untrusted_app:s0:c191,c256,c512,c768 tcontext=u:object_r:debug_bq_dump_prop:s0 tclass=file permissive=0
06-03 20:24:37.621 21071 21132 E libc    : Access denied finding property "vendor.debug.bq.dump"
06-03 20:24:37.621 21071 21132 I BufferQueueConsumer: [unnamed-21071-0](this:0x9ca46000,id:0,api:0,p:-1,c:21071) setConsumerName: unnamed-21071-0
06-03 20:24:37.621 21071 21132 E libc    : Access denied finding property "vendor.debug.bq.dump"
06-03 20:24:37.621 21071 21132 I BufferQueueConsumer: [SurfaceTexture-0-21071-0](this:0x9ca46000,id:0,api:0,p:-1,c:21071) setConsumerName: SurfaceTexture-0-21071-0
06-03 20:24:37.617 21071 21071 W Thread-3: type=1400 audit(0.0:2428): avc: denied { read } for name="u:object_r:debug_bq_dump_prop:s0" dev="tmpfs" ino=6371 scontext=u:r:untrusted_app:s0:c191,c256,c512,c768 tcontext=u:object_r:debug_bq_dump_prop:s0 tclass=file permissive=0
06-03 20:24:37.622 21134 21134 D [CAIVS] PhoneStateService: Service state:0:2
06-03 20:24:37.633 21071 21132 I SurfaceFactory: [static] sSurfaceFactory = com.mediatek.view.impl.SurfaceFactoryImpl@2e87786
06-03 20:24:37.638 21071 21132 E         : [onConstructor]: an error ged handle
06-03 20:24:37.646 21071 21132 E         : [onConstructor]: an error ged handle
06-03 20:24:37.649 21134 21166 I utoregistratio: WaitForGcToComplete blocked ClassLinker on AddRemoveAppImageSpace for 27.973ms
06-03 20:24:37.654  1722 21157 I ADB_SERVICES: post waitpid (pid=21156) status=0000
06-03 20:24:37.656  1722  1722 I ADB_SERVICES: for fd 23, revents = 2011
06-03 20:24:37.657  1722  1722 I ADB_SERVICES: for fd 23, revents = 2011
06-03 20:24:37.659 21071 21132 I BufferQueue: [unnamed-21071-1](this:0x91ec3000,id:1,api:0,p:-1,c:-1) BufferQueue core=(21071:org.mozilla.firefox:tab28)
06-03 20:24:37.660 21071 21132 E libc    : Access denied finding property "vendor.debug.bq.dump"
06-03 20:24:37.657 21071 21071 W Thread-3: type=1400 audit(0.0:2429): avc: denied { read } for name="u:object_r:debug_bq_dump_prop:s0" dev="tmpfs" ino=6371 scontext=u:r:untrusted_app:s0:c191,c256,c512,c768 tcontext=u:object_r:debug_bq_dump_prop:s0 tclass=file permissive=0
06-03 20:24:37.661 21071 21132 I BufferQueueConsumer: [unnamed-21071-1](this:0x91ec3000,id:1,api:0,p:-1,c:21071) connect(C): consumer=(21071:org.mozilla.firefox:tab28) controlledByApp=false
06-03 20:24:37.657 21071 21071 W Thread-3: type=1400 audit(0.0:2430): avc: denied { read } for name="u:object_r:debug_bq_dump_prop:s0" dev="tmpfs" ino=6371 scontext=u:r:untrusted_app:s0:c191,c256,c512,c768 tcontext=u:object_r:debug_bq_dump_prop:s0 tclass=file permissive=0
06-03 20:24:37.662 21071 21132 E libc    : Access denied finding property "vendor.debug.bq.dump"
06-03 20:24:37.662 21071 21132 I BufferQueueConsumer: [unnamed-21071-1](this:0x91ec3000,id:1,api:0,p:-1,c:21071) setConsumerName: unnamed-21071-1
06-03 20:24:37.660 21071 21071 W Thread-3: type=1400 audit(0.0:2431): avc: denied { read } for name="u:object_r:debug_bq_dump_prop:s0" dev="tmpfs" ino=6371 scontext=u:r:untrusted_app:s0:c191,c256,c512,c768 tcontext=u:object_r:debug_bq_dump_prop:s0 tclass=file permissive=0
06-03 20:24:37.663 21071 21132 E libc    : Access denied finding property "vendor.debug.bq.dump"
06-03 20:24:37.663 21071 21132 I BufferQueueConsumer: [SurfaceTexture-0-21071-1](this:0x91ec3000,id:1,api:0,p:-1,c:21071) setConsumerName: SurfaceTexture-0-21071-1
06-03 20:24:37.664 21071 21132 I BufferQueueConsumer: [SurfaceTexture-0-21071-1](this:0x91ec3000,id:1,api:0,p:-1,c:21071) setDefaultBufferSize: width=854 height=480
06-03 20:24:37.665 21071 21132 E         : [onConstructor]: an error ged handle
06-03 20:24:37.671  7825 10638 I BufferQueue: [unnamed-7825-11](this:0x6955a000,id:11,api:0,p:-1,c:-1) BufferQueue core=(7825:org.mozilla.firefox)
06-03 20:24:37.671  7825 10638 E libc    : Access denied finding property "vendor.debug.bq.dump"
06-03 20:24:37.673  7825 10638 I BufferQueueConsumer: [unnamed-7825-11](this:0x6955a000,id:11,api:0,p:-1,c:7825) connect(C): consumer=(7825:org.mozilla.firefox) controlledByApp=true
06-03 20:24:37.674  7825 10638 E libc    : Access denied finding property "vendor.debug.bq.dump"
06-03 20:24:37.674  7825 10638 I BufferQueueConsumer: [unnamed-7825-11](this:0x6955a000,id:11,api:0,p:-1,c:7825) setConsumerName: unnamed-7825-11
06-03 20:24:37.674  7825 10638 E libc    : Access denied finding property "vendor.debug.bq.dump"
06-03 20:24:37.674  7825 10638 I BufferQueueConsumer: [SurfaceTexture-0-7825-11](this:0x6955a000,id:11,api:0,p:-1,c:7825) setConsumerName: SurfaceTexture-0-7825-11
06-03 20:24:37.675  7825 10638 E         : [onConstructor]: an error ged handle
06-03 20:24:37.678  7825 10638 E         : [onConstructor]: an error ged handle
06-03 20:24:37.683  7825 10638 D Surface : Surface::connect(this=0x6800a000,api=1)
06-03 20:24:37.684 21071 21132 I BufferQueueProducer: [SurfaceTexture-0-21071-1](this:0x91ec3000,id:1,api:1,p:7825,c:21071) connect(P): api=1 producer=(7825:???) producerControlledByApp=true
06-03 20:24:37.688  7825 10638 D mali_winsys: EGLint new_window_surface(egl_winsys_display *, void *, EGLSurface, EGLConfig, egl_winsys_surface **, EGLBoolean) returns 0x3000
06-03 20:24:37.708 21134 21158 D [CAIVS] FileHelper: checkBBSYSPathIsExists: isSupportTreble: true
06-03 20:24:37.712 21134 21158 E [CAIVS] FileHelper: getBBSYSPath: createNewFile failed ,path:/BBSYS/
06-03 20:24:37.712 21134 21158 D [CAIVS] FileHelper: getBBSYSPath: /vendor/BBSYS/
06-03 20:24:37.712 21134 21158 D [CAIVS] FileHelper: getFilePath: /vendor/BBSYS/CaivsComplete.txt
06-03 20:24:37.712   969  1844 D ActivityManager: Package [org.mozilla.firefox] have process
06-03 20:24:37.712 21134 21158 D [CAIVS] FileHelper: getFilePath: /vendor/BBSYS/CaivsAuto.txt
06-03 20:24:37.713   969  1844 D AppOps  : checkOperation: uid reject #1 for code 87 uid 10191 package org.mozilla.firefox
06-03 20:24:37.712 21134 21158 D [CAIVS] FileHelper: getFilePath: /vendor/BBSYS/CaivsAuto.txt
06-03 20:24:37.713 21134 21158 D [CAIVS] FileHelper: getFilePath: /vendor/BBSYS/CaivsInfo.txt
06-03 20:24:37.713 21134 21158 D [CAIVS] FileHelper: getFilePath: /vendor/BBSYS/CaivsComplete.txt
06-03 20:24:37.714 21134 21158 D [CAIVS] FileHelper: getFilePath: /vendor/BBSYS/test.txt
06-03 20:24:37.714 21134 21158 D [CAIVS] FileHelper: Now BBSYS paht: /vendor/BBSYS/test.txt
06-03 20:24:37.715 21134 21158 I [CAIVS] XMLHelper: mXmlResId is existed.
06-03 20:24:37.717 21134 21158 D CAIVS   : [CAIVS] isFh : true
06-03 20:24:37.719 21134 21158 I System.out: 0
06-03 20:24:37.720 21134 21150 W System  : A resource failed to call close. 
06-03 20:24:37.720 21134 21158 D [CAIVS] ConfigManager:  is local = CAIVS
06-03 20:24:37.721 21134 21158 I [CAIVS] ConfigManager:  CAIVS_START_TIME = NULL, set default
06-03 20:24:37.722 21134 21158 I System.out: 0
06-03 20:24:37.724 21134 21158 I System.out: 0
06-03 20:24:37.727 21134 21158 D [CAIVS] XMLHelper: getMCCList: from:/system/etc/BrandConfig.xml
06-03 20:24:37.727 21134 21158 D [CAIVS] XMLHelper: BList: 232,206,284,219,280,230,238,248,244,208,262,202,216,274,510,272,222,247,295,228,246,270,278,204,242,260,268,226,231,293,655,214,240,228,234,235,520
06-03 20:24:37.729 21134 21158 D [CAIVS] ConfigManager: [CAIVS] url:https://caivssp-no-ww.hmdglobal.net
06-03 20:24:37.729 21134 21158 I [CAIVS] FileHelper: readNetInfoComplete
06-03 20:24:37.736 21134 21158 I [CAIVS] FileHelper: Read /vendor/BBSYS/CaivsComplete.txt value is: 0
06-03 20:24:37.739 21134 21166 D [CAIVS] PhoneStateService: ==========HANDLER_PHONE_SATE_CHANGE===========Service state:0:2
06-03 20:24:37.741   579   579 D Zygote  : Forked child process 21169
06-03 20:24:37.748 21134 21167 W ContextImpl: Calling a method in the system process without a qualified user: android.app.ContextImpl.sendBroadcast:1046 android.content.ContextWrapper.sendBroadcast:448 com.evenwell.autoregistration.Caivs.PhoneStateService$ConnectionStateMonitor.onAvailable:418 android.net.ConnectivityManager$NetworkCallback.onAvailable:3283 android.net.ConnectivityManager$CallbackHandler.handleMessage:3501 
06-03 20:24:37.756   969   994 I ActivityManager: Start proc 21169:org.mozilla.firefox:media/u0a191 for service {org.mozilla.firefox/org.mozilla.gecko.media.MediaManager}
06-03 20:24:37.757 21134 21167 D [CAIVS] PhoneStateService: Network Changed sent CaivsConnectivityChanged.
06-03 20:24:37.758   969   994 D ActivityManager: handleProcessStartedLocked mDoneFinishBooting && app.pid != 0 ---> notifyProcessStart, app.processName = org.mozilla.firefox:media, app.info = ApplicationInfo{fb9ce0a org.mozilla.firefox}, app.hostingType = service, getHostingName() = ComponentInfo{org.mozilla.firefox/org.mozilla.gecko.media.MediaManager}, getIntentFlag() = 0, getIsPackageRunning() = true, app = ProcessRecord{9bcc5f9 21169:org.mozilla.firefox:media/u0a191}, getExtraData() = Bundle[{SERVICE_INTENT=Intent { cmp=org.mozilla.firefox/org.mozilla.gecko.media.MediaManager }, CALLER_PACKAGE=org.mozilla.firefox}]
06-03 20:24:37.780 21169 21169 E a.firefox:medi: Not starting debugger since process cannot load the jdwp agent.
06-03 20:24:37.813   969  1844 V ActivityManager: New death recipient com.android.server.am.ActivityManagerService$AppDeathRecipient@148593e for thread android.os.BinderProxy@af3139f, pid:21169,mApp:null
06-03 20:24:37.851 21134 21158 D [CAIVS] FileHelper: getBbsysInfo: 1546898450520,5,0 -> 2019-01-08 03:00:50
06-03 20:24:37.874 21134 21158 D [CAIVS] SharedPreferencesHelper: setElapsedTime:7689600000
06-03 20:24:37.874 21134 21158 W [CAIVS] ScheduleManager: calibrateElapsedTIme: reach max phase update elapsed time : 89
06-03 20:24:37.887 21134 21134 D [CAIVS] IncrementalDataBackupRestoreHelper: compareValue: 1
06-03 20:24:37.887 21134 21134 D [CAIVS] IncrementalDataBackupRestoreHelper: storeSharedPreferenceToBBS: no update ElapsedTime
06-03 20:24:38.257   969  1073 E WifiVendorHal: getWifiLinkLayerStats_1_3_Internal(l.927) failed {.code = ERROR_NOT_SUPPORTED, .description = }
06-03 20:24:38.296   579   579 I Zygote  : Process 20785 exited due to signal 9 (Killed)
06-03 20:24:38.297   969  1845 V ActivityManager: Death received in com.android.server.am.ActivityManagerService$AppDeathRecipient@3571f1d for thread android.os.BinderProxy@5014592, mPid:20785,mApp:ProcessRecord{95b8bf4 20785:com.evenwell.nps/1000}
06-03 20:24:38.299   969  1845 I ActivityManager: Process com.evenwell.nps (pid 20785) has died: cch+25 SVC 
06-03 20:24:38.302   969  1845 W ActivityManager: Scheduling restart of crashed service com.evenwell.nps/.Service.BackgroundService in 20000ms
06-03 20:24:38.312 21169 21169 I FenixApplication: onTrimMemory(), level=5, main=false
06-03 20:24:38.313 21071 21071 I FenixApplication: onTrimMemory(), level=15, main=false
06-03 20:24:38.313 21071 21071 I MemoryController: onTrimMemory(15)
06-03 20:24:38.321  7825  7825 I MemoryController: onTrimMemory(15)
06-03 20:24:38.321  7825  7825 I FenixApplication: onTrimMemory(), level=15, main=true
06-03 20:24:38.337  1359  1359 I AppBase : AppBase.onTrimMemory():743 onTrimMemory(): 15
06-03 20:24:38.338  1359  1359 I GoogleInputMethodService: GoogleInputMethodService.onTrimMemory():4306 onTrimMemory(): 15
06-03 20:24:38.353 21169 21169 I FenixApplication: onTrimMemory(), level=15, main=false
06-03 20:24:38.360   322   878 E VT HIDL : [IVT] [VT THREAD] [VT_Bind] des = volte_imsvt1 Fail to connect . retry count: 414
06-03 20:24:38.361   322   878 D VT HIDL : [IVT] isIMCBrun : False
06-03 20:24:38.369   969   995 I libprocessgroup: Successfully killed process cgroup uid 1000 pid 20785 in 42ms
06-03 20:24:38.371 21169 21187 I BufferQueue: [unnamed-21169-0](this:0x9ca3c000,id:0,api:0,p:-1,c:-1) BufferQueue core=(21169:org.mozilla.firefox:media)
06-03 20:24:38.381 21169 21187 E libc    : Access denied finding property "vendor.debug.bq.dump"
06-03 20:24:38.382 21169 21187 I BufferQueueConsumer: [unnamed-21169-0](this:0x9ca3c000,id:0,api:0,p:-1,c:21169) connect(C): consumer=(21169:org.mozilla.firefox:media) controlledByApp=true
06-03 20:24:38.392 21169 21187 E libc    : Access denied finding property "vendor.debug.bq.dump"
06-03 20:24:38.392 21169 21187 I BufferQueueConsumer: [unnamed-21169-0](this:0x9ca3c000,id:0,api:0,p:-1,c:21169) setConsumerName: unnamed-21169-0
06-03 20:24:38.393 21169 21187 E libc    : Access denied finding property "vendor.debug.bq.dump"
06-03 20:24:38.393 21169 21187 I BufferQueueConsumer: [SurfaceTexture-0-21169-0](this:0x9ca3c000,id:0,api:0,p:-1,c:21169) setConsumerName: SurfaceTexture-0-21169-0
06-03 20:24:38.394 21169 21187 I SurfaceFactory: [static] sSurfaceFactory = com.mediatek.view.impl.SurfaceFactoryImpl@3b6ae5
06-03 20:24:38.396 21169 21187 E         : [onConstructor]: an error ged handle
06-03 20:24:38.400 21169 21187 E         : [onConstructor]: an error ged handle
06-03 20:24:38.418  7825  7842 I mozilla.firefo: Background young concurrent copying GC freed 210219(7610KB) AllocSpace objects, 4(144KB) LOS objects, 51% free, 7841KB/15MB, paused 599us total 182.423ms
06-03 20:24:38.428  7825  7844 I BufferQueue: [SurfaceTexture-0-7825-11](this:0x6955a000,id:11,api:0,p:-1,c:-1) ~BufferQueueCore
06-03 20:24:38.436 21134 21158 I [CAIVS] CAIVSReceiver:  action = android.intent.action.SIM_STATE_CHANGED
06-03 20:24:38.437 21134 21158 D [CAIVS] CAIVSReceiver: =***** SIM_STATE_CHANGED *****=
06-03 20:24:38.437 21134 21158 D [CAIVS] IntentUtil: startService: com.evenwell.autoregistration.START_PHONE_STATE_SERVICE
06-03 20:24:38.438 21134 21158 W ContextImpl: Calling a method in the system process without a qualified user: android.app.ContextImpl.startService:1571 android.content.ContextWrapper.startService:669 com.evenwell.autoregistration.common.IntentUtil.startService:65 com.evenwell.autoregistration.Caivs.CAIVSReceiver.onReceive:206 com.evenwell.autoregistration.Caivs.CavisService$ServiceHandler.handleMessage:70 
06-03 20:24:38.446 21134 21158 I [CAIVS] CAIVSReceiver:  action = com.evenwell.autoregistration.startregistercaivs
06-03 20:24:38.446 21134 21134 I [CAIVS] PhoneStateService: Service onStartCommand START_STICKY
06-03 20:24:38.447 21134 21158 I [CAIVS] CAIVSReceiver: =***** START CAIVS *****=
06-03 20:24:38.461 21134 21158 I [CAIVS] CAIVSReceiver: Caivs boot but sim not ready wait 3 min start service
06-03 20:24:38.473 21134 21158 I [CAIVS] IntentUtil: CaivsPollingFunction IntentName = com.evenwell.autoregistration.CaivsStartService Min = 3
06-03 20:24:38.489 21134 21158 I [CAIVS] IntentUtil: CaivsPollingFunction IntentName = com.evenwell.autoregistration.CaivsStartPolling Second = 10.0
06-03 20:24:38.496 21134 21158 I [CAIVS] CAIVSReceiver:  action = com.evenwell.autoregistration.CaivsConnectivityChanged
06-03 20:24:38.497 21134 21158 E [CAIVS] CAIVSReceiver:  CAIVS NOT BOOT COMPLETE
06-03 20:24:38.498 21134 21158 I [CAIVS] CAIVSReceiver:  currentTime = 1654269878497,connectivityChangedTime = 1654260676497
06-03 20:24:38.498 21134 21158 I [CAIVS] CAIVSReceiver: =***** CaivsConnectivityChanged *****=
06-03 20:24:38.498 21134 21158 D [CAIVS] CAIVSReceiver: CaivsConnectivityChanged: CONNECTIVITY_CHANGED_INTERVAL:180 min
06-03 20:24:38.499 21134 21158 E [CAIVS] CAIVSReceiver: CAIVS CONNECTIVITY IS TOO FAST RETURN:9202000
06-03 20:24:38.563 21169 21187 W VideoCapabilities: Unrecognized profile/level 1/32 for video/mp4v-es
06-03 20:24:38.563 21169 21187 W VideoCapabilities: Unrecognized profile/level 32768/2 for video/mp4v-es
06-03 20:24:38.563 21169 21187 W VideoCapabilities: Unrecognized profile/level 32768/64 for video/mp4v-es
06-03 20:24:38.567 21169 21187 W VideoCapabilities: Unsupported mime video/flv1
06-03 20:24:38.579 21169 21187 W VideoCapabilities: Unsupported mime video/xvid
06-03 20:24:38.591 21169 21187 W VideoCapabilities: Unrecognized profile/level 1/32 for video/mp4v-es
06-03 20:24:38.648 21169 21187 W MediaCodec: writeStatsLog:org.mozilla.firefox
06-03 20:24:38.664  1722  1722 I ADB_SERVICES: service_to_fd shell,v2,TERM=xterm-256color,raw:cat /proc/meminfo
06-03 20:24:38.677 21169 21192 I OMXClient: IOmx service obtained
06-03 20:24:38.683   617 20746 I OMXMaster: makeComponentInstance(OMX.MTK.VIDEO.DECODER.AVC) in android.hardwar process
06-03 20:24:38.722   617 20746 D MtkOmxVdecEx: [0xb6768000] MtkOmxVdec::MtkOmxVdec this= 0xB6768000
06-03 20:24:38.726   617 20746 I VDO_LOG : [VDEC_DRV_QUERY_TYPE_CHIP_NAME] VAL_CHIP_NAME_DENALI_2
06-03 20:24:38.727   617 20746 E GED     : Failed to execute ioctl 3222824718, BridgeID(14), err(-1)
06-03 20:24:38.730   617 20746 I VDO_LOG : [ION][eVideoOpenIonDevFd] mt_ion_open val_public, i4IonDevFd = 10 
06-03 20:24:38.730   617 20746 D MtkOmxVdecEx: [0xb6768000] MtkOmxComponentCreate mCompHandle(0xB6768004)
06-03 20:24:38.731   617 20746 D MtkOmxVdecEx: [0xb6768000] MtkOmxVdec::ComponentInit (OMX.MTK.VIDEO.DECODER.AVC)
06-03 20:24:38.732   617 20746 D MtkOmxVdecEx: [0xb6768000] MtkOmxVdec::SetConfig -> disable priority adjustment
06-03 20:24:38.736   617 21197 D MtkOmxVdecEx: [0xb6768000] MtkOmxVdecDecodeThread created pVdec=0xB6768000, tid=21197
06-03 20:24:38.738   617 21196 D MtkOmxVdecEx: [0xb6768000] MtkOmxVdecThread created pVdec=0xB6768000, tid=21196
06-03 20:24:38.744   593   593 E ResourceManagerService: Rejected addResource call with invalid pid.
06-03 20:24:38.746   617 21198 D MtkOmxVdecEx: [0xb6768000] MtkOmxVdecConvertThread created pVdec=0xB6768000, tid=21198
06-03 20:24:38.749 21169 21191 I MediaCodec: MediaCodec will operate in async mode
06-03 20:24:38.768 21169 21187 E         : [onConstructor]: an error ged handle
06-03 20:24:38.770 21169 21191 D SurfaceUtils: connecting to surface 0x9ca3e808, reason connectToSurface
06-03 20:24:38.770 21169 21191 D Surface : Surface::connect(this=0x9ca3e800,api=3)
06-03 20:24:38.771  7825 10638 I BufferQueueProducer: [SurfaceTexture-0-7825-10](this:0x691d5000,id:10,api:3,p:21169,c:7825) connect(P): api=3 producer=(21169:???) producerControlledByApp=true
06-03 20:24:38.772 21169 21191 I MediaCodec: [OMX.MTK.VIDEO.DECODER.AVC] setting surface generation to 21677057
06-03 20:24:38.772 21169 21191 D SurfaceUtils: disconnecting from surface 0x9ca3e808, reason connectToSurface(reconnect)
06-03 20:24:38.772 21169 21191 D Surface : Surface::disconnect(this=0x9ca3e800,api=3)
06-03 20:24:38.773  7825 10638 I BufferQueueProducer: [SurfaceTexture-0-7825-10](this:0x691d5000,id:10,api:3,p:21169,c:7825) disconnect(P): api 3
06-03 20:24:38.773 21169 21191 D SurfaceUtils: connecting to surface 0x9ca3e808, reason connectToSurface(reconnect)
06-03 20:24:38.773 21169 21191 D Surface : Surface::connect(this=0x9ca3e800,api=3)
06-03 20:24:38.774  7825 10638 I BufferQueueProducer: [SurfaceTexture-0-7825-10](this:0x691d5000,id:10,api:3,p:21169,c:7825) connect(P): api=3 producer=(21169:???) producerControlledByApp=true
06-03 20:24:38.776   617 20746 E OMXNodeInstance: setParameter(0xb6768004:MTK.DECODER.AVC, OMX.google.android.index.allocateNativeHandle(0x7f20040e): Output:1 en=0) ERROR: BadParameter(0x80001005)
06-03 20:24:38.776   617 20746 W OMXNodeInstance: [0xb6768004:MTK.DECODER.AVC] component does not support metadata mode; using fallback
06-03 20:24:38.776 21169 21192 E ACodec  : [OMX.MTK.VIDEO.DECODER.AVC] setPortMode on output to DynamicANWBuffer failed w/ err -1010
06-03 20:24:38.777   617 20746 D MtkOmxVdecEx: [0xb6768000] @@ mEnableAdaptivePlayback(1), mMaxWidth(1920), mMaxHeight(1088), Legacy(1)
06-03 20:24:38.777   617 20746 E OMXNodeInstance: setParameter(0xb6768004:MTK.DECODER.AVC, OMX.google.android.index.allocateNativeHandle(0x7f20040e): Output:1 en=0) ERROR: BadParameter(0x80001005)
06-03 20:24:38.777   617 20746 W OMXNodeInstance: [0xb6768004:MTK.DECODER.AVC] component does not support metadata mode; using fallback
06-03 20:24:38.779   617 20746 D MtkOmxVdecEx: [0xb6768000] [INPUT] (176)(144)(1677721)
06-03 20:24:38.779   617 20746 D MtkOmxVdecEx: [0xb6768000] [INPUT] (854)(480)(1048576)
06-03 20:24:38.779   617 20746 D MtkOmxVdecEx: [0xb6768000] mOutputPortDef eColorFormat(7f000001), eColorFormat(7f000001), meDecodeType(0), mForceOutputBufferCount(0), mIsUsingNativeBuffers(1)
06-03 20:24:38.780   617 20746 D MtkOmxVdecEx: [0xb6768000] [OUTPUT] 32x32 Aligned! mOutputPortDef.nBufferSize(46096), nStride(192), nSliceHeight(160) nBufferCountActual(21)
06-03 20:24:38.782 21169 21192 I MtkACodec: setMTKParameters, width: 854
06-03 20:24:38.783 21169 21192 I MtkACodec: setMTKParameters, height: 480
06-03 20:24:38.783   617 20746 D MtkOmxVdecEx: [0xb6768000] [INPUT] (854)(480)(1048576)
06-03 20:24:38.783  1722 21195 I ADB_SERVICES: post waitpid (pid=21193) status=0000
06-03 20:24:38.783   617 20746 E OMXNodeInstance: getConfig(0xb6768004:MTK.DECODER.AVC, ConfigAndroidVendorExtension(0x6f100004)) ERROR: UnsupportedIndex(0x8000101a)
06-03 20:24:38.784   617 20746 D MtkOmxVdecEx: [0xb6768000] mOutputPortDef eColorFormat(7f000001), eColorFormat(7f000001), meDecodeType(0), mForceOutputBufferCount(0), mIsUsingNativeBuffers(1)
06-03 20:24:38.784  1722  1722 I ADB_SERVICES: for fd 23, revents = 2011
06-03 20:24:38.784  1722  1722 I ADB_SERVICES: for fd 23, revents = 2011
06-03 20:24:38.784   617 20746 D MtkOmxVdecEx: [0xb6768000] [OUTPUT] 32x32 Aligned! mOutputPortDef.nBufferSize(3133456), nStride(1920), nSliceHeight(1088) nBufferCountActual(23)
06-03 20:24:38.795  1722  1722 I ADB_SERVICES: service_to_fd shell,v2,TERM=xterm-256color,raw:ps -A
06-03 20:24:38.799   617 21196 D MtkOmxVdecEx: [0xb6768000] Request [OMX_StateLoaded]-> [OMX_StateIdle]
06-03 20:24:38.800   617 20746 D MtkOmxVdecEx: [0xb6768000] [INPUT] (854)(480)(1048576)
06-03 20:24:38.886   617 20746 D MtkOmxVdecEx: [0xb6768000] mOutputPortDef eColorFormat(7f000001), eColorFormat(7f000001), meDecodeType(0), mForceOutputBufferCount(0), mIsUsingNativeBuffers(1)
06-03 20:24:38.891   617 20746 D MtkOmxVdecEx: [0xb6768000] [OUTPUT] 32x32 Aligned! mOutputPortDef.nBufferSize(3133456), nStride(1920), nSliceHeight(1088) nBufferCountActual(23)
06-03 20:24:38.893   617 20746 D MtkOmxVdecEx: [0xb6768000] mOutputPortDef eColorFormat(7f000001), eColorFormat(7f000001), meDecodeType(0), mForceOutputBufferCount(0), mIsUsingNativeBuffers(1)
06-03 20:24:38.894   617 20746 D MtkOmxVdecEx: [0xb6768000] [OUTPUT] 32x32 Aligned! mOutputPortDef.nBufferSize(3133456), nStride(1920), nSliceHeight(1088) nBufferCountActual(23)
06-03 20:24:38.895 21169 21192 D SurfaceUtils: disconnecting from surface 0x9ca3e808, reason setNativeWindowSizeFormatAndUsage
06-03 20:24:38.895 21169 21192 D Surface : Surface::disconnect(this=0x9ca3e800,api=3)
06-03 20:24:38.895  7825 10638 I BufferQueueProducer: [SurfaceTexture-0-7825-10](this:0x691d5000,id:10,api:3,p:21169,c:7825) disconnect(P): api 3
06-03 20:24:38.896 21169 21192 D SurfaceUtils: connecting to surface 0x9ca3e808, reason setNativeWindowSizeFormatAndUsage
06-03 20:24:38.896 21169 21192 D Surface : Surface::connect(this=0x9ca3e800,api=3)
06-03 20:24:38.897  7825 10638 I BufferQueueProducer: [SurfaceTexture-0-7825-10](this:0x691d5000,id:10,api:3,p:21169,c:7825) connect(P): api=3 producer=(21169:???) producerControlledByApp=true
06-03 20:24:38.898 21169 21192 D SurfaceUtils: set up nativeWindow 0x9ca3e808 for 1920x1088, color 0x32315679, rotation 0, usage 0x2933
06-03 20:24:38.900   617 11758 E OMXNodeInstance: setParameter(0xb6768004:MTK.DECODER.AVC, ParamPortDefinition(0x2000001)) ERROR: BadParameter(0x80001005)
06-03 20:24:38.900 21169 21192 W ACodec  : [OMX.MTK.VIDEO.DECODER.AVC] setting nBufferCountActual to 24 failed: -22
06-03 20:24:38.902 21169 21192 D Surface : Surface::setBufferCount(this=0x9ca3e800,bufferCount=23)
06-03 20:24:38.903  7825  7846 I BufferQueueProducer: [SurfaceTexture-0-7825-10](this:0x691d5000,id:10,api:3,p:21169,c:7825) allowAllocation: true
06-03 20:24:38.904   323   433 W [Gralloc-Warning]: alloc_from_ion_heap:306 alloc_from_ion_heap: size=4181760, heap_mask=1024, flags=3, heap_type=10
06-03 20:24:38.979   335  1349 I BufferQueueProducer: [SurfaceView - org.mozilla.firefox/org.mozilla.firefox.App#0](this:0xa6db6000,id:176,api:1,p:7825,c:335) queueBuffer: fps=2.19 dur=1369.91 max=548.89 min=297.22
06-03 20:24:38.982   610   917 I netd    : trafficSwapActiveStatsMap() <40.85ms>
06-03 20:24:38.988   319   354 I hwcomposer: [HWCDisplay] [Display_0 (type:1)] fps:2.181155,dur:1375.42,max:548.52,min:296.56  
06-03 20:24:39.002   610   917 I netd    : tetherGetStats() <10.18ms>
06-03 20:24:39.015   969  3236 V ActivityManager: Death received in com.android.server.am.ActivityManagerService$AppDeathRecipient@7b66ffd for thread android.os.BinderProxy@97af4f2, mPid:20804,mApp:ProcessRecord{4141454 20804:com.evenwell.DeviceMonitorControl/1000}
06-03 20:24:39.016   579   579 I Zygote  : Process 20804 exited due to signal 9 (Killed)
06-03 20:24:39.016   969  3236 I ActivityManager: Process com.evenwell.DeviceMonitorControl (pid 20804) has died: cch+15 CEM 
06-03 20:24:39.022   969   995 I libprocessgroup: Successfully killed process cgroup uid 1000 pid 20804 in 5ms
06-03 20:24:39.040   245   245 I hwservicemanager: getTransport: Cannot find entry android.hardware.graphics.mapper@3.0::IMapper/default in either framework or device manifest.
06-03 20:24:39.040 21169 21192 W Gralloc3: mapper 3.x is not supported
06-03 20:24:39.046 21169 21192 E gralloc : Arm Module v1.0
06-03 20:24:39.056 21169 21192 E ion     : ioctl c0044901 failed with code -1: Invalid argument
06-03 20:24:39.065   323   433 W [Gralloc-Warning]: alloc_from_ion_heap:306 alloc_from_ion_heap: size=4181760, heap_mask=1024, flags=3, heap_type=10
06-03 20:24:39.084   610   917 I netd    : bandwidthSetGlobalAlert(2097152) <0.66ms>
06-03 20:24:39.093   323   433 W [Gralloc-Warning]: alloc_from_ion_heap:306 alloc_from_ion_heap: size=4181760, heap_mask=1024, flags=3, heap_type=10
06-03 20:24:39.133  1722 21202 I ADB_SERVICES: post waitpid (pid=21201) status=0000
06-03 20:24:39.134  1722  1722 I ADB_SERVICES: for fd 23, revents = 2010
06-03 20:24:39.135  1722  1722 I ADB_SERVICES: for fd 23, revents = 2011
06-03 20:24:39.225   323   433 W [Gralloc-Warning]: alloc_from_ion_heap:306 alloc_from_ion_heap: size=4181760, heap_mask=1024, flags=3, heap_type=10
06-03 20:24:39.262   323   433 W [Gralloc-Warning]: alloc_from_ion_heap:306 alloc_from_ion_heap: size=4181760, heap_mask=1024, flags=3, heap_type=10
06-03 20:24:39.464 21134 21166 D [CAIVS] PhoneStateService: ==========HANDLER_CHECK_SIM_CHANGE===========
06-03 20:24:39.483   323   433 W [Gralloc-Warning]: alloc_from_ion_heap:306 alloc_from_ion_heap: size=4181760, heap_mask=1024, flags=3, heap_type=10
06-03 20:24:39.523   323   433 W [Gralloc-Warning]: alloc_from_ion_heap:306 alloc_from_ion_heap: size=4181760, heap_mask=1024, flags=3, heap_type=10
06-03 20:24:39.536   347   535 I MAL-DATAMNGR:  (           dm_read_event,  114) [DMGR-INF] read_netlink: nlmsg_type = 28
06-03 20:24:39.561   323   433 W [Gralloc-Warning]: alloc_from_ion_heap:306 alloc_from_ion_heap: size=4181760, heap_mask=1024, flags=3, heap_type=10
06-03 20:24:39.738   323   433 I chatty  : uid=1000(system) HwBinder:323_1 identical 1 line
06-03 20:24:39.769   323   433 W [Gralloc-Warning]: alloc_from_ion_heap:306 alloc_from_ion_heap: size=4181760, heap_mask=1024, flags=3, heap_type=10
06-03 20:24:39.912   347   529 I MAL-Daemon:  (      mfi_task_bootstrap,  400) mfi_task_bootstrap(): an event EVENT_ATMNGR_URC(18) incoming from FD 23!!
06-03 20:24:39.918   347   559 I MAL-RDS :  (         rds_ru_urc_hdlr, 2287) [RDS-I][RDS][rds_ru_urc_hdlr] get URC data: +ECSQ: 31,34,1,-357,-29,1,1,2,32767
06-03 20:24:39.919   347   559 I MAL-RDS :  (          rds_ru_rpl_gen, 7843) [RDS-I][RU][rds_ru_rpl_gen][RDS] Current policy: fgimsolte_en<0>, fgwfc_en<0>, erdspolicy<3>,||Threshold i4wifirssih<-75>, i4wifirssil<-85>, i4wifirssih_ho<-78>, i4wifirssil_ho<-88>, i4wifisnrh<10>, i4wifisnrl<6>||Threshold i4ltersrph<-106>, i4ltersrpm<-111>, i4ltersrpl<-116>, i4ltersrqh<5>, i4ltersrqm<3>, i4ltersrql<1>||Threshold i4utranrscph<-104>, i4utranrscpl<-110>, i4gsmrssih<-94>, i4gsmrssil<-102>||current rds ru status: i4wifirssi<-34>, i4wifisnr<60>, i4ltersrp<-90>, i4ltersrq<40>, i4utranrscp<-90>, i4gsmrssi<-141>, u4active_ran<1>, flight_mode_activating<0>, ims_roamb<-1>, mms_roamb<-1>||current wifi backhaul : rtp_plr<0>, rtp_jitter<0>, ping_ind<0>||pcscf acc stat : volte<1>, wfc<1> || wifi acc_ctrl:<0>, || current MD stat : MD1 roam <0>, ||Call stat : IR92<0>, IR94<0>, SMS over IP<0>
06-03 20:24:40.093   323   433 W [Gralloc-Warning]: alloc_from_ion_heap:306 alloc_from_ion_heap: size=4181760, heap_mask=1024, flags=3, heap_type=10
06-03 20:24:40.150  1722  1722 I ADB_SERVICES: service_to_fd shell,v2,TERM=xterm-256color,raw:cat /proc/meminfo
06-03 20:24:40.150   323   433 W [Gralloc-Warning]: alloc_from_ion_heap:306 alloc_from_ion_heap: size=4181760, heap_mask=1024, flags=3, heap_type=10
06-03 20:24:40.249  1722 21204 I ADB_SERVICES: post waitpid (pid=21203) status=0000
06-03 20:24:40.249  1722  1722 I ADB_SERVICES: for fd 23, revents = 2011
06-03 20:24:40.250  1722  1722 I ADB_SERVICES: for fd 23, revents = 2011
06-03 20:24:40.258  1722  1722 I ADB_SERVICES: service_to_fd shell,v2,TERM=xterm-256color,raw:ps -A
06-03 20:24:40.321   335  1349 I BufferQueueProducer: [SurfaceView - org.mozilla.firefox/org.mozilla.firefox.App#0](this:0xa6db6000,id:176,api:1,p:7825,c:335) queueBuffer: fps=1.49 dur=1341.97 max=730.27 min=611.70
06-03 20:24:40.324   319   354 I hwcomposer: [HWCDisplay] [Display_0 (type:1)] fps:1.496551,dur:1336.41,max:733.16,min:603.25  
06-03 20:24:40.418   323   433 W [Gralloc-Warning]: alloc_from_ion_heap:306 alloc_from_ion_heap: size=4181760, heap_mask=1024, flags=3, heap_type=10
06-03 20:24:40.565  1722 21206 I ADB_SERVICES: post waitpid (pid=21205) status=0000
06-03 20:24:40.566  1722  1722 I ADB_SERVICES: for fd 23, revents = 2010
06-03 20:24:40.566  1722  1722 I ADB_SERVICES: for fd 23, revents = 2011
06-03 20:24:40.568   323   433 W [Gralloc-Warning]: alloc_from_ion_heap:306 alloc_from_ion_heap: size=4181760, heap_mask=1024, flags=3, heap_type=10
06-03 20:24:40.875   610   917 I netd    : trafficSwapActiveStatsMap() <15.49ms>
06-03 20:24:40.881   610   917 I netd    : tetherGetStats() <3.53ms>
06-03 20:24:40.914   610   917 I netd    : bandwidthSetGlobalAlert(2097152) <0.53ms>
06-03 20:24:41.113   323   433 W [Gralloc-Warning]: alloc_from_ion_heap:306 alloc_from_ion_heap: size=4181760, heap_mask=1024, flags=3, heap_type=10
06-03 20:24:41.169   323   433 W [Gralloc-Warning]: alloc_from_ion_heap:306 alloc_from_ion_heap: size=4181760, heap_mask=1024, flags=3, heap_type=10
06-03 20:24:41.294   969  1073 E WifiVendorHal: getWifiLinkLayerStats_1_3_Internal(l.927) failed {.code = ERROR_NOT_SUPPORTED, .description = }
06-03 20:24:41.308   323   433 W [Gralloc-Warning]: alloc_from_ion_heap:306 alloc_from_ion_heap: size=4181760, heap_mask=1024, flags=3, heap_type=10
06-03 20:24:41.345   323   433 W [Gralloc-Warning]: alloc_from_ion_heap:306 alloc_from_ion_heap: size=4181760, heap_mask=1024, flags=3, heap_type=10
06-03 20:24:41.361   322   878 E VT HIDL : [IVT] [VT THREAD] [VT_Bind] des = volte_imsvt1 Fail to connect . retry count: 415
06-03 20:24:41.362   322   878 D VT HIDL : [IVT] isIMCBrun : False
06-03 20:24:41.405   323   433 W [Gralloc-Warning]: alloc_from_ion_heap:306 alloc_from_ion_heap: size=4181760, heap_mask=1024, flags=3, heap_type=10
06-03 20:24:41.450   323   433 W [Gralloc-Warning]: alloc_from_ion_heap:306 alloc_from_ion_heap: size=4181760, heap_mask=1024, flags=3, heap_type=10
06-03 20:24:41.580  1722  1722 I ADB_SERVICES: service_to_fd shell,v2,TERM=xterm-256color,raw:cat /proc/meminfo
06-03 20:24:41.582   335   370 I BufferQueueProducer: [SurfaceView - org.mozilla.firefox/org.mozilla.firefox.App#0](this:0xa6db6000,id:176,api:1,p:7825,c:335) queueBuffer: fps=1.59 dur=1260.47 max=671.70 min=588.76
06-03 20:24:41.587   319   354 I hwcomposer: [HWCDisplay] [Display_0 (type:1)] fps:1.583470,dur:1263.05,max:666.68,min:596.37  
06-03 20:24:41.671   323   433 W [Gralloc-Warning]: alloc_from_ion_heap:306 alloc_from_ion_heap: size=4181760, heap_mask=1024, flags=3, heap_type=10
06-03 20:24:41.705  1722 21208 I ADB_SERVICES: post waitpid (pid=21207) status=0000
06-03 20:24:41.705  1722  1722 I ADB_SERVICES: for fd 23, revents = 2011
06-03 20:24:41.722  1722  1722 I ADB_SERVICES: service_to_fd shell,v2,TERM=xterm-256color,raw:ps -A
06-03 20:24:42.037   323   433 W [Gralloc-Warning]: alloc_from_ion_heap:306 alloc_from_ion_heap: size=4181760, heap_mask=1024, flags=3, heap_type=10
06-03 20:24:42.068   323   433 W [Gralloc-Warning]: alloc_from_ion_heap:306 alloc_from_ion_heap: size=4181760, heap_mask=1024, flags=3, heap_type=10
06-03 20:24:42.115   617 11758 D MtkOmxVdecEx: [0xb6768000] output port populated
06-03 20:24:42.119  7825 10638 D BufferQueueProducer: [SurfaceTexture-0-7825-10](this:0x691d5000,id:10,api:3,p:21169,c:7825) cancelBuffer: slot 19
06-03 20:24:42.119  7825  7846 D BufferQueueProducer: [SurfaceTexture-0-7825-10](this:0x691d5000,id:10,api:3,p:21169,c:7825) cancelBuffer: slot 20
06-03 20:24:42.119  7825  7846 D BufferQueueProducer: [SurfaceTexture-0-7825-10](this:0x691d5000,id:10,api:3,p:21169,c:7825) cancelBuffer: slot 21
06-03 20:24:42.120  7825 10638 D BufferQueueProducer: [SurfaceTexture-0-7825-10](this:0x691d5000,id:10,api:3,p:21169,c:7825) cancelBuffer: slot 22
06-03 20:24:42.120  7825  7846 I BufferQueueProducer: [SurfaceTexture-0-7825-10](this:0x691d5000,id:10,api:3,p:21169,c:7825) allowAllocation: false
06-03 20:24:42.130   617 21196 D MtkOmxVdecEx: [0xb6768000] Request [OMX_StateIdle]-> [OMX_StateExecuting]
06-03 20:24:42.138   593   593 E ResourceManagerService: Rejected addResource call with invalid pid.
06-03 20:24:42.147  1722 21210 I ADB_SERVICES: post waitpid (pid=21209) status=0000
06-03 20:24:42.149  1722  1722 I ADB_SERVICES: for fd 23, revents = 2011
06-03 20:24:42.151  1722  1722 I ADB_SERVICES: for fd 23, revents = 2011
06-03 20:24:42.189   617 21197 I VDO_LOG : VDEC_DRV_SET_TYPE_SET_OMX_TIDS tid1 = 21196, tid2 = 21197
06-03 20:24:42.189   617 21197 I VDO_LOG : [eValInit] pid = 0x269, driver type = 0x6
06-03 20:24:42.193   617 21197 I BWC     : Profile_Change:[BWCPT_VIDEO_PLAYBACK]:ON,current concurrency is 0x80,DDR=,EMI scenario=CON_SCE_NORMAL ON
06-03 20:24:42.194   617 21197 I VDO_LOG : [VDEC_DRV_QUERY_TYPE_CHIP_NAME] VAL_CHIP_NAME_DENALI_2
06-03 20:24:42.195   617 21197 W VDO_LOG : [Warning] profile: 100, level: 31, bDirect8x8InferenceFlag should be 1 (0) 
06-03 20:24:42.195   617 21197 I VDO_LOG : u4FrameTsInterval value is 0x411a, u4FrameTimingInfo 0xf000
06-03 20:24:42.195   617 21197 I VDO_LOG : u4MaxFixedBufWidth=1920, u4MaxFixedBufHeight=1088
06-03 20:24:42.196   617 21197 I VDO_LOG : getDpbSize, u4LevelIdc 31, u4DpbSize 11
06-03 20:24:42.212 21169 21183 I BufferQueue: [SurfaceTexture-0-21169-0](this:0x9ca3c000,id:0,api:0,p:-1,c:-1) ~BufferQueueCore
06-03 20:24:42.229   617 21197 I VDO_LOG : [eVideoMemAlloc] Allocation took 10254 us
06-03 20:24:42.230   617 21197 I VDO_LOG : [Info, h264_dec_init] u4Width 864, u4Height 480, u4PicWidth 864, u4PicHeight 480, u4BitDepthLuma 8, u4BitDepthChroma 8
06-03 20:24:42.230   617 21197 E VDO_LOG : VDEC_DRV_SET_TYPE_SET_FIXEDMAXOUTPUTBUFFER, maxwidth/maxheight(1920/1088), u4DramPicSize 2088960
06-03 20:24:42.231   617 21197 I VDO_LOG : [VDEC_DRV_QUERY_TYPE_CHIP_NAME] VAL_CHIP_NAME_DENALI_2
06-03 20:24:42.231   617 21197 D MtkOmxVdecEx: [0xb6768000] [DECODE INFO] InitHW OK iDisplayWidth(864), iDisplayHeight(480), nFrameWidth(1920), nFrameHeight(1088), nStride(1920), nSliceHeight(1088), u4Width(864), u4Height(480), u4StrideAlign(16), u4SliceHeightAlign(32), luma&chroma(8, 8)
06-03 20:24:42.231   617 21197 I VDO_LOG : [DEBUG] u4CropLeft 0 u4CropTop 0 u4CropRight 853 u4CropBottom 479
06-03 20:24:42.231   617 21197 W VDO_LOG : [Warning] profile: 100, level: 31, bDirect8x8InferenceFlag should be 1 (0) 
06-03 20:24:42.232   617 21197 I VDO_LOG : getDpbSize, u4LevelIdc 31, u4DpbSize 11
06-03 20:24:42.232   617 21197 E VDO_LOG : [Info] frame packing 8 0!!
06-03 20:24:42.232   617 11758 D MtkOmxVdecEx: [0xb6768000] mOutputPortDef eColorFormat(7f000001), eColorFormat(7f000001), meDecodeType(0), mForceOutputBufferCount(0), mIsUsingNativeBuffers(1)
06-03 20:24:42.233   617 11758 D MtkOmxVdecEx: [0xb6768000] [OUTPUT] 32x32 Aligned! mOutputPortDef.nBufferSize(3133456), nStride(1920), nSliceHeight(1088) nBufferCountActual(23)
06-03 20:24:42.239   617 21197 E M4U_L   :  ioctl MTK_M4U_T_CONFIG_PORT fail! 22, Invalid argument 
06-03 20:24:42.239   617 21197 E VDO_LOG : [M4U][ERROR] m4u_config_port_array fail!! status = -1
06-03 20:24:42.317   617 21197 E M4U_L   :  ioctl MTK_M4U_T_CONFIG_PORT fail! 22, Invalid argument 
06-03 20:24:42.317   617 21197 E VDO_LOG : [M4U][ERROR] m4u_config_port_array fail!! status = -1
06-03 20:24:42.322   617 21197 E M4U_L   :  ioctl MTK_M4U_T_CONFIG_PORT fail! 22, Invalid argument 
06-03 20:24:42.322   617 21197 E VDO_LOG : [M4U][ERROR] m4u_config_port_array fail!! status = -1
06-03 20:24:42.326   617 21197 E M4U_L   :  ioctl MTK_M4U_T_CONFIG_PORT fail! 22, Invalid argument 
06-03 20:24:42.326   617 21197 E VDO_LOG : [M4U][ERROR] m4u_config_port_array fail!! status = -1
06-03 20:24:42.330   617 21197 E M4U_L   :  ioctl MTK_M4U_T_CONFIG_PORT fail! 22, Invalid argument 
06-03 20:24:42.330   617 21197 E VDO_LOG : [M4U][ERROR] m4u_config_port_array fail!! status = -1
06-03 20:24:42.332   969  1842 V ActivityManager: Death received in com.android.server.am.ActivityManagerService$AppDeathRecipient@53f61c6 for thread android.os.BinderProxy@eb2587, mPid:20863,mApp:ProcessRecord{94ffba1 20863:com.google.process.gservices/u0a158}
